Archive member included to satisfy reference by file (symbol)

c:/program files (x86)/atmel/studio/7.0/toolchain/arm/arm-gnu-toolchain/bin/../lib/gcc/arm-none-eabi/6.3.1/thumb/v7e-m\libgcc.a(_arm_addsubdf3.o)
                              hpl/sercom/hpl_sercom.o (__aeabi_dsub)
c:/program files (x86)/atmel/studio/7.0/toolchain/arm/arm-gnu-toolchain/bin/../lib/gcc/arm-none-eabi/6.3.1/thumb/v7e-m\libgcc.a(_arm_muldivdf3.o)
                              hpl/sercom/hpl_sercom.o (__aeabi_dmul)
c:/program files (x86)/atmel/studio/7.0/toolchain/arm/arm-gnu-toolchain/bin/../lib/gcc/arm-none-eabi/6.3.1/thumb/v7e-m\libgcc.a(_arm_cmpdf2.o)
                              set_duty.o (__aeabi_dcmple)
c:/program files (x86)/atmel/studio/7.0/toolchain/arm/arm-gnu-toolchain/bin/../lib/gcc/arm-none-eabi/6.3.1/thumb/v7e-m\libgcc.a(_arm_fixunsdfsi.o)
                              hpl/sercom/hpl_sercom.o (__aeabi_d2uiz)
c:/program files (x86)/atmel/studio/7.0/toolchain/arm/arm-gnu-toolchain/bin/../lib/gcc/arm-none-eabi/6.3.1/thumb/v7e-m\libgcc.a(_aeabi_uldivmod.o)
                              hpl/sercom/hpl_sercom.o (__aeabi_uldivmod)
c:/program files (x86)/atmel/studio/7.0/toolchain/arm/arm-gnu-toolchain/bin/../lib/gcc/arm-none-eabi/6.3.1/thumb/v7e-m\libgcc.a(_udivmoddi4.o)
                              c:/program files (x86)/atmel/studio/7.0/toolchain/arm/arm-gnu-toolchain/bin/../lib/gcc/arm-none-eabi/6.3.1/thumb/v7e-m\libgcc.a(_aeabi_uldivmod.o) (__udivmoddi4)
c:/program files (x86)/atmel/studio/7.0/toolchain/arm/arm-gnu-toolchain/bin/../lib/gcc/arm-none-eabi/6.3.1/thumb/v7e-m\libgcc.a(_dvmd_tls.o)
                              c:/program files (x86)/atmel/studio/7.0/toolchain/arm/arm-gnu-toolchain/bin/../lib/gcc/arm-none-eabi/6.3.1/thumb/v7e-m\libgcc.a(_aeabi_uldivmod.o) (__aeabi_ldiv0)
c:/program files (x86)/atmel/studio/7.0/toolchain/arm/arm-gnu-toolchain/bin/../lib/gcc/arm-none-eabi/6.3.1/../../../../arm-none-eabi/lib/thumb/v7e-m\libc_nano.a(lib_a-exit.o)
                              c:/program files (x86)/atmel/studio/7.0/toolchain/arm/arm-gnu-toolchain/bin/../lib/gcc/arm-none-eabi/6.3.1/../../../../arm-none-eabi/lib/thumb/v7e-m/crt0.o (exit)
c:/program files (x86)/atmel/studio/7.0/toolchain/arm/arm-gnu-toolchain/bin/../lib/gcc/arm-none-eabi/6.3.1/../../../../arm-none-eabi/lib/thumb/v7e-m\libc_nano.a(lib_a-impure.o)
                              c:/program files (x86)/atmel/studio/7.0/toolchain/arm/arm-gnu-toolchain/bin/../lib/gcc/arm-none-eabi/6.3.1/../../../../arm-none-eabi/lib/thumb/v7e-m\libc_nano.a(lib_a-exit.o) (_global_impure_ptr)
c:/program files (x86)/atmel/studio/7.0/toolchain/arm/arm-gnu-toolchain/bin/../lib/gcc/arm-none-eabi/6.3.1/../../../../arm-none-eabi/lib/thumb/v7e-m\libc_nano.a(lib_a-init.o)
                              c:/program files (x86)/atmel/studio/7.0/toolchain/arm/arm-gnu-toolchain/bin/../lib/gcc/arm-none-eabi/6.3.1/../../../../arm-none-eabi/lib/thumb/v7e-m/crt0.o (__libc_init_array)
c:/program files (x86)/atmel/studio/7.0/toolchain/arm/arm-gnu-toolchain/bin/../lib/gcc/arm-none-eabi/6.3.1/../../../../arm-none-eabi/lib/thumb/v7e-m\libc_nano.a(lib_a-memset.o)
                              c:/program files (x86)/atmel/studio/7.0/toolchain/arm/arm-gnu-toolchain/bin/../lib/gcc/arm-none-eabi/6.3.1/../../../../arm-none-eabi/lib/thumb/v7e-m/crt0.o (memset)
c:/program files (x86)/atmel/studio/7.0/toolchain/arm/arm-gnu-toolchain/bin/../lib/gcc/arm-none-eabi/6.3.1/../../../../arm-none-eabi/lib/thumb/v7e-m\libc_nano.a(lib_a-printf.o)
                              hal/utils/src/utils_syscalls.o (printf)
c:/program files (x86)/atmel/studio/7.0/toolchain/arm/arm-gnu-toolchain/bin/../lib/gcc/arm-none-eabi/6.3.1/../../../../arm-none-eabi/lib/thumb/v7e-m\libc_nano.a(lib_a-putchar.o)
                              main.o (putchar)
c:/program files (x86)/atmel/studio/7.0/toolchain/arm/arm-gnu-toolchain/bin/../lib/gcc/arm-none-eabi/6.3.1/../../../../arm-none-eabi/lib/thumb/v7e-m\libc_nano.a(lib_a-findfp.o)
                              c:/program files (x86)/atmel/studio/7.0/toolchain/arm/arm-gnu-toolchain/bin/../lib/gcc/arm-none-eabi/6.3.1/../../../../arm-none-eabi/lib/thumb/v7e-m\libc_nano.a(lib_a-printf.o) (__sinit)
c:/program files (x86)/atmel/studio/7.0/toolchain/arm/arm-gnu-toolchain/bin/../lib/gcc/arm-none-eabi/6.3.1/../../../../arm-none-eabi/lib/thumb/v7e-m\libc_nano.a(lib_a-fwalk.o)
                              c:/program files (x86)/atmel/studio/7.0/toolchain/arm/arm-gnu-toolchain/bin/../lib/gcc/arm-none-eabi/6.3.1/../../../../arm-none-eabi/lib/thumb/v7e-m\libc_nano.a(lib_a-findfp.o) (_fwalk)
c:/program files (x86)/atmel/studio/7.0/toolchain/arm/arm-gnu-toolchain/bin/../lib/gcc/arm-none-eabi/6.3.1/../../../../arm-none-eabi/lib/thumb/v7e-m\libc_nano.a(lib_a-nano-mallocr.o)
                              c:/program files (x86)/atmel/studio/7.0/toolchain/arm/arm-gnu-toolchain/bin/../lib/gcc/arm-none-eabi/6.3.1/../../../../arm-none-eabi/lib/thumb/v7e-m\libc_nano.a(lib_a-findfp.o) (_malloc_r)
[...]
Memory Configuration

Name             Origin             Length             Attributes
rom              0x00000000         0x00100000         xr
ram              0x20000000         0x00040000         xrw
bkupram          0x47000000         0x00002000         xrw
qspi             0x04000000         0x01000000         xrw
*default*        0x00000000         0xffffffff

Linker script and memory map

LOAD c:/program files (x86)/atmel/studio/7.0/toolchain/arm/arm-gnu-toolchain/bin/../lib/gcc/arm-none-eabi/6.3.1/thumb/v7e-m/crti.o
LOAD c:/program files (x86)/atmel/studio/7.0/toolchain/arm/arm-gnu-toolchain/bin/../lib/gcc/arm-none-eabi/6.3.1/thumb/v7e-m/crtbegin.o
LOAD c:/program files (x86)/atmel/studio/7.0/toolchain/arm/arm-gnu-toolchain/bin/../lib/gcc/arm-none-eabi/6.3.1/../../../../arm-none-eabi/lib/thumb/v7e-m/crt0.o
LOAD atmel_start.o
LOAD custom_functions.o
LOAD Device_Startup/startup_same54.o
LOAD Device_Startup/system_same54.o
LOAD driver_init.o
LOAD examples/driver_examples.o
LOAD hal/src/hal_atomic.o
LOAD hal/src/hal_cache.o
LOAD hal/src/hal_delay.o
LOAD hal/src/hal_gpio.o
LOAD hal/src/hal_init.o
LOAD hal/src/hal_io.o
LOAD hal/src/hal_sleep.o
LOAD hal/src/hal_spi_m_dma.o
LOAD hal/src/hal_spi_s_sync.o
LOAD hal/src/hal_usart_sync.o
LOAD hal/utils/src/utils_assert.o
LOAD hal/utils/src/utils_event.o
LOAD hal/utils/src/utils_list.o
LOAD hal/utils/src/utils_syscalls.o
LOAD hpl/cmcc/hpl_cmcc.o
LOAD hpl/core/hpl_core_m4.o
LOAD hpl/core/hpl_init.o
LOAD hpl/dmac/hpl_dmac.o
LOAD hpl/gclk/hpl_gclk.o
LOAD hpl/mclk/hpl_mclk.o
LOAD hpl/osc32kctrl/hpl_osc32kctrl.o
LOAD hpl/oscctrl/hpl_oscctrl.o
LOAD hpl/pm/hpl_pm.o
LOAD hpl/ramecc/hpl_ramecc.o
LOAD hpl/sercom/hpl_sercom.o
LOAD main.o
LOAD set_duty.o
START GROUP
LOAD c:/program files (x86)/atmel/studio/7.0/toolchain/arm/arm-gnu-toolchain/bin/../lib/gcc/arm-none-eabi/6.3.1/../../../../arm-none-eabi/lib/thumb/v7e-m\libm.a
END GROUP
START GROUP
LOAD c:/program files (x86)/atmel/studio/7.0/toolchain/arm/arm-gnu-toolchain/bin/../lib/gcc/arm-none-eabi/6.3.1/thumb/v7e-m\libgcc.a
LOAD c:/program files (x86)/atmel/studio/7.0/toolchain/arm/arm-gnu-toolchain/bin/../lib/gcc/arm-none-eabi/6.3.1/../../../../arm-none-eabi/lib/thumb/v7e-m\libc_nano.a
END GROUP
START GROUP
LOAD c:/program files (x86)/atmel/studio/7.0/toolchain/arm/arm-gnu-toolchain/bin/../lib/gcc/arm-none-eabi/6.3.1/thumb/v7e-m\libgcc.a
LOAD c:/program files (x86)/atmel/studio/7.0/toolchain/arm/arm-gnu-toolchain/bin/../lib/gcc/arm-none-eabi/6.3.1/../../../../arm-none-eabi/lib/thumb/v7e-m\libc_nano.a
END GROUP
LOAD c:/program files (x86)/atmel/studio/7.0/toolchain/arm/arm-gnu-toolchain/bin/../lib/gcc/arm-none-eabi/6.3.1/thumb/v7e-m/crtend.o
LOAD c:/program files (x86)/atmel/studio/7.0/toolchain/arm/arm-gnu-toolchain/bin/../lib/gcc/arm-none-eabi/6.3.1/thumb/v7e-m/crtn.o
                0x00010000                STACK_SIZE = DEFINED (STACK_SIZE)?STACK_SIZE:DEFINED (__stack_size__)?__stack_size__:0x10000

.text           0x00000000     0x4e0c
                0x00000000                . = ALIGN (0x4)
                0x00000000                _sfixed = .
 *(.vectors .vectors.*)
 .vectors       0x00000000      0x264 Device_Startup/startup_same54.o
                0x00000000                exception_table
 *(.text .text.* .gnu.linkonce.t.*)
 .text          0x00000264       0x6c c:/program files (x86)/atmel/studio/7.0/toolchain/arm/arm-gnu-toolchain/bin/../lib/gcc/arm-none-eabi/6.3.1/thumb/v7e-m/crtbegin.o
 .text.atmel_start_init
                0x000002d0       0x10 atmel_start.o
                0x000002d0                atmel_start_init
 .text.Reset_Handler
                0x000002e0       0x9c Device_Startup/startup_same54.o
                0x000002e0                Reset_Handler
 .text.Dummy_Handler
                0x0000037c        0x6 Device_Startup/startup_same54.o
                0x0000037c                EIC_5_Handler
                0x0000037c                SVCall_Handler
                0x0000037c                SERCOM0_2_Handler
                0x0000037c                EIC_13_Handler
                0x0000037c                EVSYS_0_Handler
                0x0000037c                TCC1_3_Handler
                0x0000037c                DAC_3_Handler
                0x0000037c                TRNG_Handler
                0x0000037c                HardFault_Handler
                0x0000037c                TC2_Handler
                0x0000037c                PDEC_2_Handler
                0x0000037c                EIC_4_Handler
                0x0000037c                AC_Handler
                0x0000037c                SERCOM3_1_Handler
                0x0000037c                TCC2_3_Handler
                0x0000037c                SysTick_Handler
                0x0000037c                SERCOM3_2_Handler
                0x0000037c                PendSV_Handler
                0x0000037c                TC7_Handler
                0x0000037c                ADC1_1_Handler
                0x0000037c                EVSYS_3_Handler
                0x0000037c                PDEC_0_Handler
                0x0000037c                QSPI_Handler
                0x0000037c                NonMaskableInt_Handler
                0x0000037c                TCC0_0_Handler
                0x0000037c                EIC_3_Handler
                0x0000037c                MemManagement_Handler
                0x0000037c                DAC_2_Handler
                0x0000037c                SERCOM0_0_Handler
                0x0000037c                RTC_Handler
                0x0000037c                UsageFault_Handler
                0x0000037c                SERCOM4_0_Handler
                0x0000037c                EIC_10_Handler
                0x0000037c                SERCOM0_3_Handler
                0x0000037c                EIC_11_Handler
                0x0000037c                EIC_9_Handler
                0x0000037c                OSC32KCTRL_Handler
                0x0000037c                TCC2_1_Handler
                0x0000037c                SUPC_1_Handler
                0x0000037c                TCC0_5_Handler
                0x0000037c                TCC0_6_Handler
                0x0000037c                SERCOM6_2_Handler
                0x0000037c                EVSYS_1_Handler
                0x0000037c                TCC1_4_Handler
                0x0000037c                TC6_Handler
                0x0000037c                WDT_Handler
                0x0000037c                CAN0_Handler
                0x0000037c                EIC_8_Handler
                0x0000037c                EIC_15_Handler
                0x0000037c                SERCOM6_0_Handler
                0x0000037c                SERCOM5_0_Handler
                0x0000037c                TC4_Handler
                0x0000037c                TC1_Handler
                0x0000037c                OSCCTRL_4_Handler
                0x0000037c                SERCOM4_3_Handler
                0x0000037c                EIC_12_Handler
                0x0000037c                TCC4_2_Handler
                0x0000037c                PAC_Handler
                0x0000037c                TCC1_0_Handler
                0x0000037c                USB_0_Handler
                0x0000037c                OSCCTRL_0_Handler
                0x0000037c                EIC_0_Handler
                0x0000037c                OSCCTRL_3_Handler
                0x0000037c                SERCOM4_1_Handler
                0x0000037c                TC3_Handler
                0x0000037c                Dummy_Handler
                0x0000037c                TCC3_0_Handler
                0x0000037c                TCC2_2_Handler
                0x0000037c                SERCOM5_1_Handler
                0x0000037c                TCC1_1_Handler
                0x0000037c                ADC0_0_Handler
                0x0000037c                SERCOM0_1_Handler
                0x0000037c                OSCCTRL_2_Handler
                0x0000037c                ADC1_0_Handler
                0x0000037c                TCC1_2_Handler
                0x0000037c                SERCOM7_1_Handler
                0x0000037c                USB_1_Handler
                0x0000037c                PM_Handler
                0x0000037c                SERCOM6_3_Handler
                0x0000037c                SERCOM2_3_Handler
                0x0000037c                DAC_4_Handler
                0x0000037c                TCC3_2_Handler
                0x0000037c                SERCOM7_0_Handler
                0x0000037c                TCC0_2_Handler
                0x0000037c                TCC4_0_Handler
                0x0000037c                SERCOM7_3_Handler
                0x0000037c                GMAC_Handler
                0x0000037c                SDHC1_Handler
                0x0000037c                USB_3_Handler
                0x0000037c                CAN1_Handler
                0x0000037c                SERCOM7_2_Handler
                0x0000037c                TCC2_0_Handler
                0x0000037c                PDEC_1_Handler
                0x0000037c                TCC4_1_Handler
                0x0000037c                SERCOM5_3_Handler
                0x0000037c                USB_2_Handler
                0x0000037c                SDHC0_Handler
                0x0000037c                SERCOM1_1_Handler
                0x0000037c                I2S_Handler
                0x0000037c                EIC_2_Handler
                0x0000037c                PCC_Handler
                0x0000037c                DAC_0_Handler
                0x0000037c                TCC0_1_Handler
                0x0000037c                SERCOM1_3_Handler
                0x0000037c                EIC_6_Handler
                0x0000037c                OSCCTRL_1_Handler
                0x0000037c                SERCOM1_0_Handler
                0x0000037c                PUKCC_Handler
                0x0000037c                SERCOM2_1_Handler
                0x0000037c                SERCOM1_2_Handler
                0x0000037c                SERCOM3_0_Handler
                0x0000037c                EIC_1_Handler
                0x0000037c                SERCOM4_2_Handler
                0x0000037c                EVSYS_4_Handler
                0x0000037c                EIC_7_Handler
                0x0000037c                NVMCTRL_1_Handler
                0x0000037c                SERCOM5_2_Handler
                0x0000037c                ADC0_1_Handler
                0x0000037c                SERCOM3_3_Handler
                0x0000037c                SERCOM2_2_Handler
                0x0000037c                TCC3_1_Handler
                0x0000037c                EIC_14_Handler
                0x0000037c                DAC_1_Handler
                0x0000037c                NVMCTRL_0_Handler
                0x0000037c                MCLK_Handler
                0x0000037c                EVSYS_2_Handler
                0x0000037c                SUPC_0_Handler
                0x0000037c                BusFault_Handler
                0x0000037c                FREQM_Handler
                0x0000037c                TC0_Handler
                0x0000037c                TCC0_3_Handler
                0x0000037c                DebugMonitor_Handler
                0x0000037c                TCC0_4_Handler
                0x0000037c                TC5_Handler
                0x0000037c                SERCOM2_0_Handler
                0x0000037c                ICM_Handler
                0x0000037c                AES_Handler
 .text.hri_gclk_write_PCHCTRL_reg
                0x00000382       0x26 driver_init.o
 .text.hri_mclk_set_APBAMASK_SERCOM0_bit
                0x000003a8       0x20 driver_init.o
 .text.hri_mclk_set_APBBMASK_SERCOM2_bit
                0x000003c8       0x20 driver_init.o
 .text.hri_mclk_set_APBDMASK_SERCOM4_bit
                0x000003e8       0x20 driver_init.o
 .text.hri_mclk_set_APBDMASK_SERCOM6_bit
                0x00000408       0x20 driver_init.o
 .text.hri_port_set_DIR_reg
                0x00000428       0x28 driver_init.o
 .text.hri_port_clear_DIR_reg
                0x00000450       0x28 driver_init.o
 .text.hri_port_set_OUT_reg
                0x00000478       0x28 driver_init.o
 .text.hri_port_clear_OUT_reg
                0x000004a0       0x28 driver_init.o
 .text.hri_port_write_PMUX_PMUXE_bf
                0x000004c8       0x60 driver_init.o
 .text.hri_port_write_PMUX_PMUXO_bf
                0x00000528       0x5e driver_init.o
 .text.hri_port_write_PINCFG_PMUXEN_bit
                0x00000586       0x5a driver_init.o
 .text.hri_port_set_PINCFG_PULLEN_bit
                0x000005e0       0x44 driver_init.o
 .text.hri_port_clear_PINCFG_PULLEN_bit
                0x00000624       0x44 driver_init.o
 .text.hri_port_write_WRCONFIG_reg
                0x00000668       0x28 driver_init.o
 .text._gpio_set_direction
                0x00000690       0xe8 driver_init.o
 .text._gpio_set_level
                0x00000778       0x44 driver_init.o
 .text._gpio_set_pin_pull_mode
                0x000007bc       0xc0 driver_init.o
 .text._gpio_set_pin_function
                0x0000087c       0x84 driver_init.o
 .text.gpio_set_pin_pull_mode
                0x00000900       0x34 driver_init.o
 .text.gpio_set_pin_function
                0x00000934       0x20 driver_init.o
 .text.gpio_set_pin_direction
                0x00000954       0x38 driver_init.o
 .text.gpio_set_pin_level
                0x0000098c       0x38 driver_init.o
 .text.init_mcu
                0x000009c4       0x10 driver_init.o
 .text.UART_PORT_init
                0x000009d4       0x24 driver_init.o
                0x000009d4                UART_PORT_init
 .text.UART_CLOCK_init
                0x000009f8       0x34 driver_init.o
                0x000009f8                UART_CLOCK_init
 .text.UART_init
                0x00000a2c       0x30 driver_init.o
                0x00000a2c                UART_init
 .text.EDBG_UART_PORT_init
                0x00000a5c       0x24 driver_init.o
                0x00000a5c                EDBG_UART_PORT_init
 .text.EDBG_UART_CLOCK_init
                0x00000a80       0x34 driver_init.o
                0x00000a80                EDBG_UART_CLOCK_init
 .text.EDBG_UART_init
                0x00000ab4       0x30 driver_init.o
                0x00000ab4                EDBG_UART_init
 .text.SPI_1_PORT_init
                0x00000ae4       0x6c driver_init.o
                0x00000ae4                SPI_1_PORT_init
 .text.SPI_1_CLOCK_init
                0x00000b50       0x34 driver_init.o
                0x00000b50                SPI_1_CLOCK_init
 .text.SPI_1_init
                0x00000b84       0x2c driver_init.o
                0x00000b84                SPI_1_init
 .text.SPI_0_PORT_init
                0x00000bb0       0x88 driver_init.o
                0x00000bb0                SPI_0_PORT_init
 .text.SPI_0_CLOCK_init
                0x00000c38       0x34 driver_init.o
                0x00000c38                SPI_0_CLOCK_init
 .text.SPI_0_init
                0x00000c6c       0x2c driver_init.o
                0x00000c6c                SPI_0_init
 .text.system_init
                0x00000c98      0x12c driver_init.o
                0x00000c98                system_init
 .text.delay_us
                0x00000dc4       0x34 hal/src/hal_delay.o
                0x00000dc4                delay_us
 .text.io_write
                0x00000df8       0x50 hal/src/hal_io.o
                0x00000df8                io_write
 .text.io_read  0x00000e48       0x50 hal/src/hal_io.o
                0x00000e48                io_read
 .text.spi_m_dma_init
                0x00000e98       0x78 hal/src/hal_spi_m_dma.o
                0x00000e98                spi_m_dma_init
 .text.spi_m_dma_enable
                0x00000f10       0x3c hal/src/hal_spi_m_dma.o
                0x00000f10                spi_m_dma_enable
 .text._spi_m_dma_io_read
                0x00000f4c       0x50 hal/src/hal_spi_m_dma.o
 .text._spi_m_dma_io_write
                0x00000f9c       0x50 hal/src/hal_spi_m_dma.o
 .text.spi_m_dma_register_callback
                0x00000fec       0x48 hal/src/hal_spi_m_dma.o
                0x00000fec                spi_m_dma_register_callback
 .text.spi_m_dma_get_io_descriptor
                0x00001034       0x48 hal/src/hal_spi_m_dma.o
                0x00001034                spi_m_dma_get_io_descriptor
 .text._spi_s_sync_xfer
                0x0000107c      0x1a0 hal/src/hal_spi_s_sync.o
 .text._spi_s_sync_io_write
                0x0000121c       0x58 hal/src/hal_spi_s_sync.o
 .text._spi_s_sync_io_read
                0x00001274       0x58 hal/src/hal_spi_s_sync.o
 .text.spi_s_sync_init
                0x000012cc       0x70 hal/src/hal_spi_s_sync.o
                0x000012cc                spi_s_sync_init
 .text.spi_s_sync_enable
                0x0000133c       0x3c hal/src/hal_spi_s_sync.o
                0x0000133c                spi_s_sync_enable
 .text.usart_sync_init
                0x00001378       0x70 hal/src/hal_usart_sync.o
                0x00001378                usart_sync_init
 .text.usart_sync_enable
                0x000013e8       0x40 hal/src/hal_usart_sync.o
                0x000013e8                usart_sync_enable
 .text.usart_sync_get_io_descriptor
                0x00001428       0x44 hal/src/hal_usart_sync.o
                0x00001428                usart_sync_get_io_descriptor
 .text.usart_sync_write
                0x0000146c       0xc8 hal/src/hal_usart_sync.o
 .text.usart_sync_read
                0x00001534       0x94 hal/src/hal_usart_sync.o
 .text.assert   0x000015c8       0x28 hal/utils/src/utils_assert.o
                0x000015c8                assert
 .text._sbrk    0x000015f0       0x40 hal/utils/src/utils_syscalls.o
                0x000015f0                _sbrk
 .text._close   0x00001630       0x18 hal/utils/src/utils_syscalls.o
                0x00001630                _close
 .text._fstat   0x00001648       0x20 hal/utils/src/utils_syscalls.o
                0x00001648                _fstat
 .text._isatty  0x00001668       0x16 hal/utils/src/utils_syscalls.o
                0x00001668                _isatty
 .text._lseek   0x0000167e       0x1a hal/utils/src/utils_syscalls.o
                0x0000167e                _lseek
 .text._get_cycles_for_us_internal
                0x00001698      0x148 hpl/core/hpl_core_m4.o
 .text._get_cycles_for_us
                0x000017e0       0x28 hpl/core/hpl_core_m4.o
                0x000017e0                _get_cycles_for_us
 .text._delay_cycles
                0x00001808       0x20 hpl/core/hpl_core_m4.o
                0x00001808                _delay_cycles
 .text.hri_nvmctrl_set_CTRLA_RWS_bf
                0x00001828       0x32 hpl/core/hpl_init.o
 *fill*         0x0000185a        0x2 
 .text._init_chip
                0x0000185c       0x44 hpl/core/hpl_init.o
                0x0000185c                _init_chip
 .text.hri_dmac_set_SWTRIGCTRL_reg
                0x000018a0       0x22 hpl/dmac/hpl_dmac.o
 .text.hri_dmac_get_INTPEND_TERR_bit
                0x000018c2       0x32 hpl/dmac/hpl_dmac.o
 .text.hri_dmac_get_INTPEND_TCMPL_bit
                0x000018f4       0x32 hpl/dmac/hpl_dmac.o
 .text.hri_dmac_get_INTPEND_reg
                0x00001926       0x28 hpl/dmac/hpl_dmac.o
 .text.hri_dmacdescriptor_set_BTCTRL_VALID_bit
                0x0000194e       0x24 hpl/dmac/hpl_dmac.o
 .text.hri_dmacdescriptor_get_BTCTRL_SRCINC_bit
                0x00001972       0x32 hpl/dmac/hpl_dmac.o
 .text.hri_dmacdescriptor_write_BTCTRL_SRCINC_bit
                0x000019a4       0x3c hpl/dmac/hpl_dmac.o
 .text.hri_dmacdescriptor_get_BTCTRL_DSTINC_bit
                0x000019e0       0x32 hpl/dmac/hpl_dmac.o
 .text.hri_dmacdescriptor_read_BTCTRL_BEATSIZE_bf
                0x00001a12       0x28 hpl/dmac/hpl_dmac.o
 .text.hri_dmacdescriptor_write_BTCNT_reg
                0x00001a3a       0x1e hpl/dmac/hpl_dmac.o
 .text.hri_dmacdescriptor_write_SRCADDR_reg
                0x00001a58       0x1c hpl/dmac/hpl_dmac.o
 .text.hri_dmacdescriptor_read_SRCADDR_reg
                0x00001a74       0x18 hpl/dmac/hpl_dmac.o
 .text.hri_dmacdescriptor_write_DSTADDR_reg
                0x00001a8c       0x1c hpl/dmac/hpl_dmac.o
 .text.hri_dmacdescriptor_read_DSTADDR_reg
                0x00001aa8       0x18 hpl/dmac/hpl_dmac.o
 .text.hri_dmac_clear_CHINTFLAG_TERR_bit
                0x00001ac0       0x26 hpl/dmac/hpl_dmac.o
 .text.hri_dmac_clear_CHINTFLAG_TCMPL_bit
                0x00001ae6       0x26 hpl/dmac/hpl_dmac.o
 .text.hri_dmac_write_CHINTEN_TERR_bit
                0x00001b0c       0x46 hpl/dmac/hpl_dmac.o
 .text.hri_dmac_write_CHINTEN_TCMPL_bit
                0x00001b52       0x46 hpl/dmac/hpl_dmac.o
 .text.hri_dmac_set_CHCTRLA_ENABLE_bit
                0x00001b98       0x34 hpl/dmac/hpl_dmac.o
 .text._dma_set_irq_state
                0x00001bcc       0x4c hpl/dmac/hpl_dmac.o
                0x00001bcc                _dma_set_irq_state
 .text._dma_set_destination_address
                0x00001c18       0x30 hpl/dmac/hpl_dmac.o
                0x00001c18                _dma_set_destination_address
 .text._dma_set_source_address
                0x00001c48       0x30 hpl/dmac/hpl_dmac.o
                0x00001c48                _dma_set_source_address
 .text._dma_srcinc_enable
                0x00001c78       0x34 hpl/dmac/hpl_dmac.o
                0x00001c78                _dma_srcinc_enable
 .text._dma_set_data_amount
                0x00001cac       0xd8 hpl/dmac/hpl_dmac.o
                0x00001cac                _dma_set_data_amount
 .text._dma_enable_transaction
                0x00001d84       0x5c hpl/dmac/hpl_dmac.o
                0x00001d84                _dma_enable_transaction
 .text._dma_get_channel_resource
                0x00001de0       0x30 hpl/dmac/hpl_dmac.o
                0x00001de0                _dma_get_channel_resource
 .text._dmac_handler
                0x00001e10       0x84 hpl/dmac/hpl_dmac.o
 .text.DMAC_0_Handler
                0x00001e94       0x10 hpl/dmac/hpl_dmac.o
                0x00001e94                DMAC_0_Handler
 .text.DMAC_1_Handler
                0x00001ea4       0x10 hpl/dmac/hpl_dmac.o
                0x00001ea4                DMAC_1_Handler
 .text.DMAC_2_Handler
                0x00001eb4       0x10 hpl/dmac/hpl_dmac.o
                0x00001eb4                DMAC_2_Handler
 .text.DMAC_3_Handler
                0x00001ec4       0x10 hpl/dmac/hpl_dmac.o
                0x00001ec4                DMAC_3_Handler
 .text.DMAC_4_Handler
                0x00001ed4       0x10 hpl/dmac/hpl_dmac.o
                0x00001ed4                DMAC_4_Handler
 .text.hri_gclk_wait_for_sync
                0x00001ee4       0x24 hpl/gclk/hpl_gclk.o
 .text.hri_gclk_write_GENCTRL_reg
                0x00001f08       0x30 hpl/gclk/hpl_gclk.o
 .text._gclk_init_generators_by_fref
                0x00001f38       0x30 hpl/gclk/hpl_gclk.o
                0x00001f38                _gclk_init_generators_by_fref
 .text.hri_mclk_write_CPUDIV_reg
                0x00001f68       0x1e hpl/mclk/hpl_mclk.o
 *fill*         0x00001f86        0x2 
 .text._mclk_init
                0x00001f88       0x24 hpl/mclk/hpl_mclk.o
                0x00001f88                _mclk_init
 .text.hri_osc32kctrl_write_RTCCTRL_reg
                0x00001fac       0x1e hpl/osc32kctrl/hpl_osc32kctrl.o
 .text.hri_osc32kctrl_read_OSCULP32K_CALIB_bf
                0x00001fca       0x26 hpl/osc32kctrl/hpl_osc32kctrl.o
 .text.hri_osc32kctrl_write_OSCULP32K_reg
                0x00001ff0       0x1c hpl/osc32kctrl/hpl_osc32kctrl.o
 .text._osc32kctrl_init_sources
                0x0000200c       0x48 hpl/osc32kctrl/hpl_osc32kctrl.o
                0x0000200c                _osc32kctrl_init_sources
 .text.hri_oscctrl_get_STATUS_XOSCRDY1_bit
                0x00002054       0x28 hpl/oscctrl/hpl_oscctrl.o
 .text.hri_oscctrl_write_XOSCCTRL_reg
                0x0000207c       0x28 hpl/oscctrl/hpl_oscctrl.o
 .text._oscctrl_init_sources
                0x000020a4       0x40 hpl/oscctrl/hpl_oscctrl.o
                0x000020a4                _oscctrl_init_sources
 .text._oscctrl_init_referenced_generators
                0x000020e4       0x1c hpl/oscctrl/hpl_oscctrl.o
                0x000020e4                _oscctrl_init_referenced_generators
 .text.hri_ramecc_read_INTFLAG_reg
                0x00002100       0x1a hpl/ramecc/hpl_ramecc.o
 .text.hri_ramecc_read_ERRADDR_reg
                0x0000211a       0x18 hpl/ramecc/hpl_ramecc.o
 *fill*         0x00002132        0x2 
 .text.RAMECC_Handler
                0x00002134       0x74 hpl/ramecc/hpl_ramecc.o
                0x00002134                RAMECC_Handler
 .text.hri_sercomspi_wait_for_sync
                0x000021a8       0x24 hpl/sercom/hpl_sercom.o
 .text.hri_sercomspi_is_syncing
                0x000021cc       0x28 hpl/sercom/hpl_sercom.o
 .text.hri_sercomusart_wait_for_sync
                0x000021f4       0x24 hpl/sercom/hpl_sercom.o
 .text.hri_sercomusart_is_syncing
                0x00002218       0x28 hpl/sercom/hpl_sercom.o
 .text.hri_sercomi2cm_get_INTFLAG_reg
                0x00002240       0x28 hpl/sercom/hpl_sercom.o
 .text.hri_sercomspi_clear_INTFLAG_reg
                0x00002268       0x1e hpl/sercom/hpl_sercom.o
 .text.hri_sercomusart_get_interrupt_DRE_bit
                0x00002286       0x28 hpl/sercom/hpl_sercom.o
 .text.hri_sercomusart_get_interrupt_TXC_bit
                0x000022ae       0x2a hpl/sercom/hpl_sercom.o
 .text.hri_sercomusart_get_interrupt_RXC_bit
                0x000022d8       0x2a hpl/sercom/hpl_sercom.o
 *fill*         0x00002302        0x2 
 .text.hri_sercomspi_set_CTRLA_ENABLE_bit
                0x00002304       0x28 hpl/sercom/hpl_sercom.o
 .text.hri_sercomspi_clear_CTRLA_ENABLE_bit
                0x0000232c       0x28 hpl/sercom/hpl_sercom.o
 .text.hri_sercomspi_get_CTRLA_reg
                0x00002354       0x30 hpl/sercom/hpl_sercom.o
 .text.hri_sercomspi_write_CTRLA_reg
                0x00002384       0x24 hpl/sercom/hpl_sercom.o
 .text.hri_sercomusart_set_CTRLA_ENABLE_bit
                0x000023a8       0x28 hpl/sercom/hpl_sercom.o
 .text.hri_sercomusart_clear_CTRLA_ENABLE_bit
                0x000023d0       0x28 hpl/sercom/hpl_sercom.o
 .text.hri_sercomusart_get_CTRLA_reg
                0x000023f8       0x30 hpl/sercom/hpl_sercom.o
 .text.hri_sercomusart_write_CTRLA_reg
                0x00002428       0x24 hpl/sercom/hpl_sercom.o
 .text.hri_sercomspi_set_CTRLB_RXEN_bit
                0x0000244c       0x28 hpl/sercom/hpl_sercom.o
 .text.hri_sercomspi_clear_CTRLB_RXEN_bit
                0x00002474       0x28 hpl/sercom/hpl_sercom.o
 .text.hri_sercomspi_write_CTRLB_reg
                0x0000249c       0x24 hpl/sercom/hpl_sercom.o
 .text.hri_sercomusart_write_CTRLB_reg
                0x000024c0       0x24 hpl/sercom/hpl_sercom.o
 .text.hri_sercomusart_write_CTRLC_reg
                0x000024e4       0x1c hpl/sercom/hpl_sercom.o
 .text.hri_sercomspi_write_BAUD_reg
                0x00002500       0x1e hpl/sercom/hpl_sercom.o
 .text.hri_sercomusart_write_BAUD_reg
                0x0000251e       0x1e hpl/sercom/hpl_sercom.o
 .text.hri_sercomusart_write_RXPL_reg
                0x0000253c       0x1e hpl/sercom/hpl_sercom.o
 .text.hri_sercomspi_write_ADDR_reg
                0x0000255a       0x1c hpl/sercom/hpl_sercom.o
 .text.hri_sercomspi_write_DATA_reg
                0x00002576       0x1c hpl/sercom/hpl_sercom.o
 .text.hri_sercomspi_read_DATA_reg
                0x00002592       0x18 hpl/sercom/hpl_sercom.o
 .text.hri_sercomusart_write_DATA_reg
                0x000025aa       0x1c hpl/sercom/hpl_sercom.o
 .text.hri_sercomusart_read_DATA_reg
                0x000025c6       0x18 hpl/sercom/hpl_sercom.o
 .text.hri_sercomspi_write_DBGCTRL_reg
                0x000025de       0x20 hpl/sercom/hpl_sercom.o
 .text.hri_sercomusart_write_DBGCTRL_reg
                0x000025fe       0x20 hpl/sercom/hpl_sercom.o
 .text.hri_sercomspi_clear_STATUS_reg
                0x0000261e       0x1e hpl/sercom/hpl_sercom.o
 .text._usart_sync_init
                0x0000263c       0x44 hpl/sercom/hpl_sercom.o
                0x0000263c                _usart_sync_init
 .text._usart_sync_enable
                0x00002680       0x20 hpl/sercom/hpl_sercom.o
                0x00002680                _usart_sync_enable
 .text._usart_sync_write_byte
                0x000026a0       0x28 hpl/sercom/hpl_sercom.o
                0x000026a0                _usart_sync_write_byte
 .text._usart_sync_read_byte
                0x000026c8       0x24 hpl/sercom/hpl_sercom.o
                0x000026c8                _usart_sync_read_byte
 .text._usart_sync_is_ready_to_send
                0x000026ec       0x20 hpl/sercom/hpl_sercom.o
                0x000026ec                _usart_sync_is_ready_to_send
 .text._usart_sync_is_transmit_done
                0x0000270c       0x20 hpl/sercom/hpl_sercom.o
                0x0000270c                _usart_sync_is_transmit_done
 .text._usart_sync_is_byte_received
                0x0000272c       0x20 hpl/sercom/hpl_sercom.o
                0x0000272c                _usart_sync_is_byte_received
 .text._sercom_get_hardware_index
                0x0000274c       0x5c hpl/sercom/hpl_sercom.o
 .text._get_sercom_index
                0x000027a8       0x64 hpl/sercom/hpl_sercom.o
 .text._usart_init
                0x0000280c      0x1c0 hpl/sercom/hpl_sercom.o
 .text._spi_sync_enable
                0x000029cc       0x34 hpl/sercom/hpl_sercom.o
 .text._spi_load_regs_master
                0x00002a00       0x94 hpl/sercom/hpl_sercom.o
 .text._spi_load_regs_slave
                0x00002a94       0xac hpl/sercom/hpl_sercom.o
 .text._spi_get_regs
                0x00002b40       0x5c hpl/sercom/hpl_sercom.o
 .text._spi_m_sync_init
                0x00002b9c      0x10c hpl/sercom/hpl_sercom.o
                0x00002b9c                _spi_m_sync_init
 .text._spi_s_sync_init
                0x00002ca8       0x20 hpl/sercom/hpl_sercom.o
                0x00002ca8                _spi_s_sync_init
 .text._spi_s_sync_enable
                0x00002cc8       0x50 hpl/sercom/hpl_sercom.o
                0x00002cc8                _spi_s_sync_enable
 .text._spi_s_sync_write_one
                0x00002d18       0x58 hpl/sercom/hpl_sercom.o
                0x00002d18                _spi_s_sync_write_one
 .text._spi_s_sync_read_one
                0x00002d70       0x50 hpl/sercom/hpl_sercom.o
                0x00002d70                _spi_s_sync_read_one
 .text._spi_s_sync_is_tx_ready
                0x00002dc0       0x5c hpl/sercom/hpl_sercom.o
                0x00002dc0                _spi_s_sync_is_tx_ready
 .text._spi_s_sync_is_rx_ready
                0x00002e1c       0x5c hpl/sercom/hpl_sercom.o
                0x00002e1c                _spi_s_sync_is_rx_ready
 .text._spi_s_sync_is_ss_deactivated
                0x00002e78       0x68 hpl/sercom/hpl_sercom.o
                0x00002e78                _spi_s_sync_is_ss_deactivated
 .text._spi_s_sync_is_error
                0x00002ee0       0x74 hpl/sercom/hpl_sercom.o
                0x00002ee0                _spi_s_sync_is_error
 .text._spi_sync_rx_enable
                0x00002f54       0x34 hpl/sercom/hpl_sercom.o
 .text._spi_sync_rx_disable
                0x00002f88       0x34 hpl/sercom/hpl_sercom.o
 .text._spi_m_dma_rx_enable
                0x00002fbc       0x50 hpl/sercom/hpl_sercom.o
 .text._spi_m_dma_rx_disable
                0x0000300c       0x50 hpl/sercom/hpl_sercom.o
 .text._spi_m_get_source_for_dma
                0x0000305c       0x18 hpl/sercom/hpl_sercom.o
 .text._spi_m_get_destination_for_dma
                0x00003074       0x18 hpl/sercom/hpl_sercom.o
 .text._spi_get_tx_dma_channel
                0x0000308c       0x70 hpl/sercom/hpl_sercom.o
 .text._spi_is_rx_dma_channel_enabled
                0x000030fc       0x70 hpl/sercom/hpl_sercom.o
 .text._spi_get_rx_dma_channel
                0x0000316c       0x70 hpl/sercom/hpl_sercom.o
 .text._spi_dma_rx_complete
                0x000031dc       0x26 hpl/sercom/hpl_sercom.o
 .text._spi_dma_tx_complete
                0x00003202       0x26 hpl/sercom/hpl_sercom.o
 .text._spi_dma_error_occured
                0x00003228       0x26 hpl/sercom/hpl_sercom.o
 *fill*         0x0000324e        0x2 
 .text._spi_m_dma_init
                0x00003250      0x154 hpl/sercom/hpl_sercom.o
                0x00003250                _spi_m_dma_init
 .text._spi_m_dma_enable
                0x000033a4       0x50 hpl/sercom/hpl_sercom.o
                0x000033a4                _spi_m_dma_enable
 .text._spi_m_dma_register_callback
                0x000033f4       0xe4 hpl/sercom/hpl_sercom.o
                0x000033f4                _spi_m_dma_register_callback
 .text._spi_m_dma_transfer
                0x000034d8      0x144 hpl/sercom/hpl_sercom.o
                0x000034d8                _spi_m_dma_transfer
 .text.__NVIC_EnableIRQ
                0x0000361c       0x3c main.o
 .text.__NVIC_DisableIRQ
                0x00003658       0x44 main.o
 .text.__NVIC_ClearPendingIRQ
                0x0000369c       0x3c main.o
 .text.hri_port_set_OUT_reg
                0x000036d8       0x28 main.o
 .text.hri_port_clear_OUT_reg
                0x00003700       0x28 main.o
 .text.hri_sercomspi_set_INTEN_TXC_bit
                0x00003728       0x1a main.o
 .text.hri_sercomspi_clear_INTEN_TXC_bit
                0x00003742       0x1a main.o
 .text._gpio_set_level
                0x0000375c       0x44 main.o
 .text.gpio_set_pin_level
                0x000037a0       0x38 main.o
 .text.spi_master_tx_complete_cb
                0x000037d8       0x30 main.o
 .text.spi_master_rx_complete_cb
                0x00003808       0x28 main.o
 .text.spi_master_tx
                0x00003830       0x48 main.o
                0x00003830                spi_master_tx
 .text.spi_master_rx
                0x00003878       0x48 main.o
                0x00003878                spi_master_rx
 .text.spi_master_init
                0x000038c0       0x3c main.o
                0x000038c0                spi_master_init
 .text.slave_select_high
                0x000038fc       0x3c main.o
 .text.spi_slave_rx_complete_cb
                0x00003938       0x20 main.o
 .text.spi_slave_tx_complete_cb
                0x00003958       0x20 main.o
 .text.register_dma_spi_slave_callback
                0x00003978       0x30 main.o
                0x00003978                register_dma_spi_slave_callback
 .text.spi_s_sync_enable_ss_detect
                0x000039a8       0x50 main.o
                0x000039a8                spi_s_sync_enable_ss_detect
 .text.SERCOM6_1_Handler
                0x000039f8       0x24 main.o
                0x000039f8                SERCOM6_1_Handler
 .text.spi_slave_init
                0x00003a1c       0x74 main.o
                0x00003a1c                spi_slave_init
 .text.spi_slave_tx
                0x00003a90       0x54 main.o
                0x00003a90                spi_slave_tx
 .text.spi_slave_rx
                0x00003ae4       0x48 main.o
                0x00003ae4                spi_slave_rx
 .text.main     0x00003b2c      0x154 main.o
                0x00003b2c                main
 .text.__libc_init_array
                0x00003c80       0x48 c:/program files (x86)/atmel/studio/7.0/toolchain/arm/arm-gnu-toolchain/bin/../lib/gcc/arm-none-eabi/6.3.1/../../../../arm-none-eabi/lib/thumb/v7e-m\libc_nano.a(lib_a-init.o)
                0x00003c80                __libc_init_array
 .text.memset   0x00003cc8       0x10 c:/program files (x86)/atmel/studio/7.0/toolchain/arm/arm-gnu-toolchain/bin/../lib/gcc/arm-none-eabi/6.3.1/../../../../arm-none-eabi/lib/thumb/v7e-m\libc_nano.a(lib_a-memset.o)
                0x00003cc8                memset
 .text.printf   0x00003cd8       0x30 c:/program files (x86)/atmel/studio/7.0/toolchain/arm/arm-gnu-toolchain/bin/../lib/gcc/arm-none-eabi/6.3.1/../../../../arm-none-eabi/lib/thumb/v7e-m\libc_nano.a(lib_a-printf.o)
                0x00003cd8                iprintf
                0x00003cd8                printf
 .text.putchar  0x00003d08       0x28 c:/program files (x86)/atmel/studio/7.0/toolchain/arm/arm-gnu-toolchain/bin/../lib/gcc/arm-none-eabi/6.3.1/../../../../arm-none-eabi/lib/thumb/v7e-m\libc_nano.a(lib_a-putchar.o)
                0x00003d08                putchar
 .text._cleanup_r
                0x00003d30        0xc c:/program files (x86)/atmel/studio/7.0/toolchain/arm/arm-gnu-toolchain/bin/../lib/gcc/arm-none-eabi/6.3.1/../../../../arm-none-eabi/lib/thumb/v7e-m\libc_nano.a(lib_a-findfp.o)
                0x00003d30                _cleanup_r
 .text.std.isra.0
                0x00003d3c       0x48 c:/program files (x86)/atmel/studio/7.0/toolchain/arm/arm-gnu-toolchain/bin/../lib/gcc/arm-none-eabi/6.3.1/../../../../arm-none-eabi/lib/thumb/v7e-m\libc_nano.a(lib_a-findfp.o)
 .text.__sfmoreglue
                0x00003d84       0x2c c:/program files (x86)/atmel/studio/7.0/toolchain/arm/arm-gnu-toolchain/bin/../lib/gcc/arm-none-eabi/6.3.1/../../../../arm-none-eabi/lib/thumb/v7e-m\libc_nano.a(lib_a-findfp.o)
                0x00003d84                __sfmoreglue
 .text.__sinit  0x00003db0       0x60 c:/program files (x86)/atmel/studio/7.0/toolchain/arm/arm-gnu-toolchain/bin/../lib/gcc/arm-none-eabi/6.3.1/../../../../arm-none-eabi/lib/thumb/v7e-m\libc_nano.a(lib_a-findfp.o)
                0x00003db0                __sinit
 .text.__sfp    0x00003e10       0x78 c:/program files (x86)/atmel/studio/7.0/toolchain/arm/arm-gnu-toolchain/bin/../lib/gcc/arm-none-eabi/6.3.1/../../../../arm-none-eabi/lib/thumb/v7e-m\libc_nano.a(lib_a-findfp.o)
                0x00003e10                __sfp
 .text._fwalk_reent
                0x00003e88       0x3c c:/program files (x86)/atmel/studio/7.0/toolchain/arm/arm-gnu-toolchain/bin/../lib/gcc/arm-none-eabi/6.3.1/../../../../arm-none-eabi/lib/thumb/v7e-m\libc_nano.a(lib_a-fwalk.o)
                0x00003e88                _fwalk_reent
 .text._malloc_r
                0x00003ec4       0xbc c:/program files (x86)/atmel/studio/7.0/toolchain/arm/arm-gnu-toolchain/bin/../lib/gcc/arm-none-eabi/6.3.1/../../../../arm-none-eabi/lib/thumb/v7e-m\libc_nano.a(lib_a-nano-mallocr.o)
                0x00003ec4                _malloc_r
 .text.__sfputc_r
                0x00003f80       0x2c c:/program files (x86)/atmel/studio/7.0/toolchain/arm/arm-gnu-toolchain/bin/../lib/gcc/arm-none-eabi/6.3.1/../../../../arm-none-eabi/lib/thumb/v7e-m\libc_nano.a(lib_a-nano-vfprintf.o)
 .text.__sfputs_r
                0x00003fac       0x24 c:/program files (x86)/atmel/studio/7.0/toolchain/arm/arm-gnu-toolchain/bin/../lib/gcc/arm-none-eabi/6.3.1/../../../../arm-none-eabi/lib/thumb/v7e-m\libc_nano.a(lib_a-nano-vfprintf.o)
                0x00003fac                __sfputs_r
 .text._vfprintf_r
                0x00003fd0      0x22c c:/program files (x86)/atmel/studio/7.0/toolchain/arm/arm-gnu-toolchain/bin/../lib/gcc/arm-none-eabi/6.3.1/../../../../arm-none-eabi/lib/thumb/v7e-m\libc_nano.a(lib_a-nano-vfprintf.o)
                0x00003fd0                _vfprintf_r
                0x00003fd0                _vfiprintf_r
 .text._printf_common
                0x000041fc       0xec c:/program files (x86)/atmel/studio/7.0/toolchain/arm/arm-gnu-toolchain/bin/../lib/gcc/arm-none-eabi/6.3.1/../../../../arm-none-eabi/lib/thumb/v7e-m\libc_nano.a(lib_a-nano-vfprintf_i.o)
                0x000041fc                _printf_common
 .text._printf_i
                0x000042e8      0x240 c:/program files (x86)/atmel/studio/7.0/toolchain/arm/arm-gnu-toolchain/bin/../lib/gcc/arm-none-eabi/6.3.1/../../../../arm-none-eabi/lib/thumb/v7e-m\libc_nano.a(lib_a-nano-vfprintf_i.o)
                0x000042e8                _printf_i
 .text._putc_r  0x00004528       0x6c c:/program files (x86)/atmel/studio/7.0/toolchain/arm/arm-gnu-toolchain/bin/../lib/gcc/arm-none-eabi/6.3.1/../../../../arm-none-eabi/lib/thumb/v7e-m\libc_nano.a(lib_a-putc.o)
                0x00004528                _putc_r
 .text._sbrk_r  0x00004594       0x20 c:/program files (x86)/atmel/studio/7.0/toolchain/arm/arm-gnu-toolchain/bin/../lib/gcc/arm-none-eabi/6.3.1/../../../../arm-none-eabi/lib/thumb/v7e-m\libc_nano.a(lib_a-sbrkr.o)
                0x00004594                _sbrk_r
 .text.__sread  0x000045b4       0x22 c:/program files (x86)/atmel/studio/7.0/toolchain/arm/arm-gnu-toolchain/bin/../lib/gcc/arm-none-eabi/6.3.1/../../../../arm-none-eabi/lib/thumb/v7e-m\libc_nano.a(lib_a-stdio.o)
                0x000045b4                __sread
 .text.__swrite
                0x000045d6       0x38 c:/program files (x86)/atmel/studio/7.0/toolchain/arm/arm-gnu-toolchain/bin/../lib/gcc/arm-none-eabi/6.3.1/../../../../arm-none-eabi/lib/thumb/v7e-m\libc_nano.a(lib_a-stdio.o)
                0x000045d6                __swrite
 .text.__sseek  0x0000460e       0x24 c:/program files (x86)/atmel/studio/7.0/toolchain/arm/arm-gnu-toolchain/bin/../lib/gcc/arm-none-eabi/6.3.1/../../../../arm-none-eabi/lib/thumb/v7e-m\libc_nano.a(lib_a-stdio.o)
                0x0000460e                __sseek
 .text.__sclose
                0x00004632        0x8 c:/program files (x86)/atmel/studio/7.0/toolchain/arm/arm-gnu-toolchain/bin/../lib/gcc/arm-none-eabi/6.3.1/../../../../arm-none-eabi/lib/thumb/v7e-m\libc_nano.a(lib_a-stdio.o)
                0x00004632                __sclose
 *fill*         0x0000463a        0x2 
 .text.__swbuf_r
                0x0000463c       0xa4 c:/program files (x86)/atmel/studio/7.0/toolchain/arm/arm-gnu-toolchain/bin/../lib/gcc/arm-none-eabi/6.3.1/../../../../arm-none-eabi/lib/thumb/v7e-m\libc_nano.a(lib_a-wbuf.o)
                0x0000463c                __swbuf_r
 .text._write_r
                0x000046e0       0x24 c:/program files (x86)/atmel/studio/7.0/toolchain/arm/arm-gnu-toolchain/bin/../lib/gcc/arm-none-eabi/6.3.1/../../../../arm-none-eabi/lib/thumb/v7e-m\libc_nano.a(lib_a-writer.o)
                0x000046e0                _write_r
 .text.__swsetup_r
                0x00004704       0xdc c:/program files (x86)/atmel/studio/7.0/toolchain/arm/arm-gnu-toolchain/bin/../lib/gcc/arm-none-eabi/6.3.1/../../../../arm-none-eabi/lib/thumb/v7e-m\libc_nano.a(lib_a-wsetup.o)
                0x00004704                __swsetup_r
 .text._close_r
                0x000047e0       0x20 c:/program files (x86)/atmel/studio/7.0/toolchain/arm/arm-gnu-toolchain/bin/../lib/gcc/arm-none-eabi/6.3.1/../../../../arm-none-eabi/lib/thumb/v7e-m\libc_nano.a(lib_a-closer.o)
                0x000047e0                _close_r
 .text.__sflush_r
                0x00004800      0x110 c:/program files (x86)/atmel/studio/7.0/toolchain/arm/arm-gnu-toolchain/bin/../lib/gcc/arm-none-eabi/6.3.1/../../../../arm-none-eabi/lib/thumb/v7e-m\libc_nano.a(lib_a-fflush.o)
                0x00004800                __sflush_r
 .text._fflush_r
                0x00004910       0x54 c:/program files (x86)/atmel/studio/7.0/toolchain/arm/arm-gnu-toolchain/bin/../lib/gcc/arm-none-eabi/6.3.1/../../../../arm-none-eabi/lib/thumb/v7e-m\libc_nano.a(lib_a-fflush.o)
                0x00004910                _fflush_r
 .text._lseek_r
                0x00004964       0x24 c:/program files (x86)/atmel/studio/7.0/toolchain/arm/arm-gnu-toolchain/bin/../lib/gcc/arm-none-eabi/6.3.1/../../../../arm-none-eabi/lib/thumb/v7e-m\libc_nano.a(lib_a-lseekr.o)
                0x00004964                _lseek_r
 .text.__swhatbuf_r
                0x00004988       0x48 c:/program files (x86)/atmel/studio/7.0/toolchain/arm/arm-gnu-toolchain/bin/../lib/gcc/arm-none-eabi/6.3.1/../../../../arm-none-eabi/lib/thumb/v7e-m\libc_nano.a(lib_a-makebuf.o)
                0x00004988                __swhatbuf_r
 .text.__smakebuf_r
                0x000049d0       0x80 c:/program files (x86)/atmel/studio/7.0/toolchain/arm/arm-gnu-toolchain/bin/../lib/gcc/arm-none-eabi/6.3.1/../../../../arm-none-eabi/lib/thumb/v7e-m\libc_nano.a(lib_a-makebuf.o)
                0x000049d0                __smakebuf_r
 .text          0x00004a50       0xa0 c:/program files (x86)/atmel/studio/7.0/toolchain/arm/arm-gnu-toolchain/bin/../lib/gcc/arm-none-eabi/6.3.1/../../../../arm-none-eabi/lib/thumb/v7e-m\libc_nano.a(lib_a-memchr.o)
                0x00004a50                memchr
 .text.__malloc_lock
                0x00004af0        0x2 c:/program files (x86)/atmel/studio/7.0/toolchain/arm/arm-gnu-toolchain/bin/../lib/gcc/arm-none-eabi/6.3.1/../../../../arm-none-eabi/lib/thumb/v7e-m\libc_nano.a(lib_a-mlock.o)
                0x00004af0                __malloc_lock
 .text.__malloc_unlock
                0x00004af2        0x2 c:/program files (x86)/atmel/studio/7.0/toolchain/arm/arm-gnu-toolchain/bin/../lib/gcc/arm-none-eabi/6.3.1/../../../../arm-none-eabi/lib/thumb/v7e-m\libc_nano.a(lib_a-mlock.o)
                0x00004af2                __malloc_unlock
 .text._free_r  0x00004af4       0x9c c:/program files (x86)/atmel/studio/7.0/toolchain/arm/arm-gnu-toolchain/bin/../lib/gcc/arm-none-eabi/6.3.1/../../../../arm-none-eabi/lib/thumb/v7e-m\libc_nano.a(lib_a-nano-freer.o)
                0x00004af4                _free_r
 .text._read_r  0x00004b90       0x24 c:/program files (x86)/atmel/studio/7.0/toolchain/arm/arm-gnu-toolchain/bin/../lib/gcc/arm-none-eabi/6.3.1/../../../../arm-none-eabi/lib/thumb/v7e-m\libc_nano.a(lib_a-readr.o)
                0x00004b90                _read_r
 .text._fstat_r
                0x00004bb4       0x24 c:/program files (x86)/atmel/studio/7.0/toolchain/arm/arm-gnu-toolchain/bin/../lib/gcc/arm-none-eabi/6.3.1/../../../../arm-none-eabi/lib/thumb/v7e-m\libc_nano.a(lib_a-fstatr.o)
                0x00004bb4                _fstat_r
 .text._isatty_r
                0x00004bd8       0x20 c:/program files (x86)/atmel/studio/7.0/toolchain/arm/arm-gnu-toolchain/bin/../lib/gcc/arm-none-eabi/6.3.1/../../../../arm-none-eabi/lib/thumb/v7e-m\libc_nano.a(lib_a-isattyr.o)
                0x00004bd8                _isatty_r
 *(.glue_7t)
 .glue_7t       0x00004bf8        0x0 linker stubs
 *(.glue_7)
 .glue_7        0x00004bf8        0x0 linker stubs
 *(.rodata .rodata* .gnu.linkonce.r.*)
 .rodata        0x00004bf8       0x1c driver_init.o
 .rodata        0x00004c14       0x14 hal/src/hal_io.o
 .rodata        0x00004c28       0x1b hal/src/hal_spi_m_dma.o
 *fill*         0x00004c43        0x1 
 .rodata        0x00004c44       0x1c hal/src/hal_spi_s_sync.o
 .rodata        0x00004c60       0x1c hal/src/hal_usart_sync.o
 .rodata        0x00004c7c       0x5e hpl/sercom/hpl_sercom.o
 *fill*         0x00004cda        0x2 
 .rodata        0x00004cdc       0x76 main.o
 *fill*         0x00004d52        0x2 
 .rodata._global_impure_ptr
                0x00004d54        0x4 c:/program files (x86)/atmel/studio/7.0/toolchain/arm/arm-gnu-toolchain/bin/../lib/gcc/arm-none-eabi/6.3.1/../../../../arm-none-eabi/lib/thumb/v7e-m\libc_nano.a(lib_a-impure.o)
                0x00004d54                _global_impure_ptr
 .rodata.__sf_fake_stderr
                0x00004d58       0x20 c:/program files (x86)/atmel/studio/7.0/toolchain/arm/arm-gnu-toolchain/bin/../lib/gcc/arm-none-eabi/6.3.1/../../../../arm-none-eabi/lib/thumb/v7e-m\libc_nano.a(lib_a-findfp.o)
                0x00004d58                __sf_fake_stderr
 .rodata.__sf_fake_stdin
                0x00004d78       0x20 c:/program files (x86)/atmel/studio/7.0/toolchain/arm/arm-gnu-toolchain/bin/../lib/gcc/arm-none-eabi/6.3.1/../../../../arm-none-eabi/lib/thumb/v7e-m\libc_nano.a(lib_a-findfp.o)
                0x00004d78                __sf_fake_stdin
 .rodata.__sf_fake_stdout
                0x00004d98       0x20 c:/program files (x86)/atmel/studio/7.0/toolchain/arm/arm-gnu-toolchain/bin/../lib/gcc/arm-none-eabi/6.3.1/../../../../arm-none-eabi/lib/thumb/v7e-m\libc_nano.a(lib_a-findfp.o)
                0x00004d98                __sf_fake_stdout
 .rodata._vfprintf_r.str1.1
                0x00004db8       0x11 c:/program files (x86)/atmel/studio/7.0/toolchain/arm/arm-gnu-toolchain/bin/../lib/gcc/arm-none-eabi/6.3.1/../../../../arm-none-eabi/lib/thumb/v7e-m\libc_nano.a(lib_a-nano-vfprintf.o)
 .rodata._printf_i.str1.1
                0x00004dc9       0x22 c:/program files (x86)/atmel/studio/7.0/toolchain/arm/arm-gnu-toolchain/bin/../lib/gcc/arm-none-eabi/6.3.1/../../../../arm-none-eabi/lib/thumb/v7e-m\libc_nano.a(lib_a-nano-vfprintf_i.o)
 *(.ARM.extab* .gnu.linkonce.armextab.*)
                0x00004dec                . = ALIGN (0x4)
 *fill*         0x00004deb        0x1 
 *(.init)
 .init          0x00004dec        0x4 c:/program files (x86)/atmel/studio/7.0/toolchain/arm/arm-gnu-toolchain/bin/../lib/gcc/arm-none-eabi/6.3.1/thumb/v7e-m/crti.o
                0x00004dec                _init
 .init          0x00004df0        0x8 c:/program files (x86)/atmel/studio/7.0/toolchain/arm/arm-gnu-toolchain/bin/../lib/gcc/arm-none-eabi/6.3.1/thumb/v7e-m/crtn.o
                0x00004df8                . = ALIGN (0x4)
                0x00004df8                __preinit_array_start = .
 *(.preinit_array)
                0x00004df8                __preinit_array_end = .
                0x00004df8                . = ALIGN (0x4)
                0x00004df8                __init_array_start = .
 *(SORT(.init_array.*))
 *(.init_array)
 .init_array    0x00004df8        0x4 c:/program files (x86)/atmel/studio/7.0/toolchain/arm/arm-gnu-toolchain/bin/../lib/gcc/arm-none-eabi/6.3.1/thumb/v7e-m/crtbegin.o
                0x00004dfc                __init_array_end = .
                0x00004dfc                . = ALIGN (0x4)
 *crtbegin.o(.ctors)
 *(EXCLUDE_FILE(*crtend.o) .ctors)
 *(SORT(.ctors.*))
 *crtend.o(.ctors)
                0x00004dfc                . = ALIGN (0x4)
 *(.fini)
 .fini          0x00004dfc        0x4 c:/program files (x86)/atmel/studio/7.0/toolchain/arm/arm-gnu-toolchain/bin/../lib/gcc/arm-none-eabi/6.3.1/thumb/v7e-m/crti.o
                0x00004dfc                _fini
 .fini          0x00004e00        0x8 c:/program files (x86)/atmel/studio/7.0/toolchain/arm/arm-gnu-toolchain/bin/../lib/gcc/arm-none-eabi/6.3.1/thumb/v7e-m/crtn.o
                0x00004e08                . = ALIGN (0x4)
                0x00004e08                __fini_array_start = .
 *(.fini_array)
 .fini_array    0x00004e08        0x4 c:/program files (x86)/atmel/studio/7.0/toolchain/arm/arm-gnu-toolchain/bin/../lib/gcc/arm-none-eabi/6.3.1/thumb/v7e-m/crtbegin.o
 *(SORT(.fini_array.*))
                0x00004e0c                __fini_array_end = .
 *crtbegin.o(.dtors)
 *(EXCLUDE_FILE(*crtend.o) .dtors)
 *(SORT(.dtors.*))
 *crtend.o(.dtors)
                0x00004e0c                . = ALIGN (0x4)
                0x00004e0c                _efixed = .
                [!provide]                PROVIDE (__exidx_start, .)

.vfp11_veneer   0x00004e0c        0x0
 .vfp11_veneer  0x00004e0c        0x0 linker stubs

.v4_bx          0x00004e0c        0x0
 .v4_bx         0x00004e0c        0x0 linker stubs

.iplt           0x00004e0c        0x0
 .iplt          0x00004e0c        0x0 c:/program files (x86)/atmel/studio/7.0/toolchain/arm/arm-gnu-toolchain/bin/../lib/gcc/arm-none-eabi/6.3.1/thumb/v7e-m/crtbegin.o

.eh_frame       0x00004e0c        0x0
 .eh_frame      0x00004e0c        0x0 c:/program files (x86)/atmel/studio/7.0/toolchain/arm/arm-gnu-toolchain/bin/../lib/gcc/arm-none-eabi/6.3.1/thumb/v7e-m/crtbegin.o

.rel.dyn        0x00004e0c        0x0
 .rel.iplt      0x00004e0c        0x0 c:/program files (x86)/atmel/studio/7.0/toolchain/arm/arm-gnu-toolchain/bin/../lib/gcc/arm-none-eabi/6.3.1/thumb/v7e-m/crtbegin.o

.jcr            0x00004e0c        0x0
 .jcr           0x00004e0c        0x0 c:/program files (x86)/atmel/studio/7.0/toolchain/arm/arm-gnu-toolchain/bin/../lib/gcc/arm-none-eabi/6.3.1/thumb/v7e-m/crtbegin.o

.igot.plt       0x00004e0c        0x0
 .igot.plt      0x00004e0c        0x0 c:/program files (x86)/atmel/studio/7.0/toolchain/arm/arm-gnu-toolchain/bin/../lib/gcc/arm-none-eabi/6.3.1/thumb/v7e-m/crtbegin.o

.ARM.exidx
 *(.ARM.exidx* .gnu.linkonce.armexidx.*)
                [!provide]                PROVIDE (__exidx_end, .)
                0x00004e0c                . = ALIGN (0x4)
                0x00004e0c                _etext = .

.relocate       0x20000000       0xa0 load address 0x00004e0c
                0x20000000                . = ALIGN (0x4)
                0x20000000                _srelocate = .
 *(.ramfunc .ramfunc.*)
 *(.data .data.*)
 .data          0x20000000       0x30 hpl/sercom/hpl_sercom.o
 .data          0x20000030        0xc main.o
 .data._impure_ptr
                0x2000003c        0x4 c:/program files (x86)/atmel/studio/7.0/toolchain/arm/arm-gnu-toolchain/bin/../lib/gcc/arm-none-eabi/6.3.1/../../../../arm-none-eabi/lib/thumb/v7e-m\libc_nano.a(lib_a-impure.o)
                0x2000003c                _impure_ptr
 .data.impure_data
                0x20000040       0x60 c:/program files (x86)/atmel/studio/7.0/toolchain/arm/arm-gnu-toolchain/bin/../lib/gcc/arm-none-eabi/6.3.1/../../../../arm-none-eabi/lib/thumb/v7e-m\libc_nano.a(lib_a-impure.o)
                0x200000a0                . = ALIGN (0x4)
                0x200000a0                _erelocate = .

.bkupram        0x47000000        0x0
                0x47000000                . = ALIGN (0x8)
                0x47000000                _sbkupram = .
 *(.bkupram .bkupram.*)
                0x47000000                . = ALIGN (0x8)
                0x47000000                _ebkupram = .

.qspi           0x04000000        0x0
                0x04000000                . = ALIGN (0x8)
                0x04000000                _sqspi = .
 *(.qspi .qspi.*)
                0x04000000                . = ALIGN (0x8)
                0x04000000                _eqspi = .

.bss            0x200000a0      0x648 load address 0x00004eb0
                0x200000a0                . = ALIGN (0x4)
                0x200000a0                _sbss = .
                0x200000a0                _szero = .
 *(.bss .bss.*)
 .bss           0x200000a0       0x1c c:/program files (x86)/atmel/studio/7.0/toolchain/arm/arm-gnu-toolchain/bin/../lib/gcc/arm-none-eabi/6.3.1/thumb/v7e-m/crtbegin.o
 .bss           0x200000bc        0x4 hal/src/hal_delay.o
 .bss           0x200000c0        0x4 hal/utils/src/utils_syscalls.o
 .bss           0x200000c4      0x180 hpl/dmac/hpl_dmac.o
 .bss           0x20000244       0x1c main.o
                0x20000244                spi_slave_tx_complete
                0x20000245                spi_slave_rx_complete
                0x20000246                spi_master_tx_complete
                0x20000247                spi_master_rx_complete
                0x20000248                cs_pulled_high
                0x20000249                received_data_len
 .bss.__malloc_free_list
                0x20000260        0x4 c:/program files (x86)/atmel/studio/7.0/toolchain/arm/arm-gnu-toolchain/bin/../lib/gcc/arm-none-eabi/6.3.1/../../../../arm-none-eabi/lib/thumb/v7e-m\libc_nano.a(lib_a-nano-mallocr.o)
                0x20000260                __malloc_free_list
 .bss.__malloc_sbrk_start
                0x20000264        0x4 c:/program files (x86)/atmel/studio/7.0/toolchain/arm/arm-gnu-toolchain/bin/../lib/gcc/arm-none-eabi/6.3.1/../../../../arm-none-eabi/lib/thumb/v7e-m\libc_nano.a(lib_a-nano-mallocr.o)
                0x20000264                __malloc_sbrk_start
 *(COMMON)
 COMMON         0x20000268       0x5c driver_init.o
                0x20000268                UART
                0x20000274                EDBG_UART
                0x20000280                SPI_1
                0x200002ac                SPI_0
 *fill*         0x200002c4        0xc 
 COMMON         0x200002d0      0x400 hpl/dmac/hpl_dmac.o
                0x200002d0                _descriptor_section
                0x200004d0                _write_back_section
 COMMON         0x200006d0       0x10 hpl/ramecc/hpl_ramecc.o
                0x200006d0                device
 COMMON         0x200006e0        0x4 main.o
                0x200006e0                io_spi_master
 COMMON         0x200006e4        0x4 c:/program files (x86)/atmel/studio/7.0/toolchain/arm/arm-gnu-toolchain/bin/../lib/gcc/arm-none-eabi/6.3.1/../../../../arm-none-eabi/lib/thumb/v7e-m\libc_nano.a(lib_a-reent.o)
                0x200006e4                errno
                0x200006e8                . = ALIGN (0x4)
                0x200006e8                _ebss = .
                0x200006e8                _ezero = .

.stack          0x200006e8    0x10000 load address 0x000054f8
                0x200006e8                . = ALIGN (0x8)
                0x200006e8                _sstack = .
                0x200106e8                . = (. + STACK_SIZE)
 *fill*         0x200006e8    0x10000 
                0x200106e8                . = ALIGN (0x8)
                0x200106e8                _estack = .
                0x200106e8                . = ALIGN (0x4)
                0x200106e8                _end = .
OUTPUT(Sercom Module 2.elf elf32-littlearm)

.ARM.attributes
                0x00000000       0x2e
 .ARM.attributes
                0x00000000       0x1e c:/program files (x86)/atmel/studio/7.0/toolchain/arm/arm-gnu-toolchain/bin/../lib/gcc/arm-none-eabi/6.3.1/thumb/v7e-m/crti.o
 .ARM.attributes
                0x0000001e       0x2e c:/program files (x86)/atmel/studio/7.0/toolchain/arm/arm-gnu-toolchain/bin/../lib/gcc/arm-none-eabi/6.3.1/thumb/v7e-m/crtbegin.o
 .ARM.attributes
                0x0000004c       0x37 atmel_start.o
 .ARM.attributes
                0x00000083       0x37 Device_Startup/startup_same54.o
 .ARM.attributes
                0x000000ba       0x37 driver_init.o
 .ARM.attributes
                0x000000f1       0x37 hal/src/hal_delay.o
 .ARM.attributes
                0x00000128       0x37 hal/src/hal_io.o
 .ARM.attributes
                0x0000015f       0x37 hal/src/hal_spi_m_dma.o
 .ARM.attributes
                0x00000196       0x37 hal/src/hal_spi_s_sync.o
 .ARM.attributes
                0x000001cd       0x37 hal/src/hal_usart_sync.o
 .ARM.attributes
                0x00000204       0x37 hal/utils/src/utils_assert.o
 .ARM.attributes
                0x0000023b       0x37 hal/utils/src/utils_syscalls.o
 .ARM.attributes
                0x00000272       0x37 hpl/core/hpl_core_m4.o
 .ARM.attributes
                0x000002a9       0x37 hpl/core/hpl_init.o
 .ARM.attributes
                0x000002e0       0x37 hpl/dmac/hpl_dmac.o
 .ARM.attributes
                0x00000317       0x37 hpl/gclk/hpl_gclk.o
 .ARM.attributes
                0x0000034e       0x37 hpl/mclk/hpl_mclk.o
 .ARM.attributes
                0x00000385       0x37 hpl/osc32kctrl/hpl_osc32kctrl.o
 .ARM.attributes
                0x000003bc       0x37 hpl/oscctrl/hpl_oscctrl.o
 .ARM.attributes
                0x000003f3       0x37 hpl/ramecc/hpl_ramecc.o
 .ARM.attributes
                0x0000042a       0x37 hpl/sercom/hpl_sercom.o
 .ARM.attributes
                0x00000461       0x37 main.o
 .ARM.attributes
                0x00000498       0x2e c:/program files (x86)/atmel/studio/7.0/toolchain/arm/arm-gnu-toolchain/bin/../lib/gcc/arm-none-eabi/6.3.1/../../../../arm-none-eabi/lib/thumb/v7e-m\libc_nano.a(lib_a-impure.o)
 .ARM.attributes
                0x000004c6       0x2e c:/program files (x86)/atmel/studio/7.0/toolchain/arm/arm-gnu-toolchain/bin/../lib/gcc/arm-none-eabi/6.3.1/../../../../arm-none-eabi/lib/thumb/v7e-m\libc_nano.a(lib_a-init.o)
 .ARM.attributes
                0x000004f4       0x2e c:/program files (x86)/atmel/studio/7.0/toolchain/arm/arm-gnu-toolchain/bin/../lib/gcc/arm-none-eabi/6.3.1/../../../../arm-none-eabi/lib/thumb/v7e-m\libc_nano.a(lib_a-memset.o)
 .ARM.attributes
                0x00000522       0x2e c:/program files (x86)/atmel/studio/7.0/toolchain/arm/arm-gnu-toolchain/bin/../lib/gcc/arm-none-eabi/6.3.1/../../../../arm-none-eabi/lib/thumb/v7e-m\libc_nano.a(lib_a-printf.o)
 .ARM.attributes
                0x00000550       0x2e c:/program files (x86)/atmel/studio/7.0/toolchain/arm/arm-gnu-toolchain/bin/../lib/gcc/arm-none-eabi/6.3.1/../../../../arm-none-eabi/lib/thumb/v7e-m\libc_nano.a(lib_a-putchar.o)
 .ARM.attributes
                0x0000057e       0x2e c:/program files (x86)/atmel/studio/7.0/toolchain/arm/arm-gnu-toolchain/bin/../lib/gcc/arm-none-eabi/6.3.1/../../../../arm-none-eabi/lib/thumb/v7e-m\libc_nano.a(lib_a-findfp.o)
 .ARM.attributes
                0x000005ac       0x2e c:/program files (x86)/atmel/studio/7.0/toolchain/arm/arm-gnu-toolchain/bin/../lib/gcc/arm-none-eabi/6.3.1/../../../../arm-none-eabi/lib/thumb/v7e-m\libc_nano.a(lib_a-fwalk.o)
 .ARM.attributes
                0x000005da       0x2e c:/program files (x86)/atmel/studio/7.0/toolchain/arm/arm-gnu-toolchain/bin/../lib/gcc/arm-none-eabi/6.3.1/../../../../arm-none-eabi/lib/thumb/v7e-m\libc_nano.a(lib_a-nano-mallocr.o)
 .ARM.attributes
                0x00000608       0x2e c:/program files (x86)/atmel/studio/7.0/toolchain/arm/arm-gnu-toolchain/bin/../lib/gcc/arm-none-eabi/6.3.1/../../../../arm-none-eabi/lib/thumb/v7e-m\libc_nano.a(lib_a-nano-vfprintf.o)
 .ARM.attributes
                0x00000636       0x2e c:/program files (x86)/atmel/studio/7.0/toolchain/arm/arm-gnu-toolchain/bin/../lib/gcc/arm-none-eabi/6.3.1/../../../../arm-none-eabi/lib/thumb/v7e-m\libc_nano.a(lib_a-nano-vfprintf_i.o)
 .ARM.attributes
                0x00000664       0x2e c:/program files (x86)/atmel/studio/7.0/toolchain/arm/arm-gnu-toolchain/bin/../lib/gcc/arm-none-eabi/6.3.1/../../../../arm-none-eabi/lib/thumb/v7e-m\libc_nano.a(lib_a-putc.o)
 .ARM.attributes
                0x00000692       0x2e c:/program files (x86)/atmel/studio/7.0/toolchain/arm/arm-gnu-toolchain/bin/../lib/gcc/arm-none-eabi/6.3.1/../../../../arm-none-eabi/lib/thumb/v7e-m\libc_nano.a(lib_a-sbrkr.o)
 .ARM.attributes
                0x000006c0       0x2e c:/program files (x86)/atmel/studio/7.0/toolchain/arm/arm-gnu-toolchain/bin/../lib/gcc/arm-none-eabi/6.3.1/../../../../arm-none-eabi/lib/thumb/v7e-m\libc_nano.a(lib_a-stdio.o)
 .ARM.attributes
                0x000006ee       0x2e c:/program files (x86)/atmel/studio/7.0/toolchain/arm/arm-gnu-toolchain/bin/../lib/gcc/arm-none-eabi/6.3.1/../../../../arm-none-eabi/lib/thumb/v7e-m\libc_nano.a(lib_a-wbuf.o)
 .ARM.attributes
                0x0000071c       0x2e c:/program files (x86)/atmel/studio/7.0/toolchain/arm/arm-gnu-toolchain/bin/../lib/gcc/arm-none-eabi/6.3.1/../../../../arm-none-eabi/lib/thumb/v7e-m\libc_nano.a(lib_a-writer.o)
 .ARM.attributes
                0x0000074a       0x2e c:/program files (x86)/atmel/studio/7.0/toolchain/arm/arm-gnu-toolchain/bin/../lib/gcc/arm-none-eabi/6.3.1/../../../../arm-none-eabi/lib/thumb/v7e-m\libc_nano.a(lib_a-wsetup.o)
 .ARM.attributes
                0x00000778       0x2e c:/program files (x86)/atmel/studio/7.0/toolchain/arm/arm-gnu-toolchain/bin/../lib/gcc/arm-none-eabi/6.3.1/../../../../arm-none-eabi/lib/thumb/v7e-m\libc_nano.a(lib_a-closer.o)
 .ARM.attributes
                0x000007a6       0x2e c:/program files (x86)/atmel/studio/7.0/toolchain/arm/arm-gnu-toolchain/bin/../lib/gcc/arm-none-eabi/6.3.1/../../../../arm-none-eabi/lib/thumb/v7e-m\libc_nano.a(lib_a-fflush.o)
 .ARM.attributes
                0x000007d4       0x2e c:/program files (x86)/atmel/studio/7.0/toolchain/arm/arm-gnu-toolchain/bin/../lib/gcc/arm-none-eabi/6.3.1/../../../../arm-none-eabi/lib/thumb/v7e-m\libc_nano.a(lib_a-lseekr.o)
 .ARM.attributes
                0x00000802       0x2e c:/program files (x86)/atmel/studio/7.0/toolchain/arm/arm-gnu-toolchain/bin/../lib/gcc/arm-none-eabi/6.3.1/../../../../arm-none-eabi/lib/thumb/v7e-m\libc_nano.a(lib_a-makebuf.o)
 .ARM.attributes
                0x00000830       0x1c c:/program files (x86)/atmel/studio/7.0/toolchain/arm/arm-gnu-toolchain/bin/../lib/gcc/arm-none-eabi/6.3.1/../../../../arm-none-eabi/lib/thumb/v7e-m\libc_nano.a(lib_a-memchr.o)
 .ARM.attributes
                0x0000084c       0x2e c:/program files (x86)/atmel/studio/7.0/toolchain/arm/arm-gnu-toolchain/bin/../lib/gcc/arm-none-eabi/6.3.1/../../../../arm-none-eabi/lib/thumb/v7e-m\libc_nano.a(lib_a-mlock.o)
 .ARM.attributes
                0x0000087a       0x2e c:/program files (x86)/atmel/studio/7.0/toolchain/arm/arm-gnu-toolchain/bin/../lib/gcc/arm-none-eabi/6.3.1/../../../../arm-none-eabi/lib/thumb/v7e-m\libc_nano.a(lib_a-nano-freer.o)
 .ARM.attributes
                0x000008a8       0x2e c:/program files (x86)/atmel/studio/7.0/toolchain/arm/arm-gnu-toolchain/bin/../lib/gcc/arm-none-eabi/6.3.1/../../../../arm-none-eabi/lib/thumb/v7e-m\libc_nano.a(lib_a-readr.o)
 .ARM.attributes
                0x000008d6       0x2e c:/program files (x86)/atmel/studio/7.0/toolchain/arm/arm-gnu-toolchain/bin/../lib/gcc/arm-none-eabi/6.3.1/../../../../arm-none-eabi/lib/thumb/v7e-m\libc_nano.a(lib_a-reent.o)
 .ARM.attributes
                0x00000904       0x2e c:/program files (x86)/atmel/studio/7.0/toolchain/arm/arm-gnu-toolchain/bin/../lib/gcc/arm-none-eabi/6.3.1/../../../../arm-none-eabi/lib/thumb/v7e-m\libc_nano.a(lib_a-fstatr.o)
 .ARM.attributes
                0x00000932       0x2e c:/program files (x86)/atmel/studio/7.0/toolchain/arm/arm-gnu-toolchain/bin/../lib/gcc/arm-none-eabi/6.3.1/../../../../arm-none-eabi/lib/thumb/v7e-m\libc_nano.a(lib_a-isattyr.o)
 .ARM.attributes
                0x00000960       0x1e c:/program files (x86)/atmel/studio/7.0/toolchain/arm/arm-gnu-toolchain/bin/../lib/gcc/arm-none-eabi/6.3.1/thumb/v7e-m/crtn.o

.comment        0x00000000       0x59
 .comment       0x00000000       0x59 atmel_start.o
                                 0x5a (size before relaxing)
 .comment       0x00000059       0x5a Device_Startup/startup_same54.o
 .comment       0x00000059       0x5a driver_init.o
 .comment       0x00000059       0x5a hal/src/hal_delay.o
 .comment       0x00000059       0x5a hal/src/hal_io.o
 .comment       0x00000059       0x5a hal/src/hal_spi_m_dma.o
 .comment       0x00000059       0x5a hal/src/hal_spi_s_sync.o
 .comment       0x00000059       0x5a hal/src/hal_usart_sync.o
 .comment       0x00000059       0x5a hal/utils/src/utils_assert.o
 .comment       0x00000059       0x5a hal/utils/src/utils_syscalls.o
 .comment       0x00000059       0x5a hpl/core/hpl_core_m4.o
 .comment       0x00000059       0x5a hpl/core/hpl_init.o
 .comment       0x00000059       0x5a hpl/dmac/hpl_dmac.o
 .comment       0x00000059       0x5a hpl/gclk/hpl_gclk.o
 .comment       0x00000059       0x5a hpl/mclk/hpl_mclk.o
 .comment       0x00000059       0x5a hpl/osc32kctrl/hpl_osc32kctrl.o
 .comment       0x00000059       0x5a hpl/oscctrl/hpl_oscctrl.o
 .comment       0x00000059       0x5a hpl/ramecc/hpl_ramecc.o
 .comment       0x00000059       0x5a hpl/sercom/hpl_sercom.o
 .comment       0x00000059       0x5a main.o

.debug_info     0x00000000    0x1da76
 .debug_info    0x00000000      0x447 atmel_start.o
 .debug_info    0x00000447      0xd7c Device_Startup/startup_same54.o
 .debug_info    0x000011c3     0x45d0 driver_init.o
 .debug_info    0x00005793      0x1ed hal/src/hal_delay.o
 .debug_info    0x00005980      0x268 hal/src/hal_io.o
 .debug_info    0x00005be8      0x92a hal/src/hal_spi_m_dma.o
 .debug_info    0x00006512      0x8c0 hal/src/hal_spi_s_sync.o
 .debug_info    0x00006dd2      0x9c8 hal/src/hal_usart_sync.o
 .debug_info    0x0000779a      0x134 hal/utils/src/utils_assert.o
 .debug_info    0x000078ce      0xdbf hal/utils/src/utils_syscalls.o
 .debug_info    0x0000868d      0xc3b hpl/core/hpl_core_m4.o
 .debug_info    0x000092c8      0xbbb hpl/core/hpl_init.o
 .debug_info    0x00009e83     0x2e64 hpl/dmac/hpl_dmac.o
 .debug_info    0x0000cce7      0x595 hpl/gclk/hpl_gclk.o
 .debug_info    0x0000d27c      0xa4e hpl/mclk/hpl_mclk.o
 .debug_info    0x0000dcca      0x6ee hpl/osc32kctrl/hpl_osc32kctrl.o
 .debug_info    0x0000e3b8     0x10fe hpl/oscctrl/hpl_oscctrl.o
 .debug_info    0x0000f4b6      0xbd9 hpl/ramecc/hpl_ramecc.o
 .debug_info    0x0001008f     0x9329 hpl/sercom/hpl_sercom.o
 .debug_info    0x000193b8     0x46be main.o

.debug_abbrev   0x00000000     0x27b5
 .debug_abbrev  0x00000000      0x104 atmel_start.o
 .debug_abbrev  0x00000104      0x171 Device_Startup/startup_same54.o
 .debug_abbrev  0x00000275      0x2c2 driver_init.o
 .debug_abbrev  0x00000537       0xe2 hal/src/hal_delay.o
 .debug_abbrev  0x00000619      0x116 hal/src/hal_io.o
 .debug_abbrev  0x0000072f      0x19b hal/src/hal_spi_m_dma.o
 .debug_abbrev  0x000008ca      0x1cd hal/src/hal_spi_s_sync.o
 .debug_abbrev  0x00000a97      0x216 hal/src/hal_usart_sync.o
 .debug_abbrev  0x00000cad       0x9e hal/utils/src/utils_assert.o
 .debug_abbrev  0x00000d4b      0x230 hal/utils/src/utils_syscalls.o
 .debug_abbrev  0x00000f7b      0x291 hpl/core/hpl_core_m4.o
 .debug_abbrev  0x0000120c      0x1b7 hpl/core/hpl_init.o
 .debug_abbrev  0x000013c3      0x2ef hpl/dmac/hpl_dmac.o
 .debug_abbrev  0x000016b2      0x186 hpl/gclk/hpl_gclk.o
 .debug_abbrev  0x00001838      0x1bb hpl/mclk/hpl_mclk.o
 .debug_abbrev  0x000019f3      0x1e7 hpl/osc32kctrl/hpl_osc32kctrl.o
 .debug_abbrev  0x00001bda      0x1c0 hpl/oscctrl/hpl_oscctrl.o
 .debug_abbrev  0x00001d9a      0x28f hpl/ramecc/hpl_ramecc.o
 .debug_abbrev  0x00002029      0x3fa hpl/sercom/hpl_sercom.o
 .debug_abbrev  0x00002423      0x392 main.o

.debug_loc      0x00000000     0xadb2
 .debug_loc     0x00000000       0x2c atmel_start.o
 .debug_loc     0x0000002c       0x64 Device_Startup/startup_same54.o
 .debug_loc     0x00000090      0xa4c driver_init.o
 .debug_loc     0x00000adc      0x134 hal/src/hal_delay.o
 .debug_loc     0x00000c10       0xe4 hal/src/hal_io.o
 .debug_loc     0x00000cf4      0x4a4 hal/src/hal_spi_m_dma.o
 .debug_loc     0x00001198      0x4a4 hal/src/hal_spi_s_sync.o
 .debug_loc     0x0000163c      0x594 hal/src/hal_usart_sync.o
 .debug_loc     0x00001bd0       0x5c hal/utils/src/utils_assert.o
 .debug_loc     0x00001c2c      0x300 hal/utils/src/utils_syscalls.o
 .debug_loc     0x00001f2c      0x634 hpl/core/hpl_core_m4.o
 .debug_loc     0x00002560       0x88 hpl/core/hpl_init.o
 .debug_loc     0x000025e8     0x1200 hpl/dmac/hpl_dmac.o
 .debug_loc     0x000037e8      0x128 hpl/gclk/hpl_gclk.o
 .debug_loc     0x00003910       0xac hpl/mclk/hpl_mclk.o
 .debug_loc     0x000039bc      0x164 hpl/osc32kctrl/hpl_osc32kctrl.o
 .debug_loc     0x00003b20      0x164 hpl/oscctrl/hpl_oscctrl.o
 .debug_loc     0x00003c84      0x3ac hpl/ramecc/hpl_ramecc.o
 .debug_loc     0x00004030     0x6626 hpl/sercom/hpl_sercom.o
 .debug_loc     0x0000a656      0x75c main.o

.debug_aranges  0x00000000     0x12e8
 .debug_aranges
                0x00000000       0x20 atmel_start.o
 .debug_aranges
                0x00000020       0x28 Device_Startup/startup_same54.o
 .debug_aranges
                0x00000048      0x140 driver_init.o
 .debug_aranges
                0x00000188       0x38 hal/src/hal_delay.o
 .debug_aranges
                0x000001c0       0x30 hal/src/hal_io.o
 .debug_aranges
                0x000001f0       0x90 hal/src/hal_spi_m_dma.o
 .debug_aranges
                0x00000280       0x90 hal/src/hal_spi_s_sync.o
 .debug_aranges
                0x00000310       0xa8 hal/src/hal_usart_sync.o
 .debug_aranges
                0x000003b8       0x20 hal/utils/src/utils_assert.o
 .debug_aranges
                0x000003d8       0x60 hal/utils/src/utils_syscalls.o
 .debug_aranges
                0x00000438       0xb8 hpl/core/hpl_core_m4.o
 .debug_aranges
                0x000004f0       0x28 hpl/core/hpl_init.o
 .debug_aranges
                0x00000518      0x1c8 hpl/dmac/hpl_dmac.o
 .debug_aranges
                0x000006e0       0x38 hpl/gclk/hpl_gclk.o
 .debug_aranges
                0x00000718       0x28 hpl/mclk/hpl_mclk.o
 .debug_aranges
                0x00000740       0x38 hpl/osc32kctrl/hpl_osc32kctrl.o
 .debug_aranges
                0x00000778       0x38 hpl/oscctrl/hpl_oscctrl.o
 .debug_aranges
                0x000007b0       0x70 hpl/ramecc/hpl_ramecc.o
 .debug_aranges
                0x00000820      0x9f0 hpl/sercom/hpl_sercom.o
 .debug_aranges
                0x00001210       0xd8 main.o

.debug_ranges   0x00000000     0x11a8
 .debug_ranges  0x00000000       0x10 atmel_start.o
 .debug_ranges  0x00000010       0x18 Device_Startup/startup_same54.o
 .debug_ranges  0x00000028      0x130 driver_init.o
 .debug_ranges  0x00000158       0x28 hal/src/hal_delay.o
 .debug_ranges  0x00000180       0x20 hal/src/hal_io.o
 .debug_ranges  0x000001a0       0x80 hal/src/hal_spi_m_dma.o
 .debug_ranges  0x00000220       0x80 hal/src/hal_spi_s_sync.o
 .debug_ranges  0x000002a0       0x98 hal/src/hal_usart_sync.o
 .debug_ranges  0x00000338       0x10 hal/utils/src/utils_assert.o
 .debug_ranges  0x00000348       0x50 hal/utils/src/utils_syscalls.o
 .debug_ranges  0x00000398       0xa8 hpl/core/hpl_core_m4.o
 .debug_ranges  0x00000440       0x18 hpl/core/hpl_init.o
 .debug_ranges  0x00000458      0x1b8 hpl/dmac/hpl_dmac.o
 .debug_ranges  0x00000610       0x28 hpl/gclk/hpl_gclk.o
 .debug_ranges  0x00000638       0x18 hpl/mclk/hpl_mclk.o
 .debug_ranges  0x00000650       0x28 hpl/osc32kctrl/hpl_osc32kctrl.o
 .debug_ranges  0x00000678       0x28 hpl/oscctrl/hpl_oscctrl.o
 .debug_ranges  0x000006a0       0x60 hpl/ramecc/hpl_ramecc.o
 .debug_ranges  0x00000700      0x9e0 hpl/sercom/hpl_sercom.o
 .debug_ranges  0x000010e0       0xc8 main.o

.debug_macro    0x00000000    0x33733
 .debug_macro   0x00000000      0x7cf atmel_start.o
 .debug_macro   0x000007cf      0x8b0 atmel_start.o
 .debug_macro   0x0000107f      0x16d atmel_start.o
 .debug_macro   0x000011ec       0x22 atmel_start.o
 .debug_macro   0x0000120e       0x87 atmel_start.o
 .debug_macro   0x00001295       0x51 atmel_start.o
 .debug_macro   0x000012e6       0xef atmel_start.o
 .debug_macro   0x000013d5       0x6a atmel_start.o
 .debug_macro   0x0000143f      0x1df atmel_start.o
 .debug_macro   0x0000161e       0x22 atmel_start.o
 .debug_macro   0x00001640       0x54 atmel_start.o
 .debug_macro   0x00001694       0x1c atmel_start.o
 .debug_macro   0x000016b0       0x22 atmel_start.o
 .debug_macro   0x000016d2       0xdf atmel_start.o
 .debug_macro   0x000017b1     0x102d atmel_start.o
 .debug_macro   0x000027de      0x11f atmel_start.o
 .debug_macro   0x000028fd      0x706 atmel_start.o
 .debug_macro   0x00003003      0xb5b atmel_start.o
 .debug_macro   0x00003b5e      0x3c0 atmel_start.o
 .debug_macro   0x00003f1e     0x2d61 atmel_start.o
 .debug_macro   0x00006c7f      0x336 atmel_start.o
 .debug_macro   0x00006fb5      0x3b7 atmel_start.o
 .debug_macro   0x0000736c      0x668 atmel_start.o
 .debug_macro   0x000079d4     0x143f atmel_start.o
 .debug_macro   0x00008e13      0x651 atmel_start.o
 .debug_macro   0x00009464      0x67b atmel_start.o
 .debug_macro   0x00009adf      0x6d7 atmel_start.o
 .debug_macro   0x0000a1b6      0x172 atmel_start.o
 .debug_macro   0x0000a328      0x395 atmel_start.o
 .debug_macro   0x0000a6bd     0x19dd atmel_start.o
 .debug_macro   0x0000c09a       0x3a atmel_start.o
 .debug_macro   0x0000c0d4      0x72a atmel_start.o
 .debug_macro   0x0000c7fe      0xb12 atmel_start.o
 .debug_macro   0x0000d310      0x5d7 atmel_start.o
 .debug_macro   0x0000d8e7      0xbc0 atmel_start.o
 .debug_macro   0x0000e4a7      0x9b9 atmel_start.o
 .debug_macro   0x0000ee60      0x2a3 atmel_start.o
 .debug_macro   0x0000f103      0x8cb atmel_start.o
 .debug_macro   0x0000f9ce      0x1ea atmel_start.o
 .debug_macro   0x0000fbb8      0x8f4 atmel_start.o
 .debug_macro   0x000104ac      0x216 atmel_start.o
 .debug_macro   0x000106c2      0x3f9 atmel_start.o
 .debug_macro   0x00010abb      0x620 atmel_start.o
 .debug_macro   0x000110db      0x10d atmel_start.o
 .debug_macro   0x000111e8       0xb8 atmel_start.o
 .debug_macro   0x000112a0     0x1df7 atmel_start.o
 .debug_macro   0x00013097     0x2e69 atmel_start.o
 .debug_macro   0x00015f00     0x11ed atmel_start.o
 .debug_macro   0x000170ed      0x50e atmel_start.o
 .debug_macro   0x000175fb      0x930 atmel_start.o
 .debug_macro   0x00017f2b     0x1ad8 atmel_start.o
 .debug_macro   0x00019a03       0xe7 atmel_start.o
 .debug_macro   0x00019aea     0x13e6 atmel_start.o
 .debug_macro   0x0001aed0      0x36a atmel_start.o
 .debug_macro   0x0001b23a       0x94 atmel_start.o
 .debug_macro   0x0001b2ce       0xdc atmel_start.o
 .debug_macro   0x0001b3aa       0xe2 atmel_start.o
 .debug_macro   0x0001b48c       0xdc atmel_start.o
 .debug_macro   0x0001b568      0x149 atmel_start.o
 .debug_macro   0x0001b6b1      0x149 atmel_start.o
 .debug_macro   0x0001b7fa       0x46 atmel_start.o
 .debug_macro   0x0001b840       0x4c atmel_start.o
 .debug_macro   0x0001b88c       0xc4 atmel_start.o
 .debug_macro   0x0001b950      0x7d5 atmel_start.o
 .debug_macro   0x0001c125       0xb8 atmel_start.o
 .debug_macro   0x0001c1dd       0x7c atmel_start.o
 .debug_macro   0x0001c259      0xc20 atmel_start.o
 .debug_macro   0x0001ce79       0x46 atmel_start.o
 .debug_macro   0x0001cebf      0x25b atmel_start.o
 .debug_macro   0x0001d11a      0x31a atmel_start.o
 .debug_macro   0x0001d434      0x170 atmel_start.o
 .debug_macro   0x0001d5a4       0x7c atmel_start.o
 .debug_macro   0x0001d620       0xbe atmel_start.o
 .debug_macro   0x0001d6de       0x4c atmel_start.o
 .debug_macro   0x0001d72a       0x82 atmel_start.o
 .debug_macro   0x0001d7ac      0x1a3 atmel_start.o
 .debug_macro   0x0001d94f       0x46 atmel_start.o
 .debug_macro   0x0001d995       0x6a atmel_start.o
 .debug_macro   0x0001d9ff       0x46 atmel_start.o
 .debug_macro   0x0001da45       0x88 atmel_start.o
 .debug_macro   0x0001dacd       0x46 atmel_start.o
 .debug_macro   0x0001db13      0x24e atmel_start.o
 .debug_macro   0x0001dd61       0x1c atmel_start.o
 .debug_macro   0x0001dd7d       0x76 atmel_start.o
 .debug_macro   0x0001ddf3       0x3a atmel_start.o
 .debug_macro   0x0001de2d       0x2e atmel_start.o
 .debug_macro   0x0001de5b      0x196 atmel_start.o
 .debug_macro   0x0001dff1      0x16f atmel_start.o
 .debug_macro   0x0001e160      0x16f atmel_start.o
 .debug_macro   0x0001e2cf      0x25d atmel_start.o
 .debug_macro   0x0001e52c      0x25d atmel_start.o
 .debug_macro   0x0001e789      0x25d atmel_start.o
 .debug_macro   0x0001e9e6      0x25d atmel_start.o
 .debug_macro   0x0001ec43      0x25d atmel_start.o
 .debug_macro   0x0001eea0      0x25d atmel_start.o
 .debug_macro   0x0001f0fd      0x25d atmel_start.o
 .debug_macro   0x0001f35a      0x25d atmel_start.o
 .debug_macro   0x0001f5b7       0x52 atmel_start.o
 .debug_macro   0x0001f609       0xfa atmel_start.o
 .debug_macro   0x0001f703       0xfa atmel_start.o
 .debug_macro   0x0001f7fd       0xfa atmel_start.o
 .debug_macro   0x0001f8f7       0xfa atmel_start.o
 .debug_macro   0x0001f9f1       0xfa atmel_start.o
 .debug_macro   0x0001faeb       0xfa atmel_start.o
 .debug_macro   0x0001fbe5       0xfa atmel_start.o
 .debug_macro   0x0001fcdf       0xfa atmel_start.o
 .debug_macro   0x0001fdd9      0x148 atmel_start.o
 .debug_macro   0x0001ff21      0x124 atmel_start.o
 .debug_macro   0x00020045      0x106 atmel_start.o
 .debug_macro   0x0002014b       0xee atmel_start.o
 .debug_macro   0x00020239       0xee atmel_start.o
 .debug_macro   0x00020327       0x2e atmel_start.o
 .debug_macro   0x00020355      0x46a atmel_start.o
 .debug_macro   0x000207bf       0x3a atmel_start.o
 .debug_macro   0x000207f9      0x59f atmel_start.o
 .debug_macro   0x00020d98     0x4ff3 atmel_start.o
 .debug_macro   0x00025d8b       0xcf atmel_start.o
 .debug_macro   0x00025e5a       0x10 atmel_start.o
 .debug_macro   0x00025e6a       0x10 atmel_start.o
 .debug_macro   0x00025e7a       0x16 atmel_start.o
 .debug_macro   0x00025e90       0x16 atmel_start.o
 .debug_macro   0x00025ea6       0x16 atmel_start.o
 .debug_macro   0x00025ebc       0x16 atmel_start.o
 .debug_macro   0x00025ed2       0x16 atmel_start.o
 .debug_macro   0x00025ee8       0x16 atmel_start.o
 .debug_macro   0x00025efe       0x40 atmel_start.o
 .debug_macro   0x00025f3e       0x16 atmel_start.o
 .debug_macro   0x00025f54       0x16 atmel_start.o
 .debug_macro   0x00025f6a       0x16 atmel_start.o
 .debug_macro   0x00025f80       0x16 atmel_start.o
 .debug_macro   0x00025f96       0x16 atmel_start.o
 .debug_macro   0x00025fac       0x16 atmel_start.o
 .debug_macro   0x00025fc2       0x16 atmel_start.o
 .debug_macro   0x00025fd8       0x16 atmel_start.o
 .debug_macro   0x00025fee       0x16 atmel_start.o
 .debug_macro   0x00026004       0x16 atmel_start.o
 .debug_macro   0x0002601a       0x16 atmel_start.o
 .debug_macro   0x00026030       0x16 atmel_start.o
 .debug_macro   0x00026046       0x16 atmel_start.o
 .debug_macro   0x0002605c       0x16 atmel_start.o
 .debug_macro   0x00026072       0x16 atmel_start.o
 .debug_macro   0x00026088       0x16 atmel_start.o
 .debug_macro   0x0002609e       0x16 atmel_start.o
 .debug_macro   0x000260b4       0x16 atmel_start.o
 .debug_macro   0x000260ca       0x16 atmel_start.o
 .debug_macro   0x000260e0       0x16 atmel_start.o
 .debug_macro   0x000260f6       0x16 atmel_start.o
 .debug_macro   0x0002610c      0xe5c atmel_start.o
 .debug_macro   0x00026f68      0x9b6 atmel_start.o
 .debug_macro   0x0002791e       0x94 atmel_start.o
 .debug_macro   0x000279b2       0x16 atmel_start.o
 .debug_macro   0x000279c8       0xbe atmel_start.o
 .debug_macro   0x00027a86      0x28c atmel_start.o
 .debug_macro   0x00027d12       0x16 atmel_start.o
 .debug_macro   0x00027d28      0x4d8 atmel_start.o
 .debug_macro   0x00028200       0x16 atmel_start.o
 .debug_macro   0x00028216       0xca atmel_start.o
 .debug_macro   0x000282e0       0x1c atmel_start.o
 .debug_macro   0x000282fc       0x16 atmel_start.o
 .debug_macro   0x00028312      0x185 atmel_start.o
 .debug_macro   0x00028497       0xd0 atmel_start.o
 .debug_macro   0x00028567       0xc9 atmel_start.o
 .debug_macro   0x00028630       0x10 atmel_start.o
 .debug_macro   0x00028640      0x4b2 Device_Startup/startup_same54.o
 .debug_macro   0x00028af2       0x4e Device_Startup/startup_same54.o
 .debug_macro   0x00028b40      0x7ce driver_init.o
 .debug_macro   0x0002930e       0x7b driver_init.o
 .debug_macro   0x00029389      0x6bd hal/src/hal_delay.o
 .debug_macro   0x00029a46      0x69b hal/src/hal_io.o
 .debug_macro   0x0002a0e1      0x6f2 hal/src/hal_spi_m_dma.o
 .debug_macro   0x0002a7d3      0x6e2 hal/src/hal_spi_s_sync.o
 .debug_macro   0x0002aeb5       0x10 hal/src/hal_spi_s_sync.o
 .debug_macro   0x0002aec5      0x6c6 hal/src/hal_usart_sync.o
 .debug_macro   0x0002b58b      0x690 hal/utils/src/utils_assert.o
 .debug_macro   0x0002bc1b       0x10 hal/utils/src/utils_assert.o
 .debug_macro   0x0002bc2b      0x1d6 hal/utils/src/utils_syscalls.o
 .debug_macro   0x0002be01       0x52 hal/utils/src/utils_syscalls.o
 .debug_macro   0x0002be53       0x8d hal/utils/src/utils_syscalls.o
 .debug_macro   0x0002bee0       0x16 hal/utils/src/utils_syscalls.o
 .debug_macro   0x0002bef6       0x57 hal/utils/src/utils_syscalls.o
 .debug_macro   0x0002bf4d       0x97 hal/utils/src/utils_syscalls.o
 .debug_macro   0x0002bfe4      0x353 hal/utils/src/utils_syscalls.o
 .debug_macro   0x0002c337       0xf6 hal/utils/src/utils_syscalls.o
 .debug_macro   0x0002c42d       0x10 hal/utils/src/utils_syscalls.o
 .debug_macro   0x0002c43d       0x10 hal/utils/src/utils_syscalls.o
 .debug_macro   0x0002c44d       0x1c hal/utils/src/utils_syscalls.o
 .debug_macro   0x0002c469       0x52 hal/utils/src/utils_syscalls.o
 .debug_macro   0x0002c4bb       0x40 hal/utils/src/utils_syscalls.o
 .debug_macro   0x0002c4fb       0x10 hal/utils/src/utils_syscalls.o
 .debug_macro   0x0002c50b       0x40 hal/utils/src/utils_syscalls.o
 .debug_macro   0x0002c54b       0xd7 hal/utils/src/utils_syscalls.o
 .debug_macro   0x0002c622       0x16 hal/utils/src/utils_syscalls.o
 .debug_macro   0x0002c638      0x18b hal/utils/src/utils_syscalls.o
 .debug_macro   0x0002c7c3       0x4c hal/utils/src/utils_syscalls.o
 .debug_macro   0x0002c80f       0x16 hal/utils/src/utils_syscalls.o
 .debug_macro   0x0002c825       0x10 hal/utils/src/utils_syscalls.o
 .debug_macro   0x0002c835       0x10 hal/utils/src/utils_syscalls.o
 .debug_macro   0x0002c845       0x35 hal/utils/src/utils_syscalls.o
 .debug_macro   0x0002c87a      0x122 hal/utils/src/utils_syscalls.o
 .debug_macro   0x0002c99c      0x6c5 hpl/core/hpl_core_m4.o
 .debug_macro   0x0002d061      0x729 hpl/core/hpl_init.o
 .debug_macro   0x0002d78a       0x2e hpl/core/hpl_init.o
 .debug_macro   0x0002d7b8      0xd7b hpl/core/hpl_init.o
 .debug_macro   0x0002e533      0x6cf hpl/dmac/hpl_dmac.o
 .debug_macro   0x0002ec02      0x6cc hpl/dmac/hpl_dmac.o
 .debug_macro   0x0002f2ce      0x6ba hpl/dmac/hpl_dmac.o
 .debug_macro   0x0002f988      0x69f hpl/gclk/hpl_gclk.o
 .debug_macro   0x00030027      0x2f0 hpl/gclk/hpl_gclk.o
 .debug_macro   0x00030317      0x69a hpl/mclk/hpl_mclk.o
 .debug_macro   0x000309b1      0x695 hpl/osc32kctrl/hpl_osc32kctrl.o
 .debug_macro   0x00031046       0x80 hpl/osc32kctrl/hpl_osc32kctrl.o
 .debug_macro   0x000310c6      0x69f hpl/oscctrl/hpl_oscctrl.o
 .debug_macro   0x00031765      0x216 hpl/oscctrl/hpl_oscctrl.o
 .debug_macro   0x0003197b      0x6b0 hpl/ramecc/hpl_ramecc.o
 .debug_macro   0x0003202b      0x98a hpl/sercom/hpl_sercom.o
 .debug_macro   0x000329b5       0x70 hpl/sercom/hpl_sercom.o
 .debug_macro   0x00032a25      0x322 hpl/sercom/hpl_sercom.o
 .debug_macro   0x00032d47       0x1c hpl/sercom/hpl_sercom.o
 .debug_macro   0x00032d63       0x22 hpl/sercom/hpl_sercom.o
 .debug_macro   0x00032d85       0x10 hpl/sercom/hpl_sercom.o
 .debug_macro   0x00032d95      0x982 main.o
 .debug_macro   0x00033717       0x1c main.o

.debug_line     0x00000000    0x12377
 .debug_line    0x00000000      0xd88 atmel_start.o
 .debug_line    0x00000d88      0x8a9 Device_Startup/startup_same54.o
 .debug_line    0x00001631     0x10cd driver_init.o
 .debug_line    0x000026fe      0xc21 hal/src/hal_delay.o
 .debug_line    0x0000331f      0xc1e hal/src/hal_io.o
 .debug_line    0x00003f3d      0xd85 hal/src/hal_spi_m_dma.o
 .debug_line    0x00004cc2      0xde0 hal/src/hal_spi_s_sync.o
 .debug_line    0x00005aa2      0xe22 hal/src/hal_usart_sync.o
 .debug_line    0x000068c4      0xbbf hal/utils/src/utils_assert.o
 .debug_line    0x00007483      0x416 hal/utils/src/utils_syscalls.o
 .debug_line    0x00007899      0xdea hpl/core/hpl_core_m4.o
 .debug_line    0x00008683      0xcda hpl/core/hpl_init.o
 .debug_line    0x0000935d     0x10ee hpl/dmac/hpl_dmac.o
 .debug_line    0x0000a44b      0xc2a hpl/gclk/hpl_gclk.o
 .debug_line    0x0000b075      0xbf2 hpl/mclk/hpl_mclk.o
 .debug_line    0x0000bc67      0xc25 hpl/osc32kctrl/hpl_osc32kctrl.o
 .debug_line    0x0000c88c      0xc3a hpl/oscctrl/hpl_oscctrl.o
 .debug_line    0x0000d4c6      0xcda hpl/ramecc/hpl_ramecc.o
 .debug_line    0x0000e1a0     0x30b1 hpl/sercom/hpl_sercom.o
 .debug_line    0x00011251     0x1126 main.o

.debug_str      0x00000000   0x1207f2
 .debug_str     0x00000000   0x107e04 atmel_start.o
                             0x10835a (size before relaxing)
 .debug_str     0x00107e04      0xbfb Device_Startup/startup_same54.o
                              0xf0d09 (size before relaxing)
 .debug_str     0x001089ff     0x1425 driver_init.o
                             0x109899 (size before relaxing)
 .debug_str     0x00109e24       0x9b hal/src/hal_delay.o
                             0x106726 (size before relaxing)
 .debug_str     0x00109ebf       0x33 hal/src/hal_io.o
                             0x106757 (size before relaxing)
 .debug_str     0x00109ef2      0x369 hal/src/hal_spi_m_dma.o
                             0x1071c9 (size before relaxing)
 .debug_str     0x0010a25b      0x26c hal/src/hal_spi_s_sync.o
                             0x1070e7 (size before relaxing)
 .debug_str     0x0010a4c7      0x4aa hal/src/hal_usart_sync.o
                             0x1071f7 (size before relaxing)
 .debug_str     0x0010a971       0x2a hal/utils/src/utils_assert.o
                             0x1066cc (size before relaxing)
 .debug_str     0x0010a99b     0x4518 hal/utils/src/utils_syscalls.o
                               0x739f (size before relaxing)
 .debug_str     0x0010eeb3      0x892 hpl/core/hpl_core_m4.o
                             0x10786c (size before relaxing)
 .debug_str     0x0010f745     0x30f9 hpl/core/hpl_init.o
                             0x10abcd (size before relaxing)
 .debug_str     0x0011283e     0x69ed hpl/dmac/hpl_dmac.o
                             0x110a20 (size before relaxing)
 .debug_str     0x0011922b      0xbf4 hpl/gclk/hpl_gclk.o
                             0x1073f7 (size before relaxing)
 .debug_str     0x00119e1f       0x47 hpl/mclk/hpl_mclk.o
                             0x106d90 (size before relaxing)
 .debug_str     0x00119e66      0x466 hpl/osc32kctrl/hpl_osc32kctrl.o
                             0x106b24 (size before relaxing)
 .debug_str     0x0011a2cc      0xab4 hpl/oscctrl/hpl_oscctrl.o
                             0x107d34 (size before relaxing)
 .debug_str     0x0011ad80      0x25d hpl/ramecc/hpl_ramecc.o
                             0x107602 (size before relaxing)
 .debug_str     0x0011afdd     0x5578 hpl/sercom/hpl_sercom.o
                             0x10df3f (size before relaxing)
 .debug_str     0x00120555      0x29d main.o
                             0x10d9c3 (size before relaxing)

.debug_frame    0x00000000     0x5790
 .debug_frame   0x00000000       0x2c atmel_start.o
 .debug_frame   0x0000002c       0x48 Device_Startup/startup_same54.o
 .debug_frame   0x00000074      0x514 driver_init.o
 .debug_frame   0x00000588       0xa4 hal/src/hal_delay.o
 .debug_frame   0x0000062c       0x78 hal/src/hal_io.o
 .debug_frame   0x000006a4      0x234 hal/src/hal_spi_m_dma.o
 .debug_frame   0x000008d8      0x228 hal/src/hal_spi_s_sync.o
 .debug_frame   0x00000b00      0x298 hal/src/hal_usart_sync.o
 .debug_frame   0x00000d98       0x38 hal/utils/src/utils_assert.o
 .debug_frame   0x00000dd0      0x168 hal/utils/src/utils_syscalls.o
 .debug_frame   0x00000f38      0x2e0 hpl/core/hpl_core_m4.o
 .debug_frame   0x00001218       0x54 hpl/core/hpl_init.o
 .debug_frame   0x0000126c      0x81c hpl/dmac/hpl_dmac.o
 .debug_frame   0x00001a88       0x9c hpl/gclk/hpl_gclk.o
 .debug_frame   0x00001b24       0x5c hpl/mclk/hpl_mclk.o
 .debug_frame   0x00001b80       0xac hpl/osc32kctrl/hpl_osc32kctrl.o
 .debug_frame   0x00001c2c       0xac hpl/oscctrl/hpl_oscctrl.o
 .debug_frame   0x00001cd8      0x1b8 hpl/ramecc/hpl_ramecc.o
 .debug_frame   0x00001e90     0x2dd8 hpl/sercom/hpl_sercom.o
 .debug_frame   0x00004c68      0x374 main.o
 .debug_frame   0x00004fdc       0x2c c:/program files (x86)/atmel/studio/7.0/toolchain/arm/arm-gnu-toolchain/bin/../lib/gcc/arm-none-eabi/6.3.1/../../../../arm-none-eabi/lib/thumb/v7e-m\libc_nano.a(lib_a-init.o)
 .debug_frame   0x00005008       0x20 c:/program files (x86)/atmel/studio/7.0/toolchain/arm/arm-gnu-toolchain/bin/../lib/gcc/arm-none-eabi/6.3.1/../../../../arm-none-eabi/lib/thumb/v7e-m\libc_nano.a(lib_a-memset.o)
 .debug_frame   0x00005028       0x74 c:/program files (x86)/atmel/studio/7.0/toolchain/arm/arm-gnu-toolchain/bin/../lib/gcc/arm-none-eabi/6.3.1/../../../../arm-none-eabi/lib/thumb/v7e-m\libc_nano.a(lib_a-printf.o)
 .debug_frame   0x0000509c       0x58 c:/program files (x86)/atmel/studio/7.0/toolchain/arm/arm-gnu-toolchain/bin/../lib/gcc/arm-none-eabi/6.3.1/../../../../arm-none-eabi/lib/thumb/v7e-m\libc_nano.a(lib_a-putchar.o)
 .debug_frame   0x000050f4      0x11c c:/program files (x86)/atmel/studio/7.0/toolchain/arm/arm-gnu-toolchain/bin/../lib/gcc/arm-none-eabi/6.3.1/../../../../arm-none-eabi/lib/thumb/v7e-m\libc_nano.a(lib_a-findfp.o)
 .debug_frame   0x00005210       0x54 c:/program files (x86)/atmel/studio/7.0/toolchain/arm/arm-gnu-toolchain/bin/../lib/gcc/arm-none-eabi/6.3.1/../../../../arm-none-eabi/lib/thumb/v7e-m\libc_nano.a(lib_a-fwalk.o)
 .debug_frame   0x00005264       0x2c c:/program files (x86)/atmel/studio/7.0/toolchain/arm/arm-gnu-toolchain/bin/../lib/gcc/arm-none-eabi/6.3.1/../../../../arm-none-eabi/lib/thumb/v7e-m\libc_nano.a(lib_a-nano-mallocr.o)
 .debug_frame   0x00005290       0xac c:/program files (x86)/atmel/studio/7.0/toolchain/arm/arm-gnu-toolchain/bin/../lib/gcc/arm-none-eabi/6.3.1/../../../../arm-none-eabi/lib/thumb/v7e-m\libc_nano.a(lib_a-nano-vfprintf.o)
 .debug_frame   0x0000533c       0x60 c:/program files (x86)/atmel/studio/7.0/toolchain/arm/arm-gnu-toolchain/bin/../lib/gcc/arm-none-eabi/6.3.1/../../../../arm-none-eabi/lib/thumb/v7e-m\libc_nano.a(lib_a-nano-vfprintf_i.o)
 .debug_frame   0x0000539c       0x48 c:/program files (x86)/atmel/studio/7.0/toolchain/arm/arm-gnu-toolchain/bin/../lib/gcc/arm-none-eabi/6.3.1/../../../../arm-none-eabi/lib/thumb/v7e-m\libc_nano.a(lib_a-putc.o)
 .debug_frame   0x000053e4       0x2c c:/program files (x86)/atmel/studio/7.0/toolchain/arm/arm-gnu-toolchain/bin/../lib/gcc/arm-none-eabi/6.3.1/../../../../arm-none-eabi/lib/thumb/v7e-m\libc_nano.a(lib_a-sbrkr.o)
 .debug_frame   0x00005410       0x88 c:/program files (x86)/atmel/studio/7.0/toolchain/arm/arm-gnu-toolchain/bin/../lib/gcc/arm-none-eabi/6.3.1/../../../../arm-none-eabi/lib/thumb/v7e-m\libc_nano.a(lib_a-stdio.o)
 .debug_frame   0x00005498       0x40 c:/program files (x86)/atmel/studio/7.0/toolchain/arm/arm-gnu-toolchain/bin/../lib/gcc/arm-none-eabi/6.3.1/../../../../arm-none-eabi/lib/thumb/v7e-m\libc_nano.a(lib_a-wbuf.o)
 .debug_frame   0x000054d8       0x2c c:/program files (x86)/atmel/studio/7.0/toolchain/arm/arm-gnu-toolchain/bin/../lib/gcc/arm-none-eabi/6.3.1/../../../../arm-none-eabi/lib/thumb/v7e-m\libc_nano.a(lib_a-writer.o)
 .debug_frame   0x00005504       0x2c c:/program files (x86)/atmel/studio/7.0/toolchain/arm/arm-gnu-toolchain/bin/../lib/gcc/arm-none-eabi/6.3.1/../../../../arm-none-eabi/lib/thumb/v7e-m\libc_nano.a(lib_a-wsetup.o)
 .debug_frame   0x00005530       0x2c c:/program files (x86)/atmel/studio/7.0/toolchain/arm/arm-gnu-toolchain/bin/../lib/gcc/arm-none-eabi/6.3.1/../../../../arm-none-eabi/lib/thumb/v7e-m\libc_nano.a(lib_a-closer.o)
 .debug_frame   0x0000555c       0x68 c:/program files (x86)/atmel/studio/7.0/toolchain/arm/arm-gnu-toolchain/bin/../lib/gcc/arm-none-eabi/6.3.1/../../../../arm-none-eabi/lib/thumb/v7e-m\libc_nano.a(lib_a-fflush.o)
 .debug_frame   0x000055c4       0x2c c:/program files (x86)/atmel/studio/7.0/toolchain/arm/arm-gnu-toolchain/bin/../lib/gcc/arm-none-eabi/6.3.1/../../../../arm-none-eabi/lib/thumb/v7e-m\libc_nano.a(lib_a-lseekr.o)
 .debug_frame   0x000055f0       0x58 c:/program files (x86)/atmel/studio/7.0/toolchain/arm/arm-gnu-toolchain/bin/../lib/gcc/arm-none-eabi/6.3.1/../../../../arm-none-eabi/lib/thumb/v7e-m\libc_nano.a(lib_a-makebuf.o)