Archive member included to satisfy reference by file (symbol)

c:/program files (x86)/atmel/studio/7.0/toolchain/arm/arm-gnu-toolchain/bin/../lib/gcc/arm-none-eabi/6.3.1/thumb/v7e-m\libgcc.a(_arm_addsubdf3.o)
                              hpl/sercom/hpl_sercom.o (__aeabi_dsub)
c:/program files (x86)/atmel/studio/7.0/toolchain/arm/arm-gnu-toolchain/bin/../lib/gcc/arm-none-eabi/6.3.1/thumb/v7e-m\libgcc.a(_arm_muldivdf3.o)
                              hpl/sercom/hpl_sercom.o (__aeabi_dmul)
c:/program files (x86)/atmel/studio/7.0/toolchain/arm/arm-gnu-toolchain/bin/../lib/gcc/arm-none-eabi/6.3.1/thumb/v7e-m\libgcc.a(_arm_fixunsdfsi.o)
                              hpl/sercom/hpl_sercom.o (__aeabi_d2uiz)
c:/program files (x86)/atmel/studio/7.0/toolchain/arm/arm-gnu-toolchain/bin/../lib/gcc/arm-none-eabi/6.3.1/thumb/v7e-m\libgcc.a(_aeabi_uldivmod.o)
                              hpl/sercom/hpl_sercom.o (__aeabi_uldivmod)
c:/program files (x86)/atmel/studio/7.0/toolchain/arm/arm-gnu-toolchain/bin/../lib/gcc/arm-none-eabi/6.3.1/thumb/v7e-m\libgcc.a(_udivmoddi4.o)
                              c:/program files (x86)/atmel/studio/7.0/toolchain/arm/arm-gnu-toolchain/bin/../lib/gcc/arm-none-eabi/6.3.1/thumb/v7e-m\libgcc.a(_aeabi_uldivmod.o) (__udivmoddi4)
c:/program files (x86)/atmel/studio/7.0/toolchain/arm/arm-gnu-toolchain/bin/../lib/gcc/arm-none-eabi/6.3.1/thumb/v7e-m\libgcc.a(_dvmd_tls.o)
                              c:/program files (x86)/atmel/studio/7.0/toolchain/arm/arm-gnu-toolchain/bin/../lib/gcc/arm-none-eabi/6.3.1/thumb/v7e-m\libgcc.a(_aeabi_uldivmod.o) (__aeabi_ldiv0)
c:/program files (x86)/atmel/studio/7.0/toolchain/arm/arm-gnu-toolchain/bin/../lib/gcc/arm-none-eabi/6.3.1/../../../../arm-none-eabi/lib/thumb/v7e-m\libc_nano.a(lib_a-exit.o)
                              c:/program files (x86)/atmel/studio/7.0/toolchain/arm/arm-gnu-toolchain/bin/../lib/gcc/arm-none-eabi/6.3.1/../../../../arm-none-eabi/lib/thumb/v7e-m/crt0.o (exit)
c:/program files (x86)/atmel/studio/7.0/toolchain/arm/arm-gnu-toolchain/bin/../lib/gcc/arm-none-eabi/6.3.1/../../../../arm-none-eabi/lib/thumb/v7e-m\libc_nano.a(lib_a-ffs.o)
                              hpl/eic/hpl_eic.o (ffs)
c:/program files (x86)/atmel/studio/7.0/toolchain/arm/arm-gnu-toolchain/bin/../lib/gcc/arm-none-eabi/6.3.1/../../../../arm-none-eabi/lib/thumb/v7e-m\libc_nano.a(lib_a-impure.o)
                              c:/program files (x86)/atmel/studio/7.0/toolchain/arm/arm-gnu-toolchain/bin/../lib/gcc/arm-none-eabi/6.3.1/../../../../arm-none-eabi/lib/thumb/v7e-m\libc_nano.a(lib_a-exit.o) (_global_impure_ptr)
c:/program files (x86)/atmel/studio/7.0/toolchain/arm/arm-gnu-toolchain/bin/../lib/gcc/arm-none-eabi/6.3.1/../../../../arm-none-eabi/lib/thumb/v7e-m\libc_nano.a(lib_a-init.o)
                              c:/program files (x86)/atmel/studio/7.0/toolchain/arm/arm-gnu-toolchain/bin/../lib/gcc/arm-none-eabi/6.3.1/../../../../arm-none-eabi/lib/thumb/v7e-m/crt0.o (__libc_init_array)
c:/program files (x86)/atmel/studio/7.0/toolchain/arm/arm-gnu-toolchain/bin/../lib/gcc/arm-none-eabi/6.3.1/../../../../arm-none-eabi/lib/thumb/v7e-m\libc_nano.a(lib_a-memset.o)
                              c:/program files (x86)/atmel/studio/7.0/toolchain/arm/arm-gnu-toolchain/bin/../lib/gcc/arm-none-eabi/6.3.1/../../../../arm-none-eabi/lib/thumb/v7e-m/crt0.o (memset)
c:/program files (x86)/atmel/studio/7.0/toolchain/arm/arm-gnu-toolchain/bin/../lib/gcc/arm-none-eabi/6.3.1/../../../../arm-none-eabi/lib/thumb/v7e-m\libc_nano.a(lib_a-printf.o)
                              hal/utils/src/utils_syscalls.o (printf)
c:/program files (x86)/atmel/studio/7.0/toolchain/arm/arm-gnu-toolchain/bin/../lib/gcc/arm-none-eabi/6.3.1/../../../../arm-none-eabi/lib/thumb/v7e-m\libc_nano.a(lib_a-sprintf.o)
                              main.o (sprintf)
c:/program files (x86)/atmel/studio/7.0/toolchain/arm/arm-gnu-toolchain/bin/../lib/gcc/arm-none-eabi/6.3.1/../../../../arm-none-eabi/lib/thumb/v7e-m\libc_nano.a(lib_a-findfp.o)
                              c:/program files (x86)/atmel/studio/7.0/toolchain/arm/arm-gnu-toolchain/bin/../lib/gcc/arm-none-eabi/6.3.1/../../../../arm-none-eabi/lib/thumb/v7e-m\libc_nano.a(lib_a-printf.o) (__sinit)
c:/program files (x86)/atmel/studio/7.0/toolchain/arm/arm-gnu-toolchain/bin/../lib/gcc/arm-none-eabi/6.3.1/../../../../arm-none-eabi/lib/thumb/v7e-m\libc_nano.a(lib_a-fwalk.o)
                              c:/program files (x86)/atmel/studio/7.0/toolchain/arm/arm-gnu-toolchain/bin/../lib/gcc/arm-none-eabi/6.3.1/../../../../arm-none-eabi/lib/thumb/v7e-m\libc_nano.a(lib_a-findfp.o) (_fwalk)
c:/program files (x86)/atmel/studio/7.0/toolchain/arm/arm-gnu-toolchain/bin/../lib/gcc/arm-none-eabi/6.3.1/../../../../arm-none-eabi/lib/thumb/v7e-m\libc_nano.a(lib_a-nano-mallocr.o)
[...]
Memory Configuration

Name             Origin             Length             Attributes
rom              0x00000000         0x00100000         xr
ram              0x20000000         0x00040000         xrw
bkupram          0x47000000         0x00002000         xrw
qspi             0x04000000         0x01000000         xrw
*default*        0x00000000         0xffffffff

Linker script and memory map

LOAD c:/program files (x86)/atmel/studio/7.0/toolchain/arm/arm-gnu-toolchain/bin/../lib/gcc/arm-none-eabi/6.3.1/thumb/v7e-m/crti.o
LOAD c:/program files (x86)/atmel/studio/7.0/toolchain/arm/arm-gnu-toolchain/bin/../lib/gcc/arm-none-eabi/6.3.1/thumb/v7e-m/crtbegin.o
LOAD c:/program files (x86)/atmel/studio/7.0/toolchain/arm/arm-gnu-toolchain/bin/../lib/gcc/arm-none-eabi/6.3.1/../../../../arm-none-eabi/lib/thumb/v7e-m/crt0.o
LOAD atmel_start.o
LOAD Device_Startup/startup_same54.o
LOAD Device_Startup/system_same54.o
LOAD driver_init.o
LOAD examples/driver_examples.o
LOAD hal/src/hal_atomic.o
LOAD hal/src/hal_cache.o
LOAD hal/src/hal_delay.o
LOAD hal/src/hal_evsys.o
LOAD hal/src/hal_ext_irq.o
LOAD hal/src/hal_gpio.o
LOAD hal/src/hal_init.o
LOAD hal/src/hal_io.o
LOAD hal/src/hal_pwm.o
LOAD hal/src/hal_sleep.o
LOAD hal/src/hal_timer.o
LOAD hal/src/hal_usart_async.o
LOAD hal/utils/src/utils_assert.o
LOAD hal/utils/src/utils_event.o
LOAD hal/utils/src/utils_list.o
LOAD hal/utils/src/utils_ringbuffer.o
LOAD hal/utils/src/utils_syscalls.o
LOAD hpl/cmcc/hpl_cmcc.o
LOAD hpl/core/hpl_core_m4.o
LOAD hpl/core/hpl_init.o
LOAD hpl/dmac/hpl_dmac.o
LOAD hpl/eic/hpl_eic.o
LOAD hpl/evsys/hpl_evsys.o
LOAD hpl/gclk/hpl_gclk.o
LOAD hpl/mclk/hpl_mclk.o
LOAD hpl/osc32kctrl/hpl_osc32kctrl.o
LOAD hpl/oscctrl/hpl_oscctrl.o
LOAD hpl/pm/hpl_pm.o
LOAD hpl/ramecc/hpl_ramecc.o
LOAD hpl/sercom/hpl_sercom.o
LOAD hpl/tc/hpl_tc.o
LOAD hpl/tc/tc_lite.o
LOAD main.o
LOAD pwm_control.o
START GROUP
LOAD c:/program files (x86)/atmel/studio/7.0/toolchain/arm/arm-gnu-toolchain/bin/../lib/gcc/arm-none-eabi/6.3.1/../../../../arm-none-eabi/lib/thumb/v7e-m\libm.a
END GROUP
START GROUP
LOAD c:/program files (x86)/atmel/studio/7.0/toolchain/arm/arm-gnu-toolchain/bin/../lib/gcc/arm-none-eabi/6.3.1/thumb/v7e-m\libgcc.a
LOAD c:/program files (x86)/atmel/studio/7.0/toolchain/arm/arm-gnu-toolchain/bin/../lib/gcc/arm-none-eabi/6.3.1/../../../../arm-none-eabi/lib/thumb/v7e-m\libc_nano.a
END GROUP
START GROUP
LOAD c:/program files (x86)/atmel/studio/7.0/toolchain/arm/arm-gnu-toolchain/bin/../lib/gcc/arm-none-eabi/6.3.1/thumb/v7e-m\libgcc.a
LOAD c:/program files (x86)/atmel/studio/7.0/toolchain/arm/arm-gnu-toolchain/bin/../lib/gcc/arm-none-eabi/6.3.1/../../../../arm-none-eabi/lib/thumb/v7e-m\libc_nano.a
END GROUP
LOAD c:/program files (x86)/atmel/studio/7.0/toolchain/arm/arm-gnu-toolchain/bin/../lib/gcc/arm-none-eabi/6.3.1/thumb/v7e-m/crtend.o
LOAD c:/program files (x86)/atmel/studio/7.0/toolchain/arm/arm-gnu-toolchain/bin/../lib/gcc/arm-none-eabi/6.3.1/thumb/v7e-m/crtn.o
                0x00010000                STACK_SIZE = DEFINED (STACK_SIZE)?STACK_SIZE:DEFINED (__stack_size__)?__stack_size__:0x10000

.text           0x00000000     0x5f18
                0x00000000                . = ALIGN (0x4)
                0x00000000                _sfixed = .
 *(.vectors .vectors.*)
 .vectors       0x00000000      0x264 Device_Startup/startup_same54.o
                0x00000000                exception_table
 *(.text .text.* .gnu.linkonce.t.*)
 .text          0x00000264       0x6c c:/program files (x86)/atmel/studio/7.0/toolchain/arm/arm-gnu-toolchain/bin/../lib/gcc/arm-none-eabi/6.3.1/thumb/v7e-m/crtbegin.o
 .text.atmel_start_init
                0x000002d0       0x10 atmel_start.o
                0x000002d0                atmel_start_init
 .text.Reset_Handler
                0x000002e0       0x9c Device_Startup/startup_same54.o
                0x000002e0                Reset_Handler
 .text.Dummy_Handler
                0x0000037c        0x6 Device_Startup/startup_same54.o
                0x0000037c                EIC_5_Handler
                0x0000037c                SVCall_Handler
                0x0000037c                SERCOM0_2_Handler
                0x0000037c                EIC_13_Handler
                0x0000037c                EVSYS_0_Handler
                0x0000037c                TCC1_3_Handler
                0x0000037c                DAC_3_Handler
                0x0000037c                TRNG_Handler
                0x0000037c                HardFault_Handler
                0x0000037c                PDEC_2_Handler
                0x0000037c                EIC_4_Handler
                0x0000037c                AC_Handler
                0x0000037c                SERCOM3_1_Handler
                0x0000037c                TCC2_3_Handler
                0x0000037c                SysTick_Handler
                0x0000037c                SERCOM3_2_Handler
                0x0000037c                PendSV_Handler
                0x0000037c                TC7_Handler
                0x0000037c                ADC1_1_Handler
                0x0000037c                EVSYS_3_Handler
                0x0000037c                PDEC_0_Handler
                0x0000037c                QSPI_Handler
                0x0000037c                NonMaskableInt_Handler
                0x0000037c                TCC0_0_Handler
                0x0000037c                EIC_3_Handler
                0x0000037c                MemManagement_Handler
                0x0000037c                DAC_2_Handler
                0x0000037c                SERCOM0_0_Handler
                0x0000037c                RTC_Handler
                0x0000037c                UsageFault_Handler
                0x0000037c                SERCOM4_0_Handler
                0x0000037c                EIC_10_Handler
                0x0000037c                SERCOM0_3_Handler
                0x0000037c                EIC_11_Handler
                0x0000037c                EIC_9_Handler
                0x0000037c                OSC32KCTRL_Handler
                0x0000037c                TCC2_1_Handler
                0x0000037c                SUPC_1_Handler
                0x0000037c                TCC0_5_Handler
                0x0000037c                TCC0_6_Handler
                0x0000037c                SERCOM6_2_Handler
                0x0000037c                EVSYS_1_Handler
                0x0000037c                TCC1_4_Handler
                0x0000037c                TC6_Handler
                0x0000037c                DMAC_0_Handler
                0x0000037c                WDT_Handler
                0x0000037c                CAN0_Handler
                0x0000037c                EIC_8_Handler
                0x0000037c                EIC_15_Handler
                0x0000037c                SERCOM6_0_Handler
                0x0000037c                SERCOM5_0_Handler
                0x0000037c                OSCCTRL_4_Handler
                0x0000037c                SERCOM4_3_Handler
                0x0000037c                EIC_12_Handler
                0x0000037c                DMAC_4_Handler
                0x0000037c                TCC4_2_Handler
                0x0000037c                PAC_Handler
                0x0000037c                TCC1_0_Handler
                0x0000037c                USB_0_Handler
                0x0000037c                OSCCTRL_0_Handler
                0x0000037c                OSCCTRL_3_Handler
                0x0000037c                SERCOM4_1_Handler
                0x0000037c                TC3_Handler
                0x0000037c                Dummy_Handler
                0x0000037c                TCC3_0_Handler
                0x0000037c                TCC2_2_Handler
                0x0000037c                SERCOM5_1_Handler
                0x0000037c                TCC1_1_Handler
                0x0000037c                DMAC_2_Handler
                0x0000037c                ADC0_0_Handler
                0x0000037c                SERCOM0_1_Handler
                0x0000037c                OSCCTRL_2_Handler
                0x0000037c                ADC1_0_Handler
                0x0000037c                TCC1_2_Handler
                0x0000037c                SERCOM7_1_Handler
                0x0000037c                USB_1_Handler
                0x0000037c                PM_Handler
                0x0000037c                SERCOM6_3_Handler
                0x0000037c                DAC_4_Handler
                0x0000037c                TCC3_2_Handler
                0x0000037c                SERCOM7_0_Handler
                0x0000037c                TCC0_2_Handler
                0x0000037c                DMAC_1_Handler
                0x0000037c                TCC4_0_Handler
                0x0000037c                SERCOM7_3_Handler
                0x0000037c                GMAC_Handler
                0x0000037c                SDHC1_Handler
                0x0000037c                USB_3_Handler
                0x0000037c                CAN1_Handler
                0x0000037c                SERCOM7_2_Handler
                0x0000037c                TCC2_0_Handler
                0x0000037c                PDEC_1_Handler
                0x0000037c                TCC4_1_Handler
                0x0000037c                SERCOM5_3_Handler
                0x0000037c                USB_2_Handler
                0x0000037c                SERCOM6_1_Handler
                0x0000037c                SDHC0_Handler
                0x0000037c                SERCOM1_1_Handler
                0x0000037c                I2S_Handler
                0x0000037c                EIC_2_Handler
                0x0000037c                PCC_Handler
                0x0000037c                DAC_0_Handler
                0x0000037c                TCC0_1_Handler
                0x0000037c                SERCOM1_3_Handler
                0x0000037c                EIC_6_Handler
                0x0000037c                OSCCTRL_1_Handler
                0x0000037c                SERCOM1_0_Handler
                0x0000037c                PUKCC_Handler
                0x0000037c                SERCOM1_2_Handler
                0x0000037c                SERCOM3_0_Handler
                0x0000037c                EIC_1_Handler
                0x0000037c                SERCOM4_2_Handler
                0x0000037c                EVSYS_4_Handler
                0x0000037c                EIC_7_Handler
                0x0000037c                NVMCTRL_1_Handler
                0x0000037c                SERCOM5_2_Handler
                0x0000037c                ADC0_1_Handler
                0x0000037c                SERCOM3_3_Handler
                0x0000037c                TCC3_1_Handler
                0x0000037c                EIC_14_Handler
                0x0000037c                DAC_1_Handler
                0x0000037c                NVMCTRL_0_Handler
                0x0000037c                MCLK_Handler
                0x0000037c                EVSYS_2_Handler
                0x0000037c                SUPC_0_Handler
                0x0000037c                BusFault_Handler
                0x0000037c                FREQM_Handler
                0x0000037c                TCC0_3_Handler
                0x0000037c                DMAC_3_Handler
                0x0000037c                DebugMonitor_Handler
                0x0000037c                TCC0_4_Handler
                0x0000037c                TC5_Handler
                0x0000037c                ICM_Handler
                0x0000037c                AES_Handler
 .text.hri_gclk_write_PCHCTRL_reg
                0x00000382       0x26 driver_init.o
 .text.hri_mclk_set_APBAMASK_EIC_bit
                0x000003a8       0x20 driver_init.o
 .text.hri_mclk_set_APBAMASK_TC0_bit
                0x000003c8       0x20 driver_init.o
 .text.hri_mclk_set_APBAMASK_TC1_bit
                0x000003e8       0x20 driver_init.o
 .text.hri_mclk_set_APBBMASK_EVSYS_bit
                0x00000408       0x20 driver_init.o
 .text.hri_mclk_set_APBBMASK_SERCOM2_bit
                0x00000428       0x20 driver_init.o
 .text.hri_mclk_set_APBBMASK_TC2_bit
                0x00000448       0x20 driver_init.o
 .text.hri_mclk_set_APBCMASK_TC4_bit
                0x00000468       0x20 driver_init.o
 .text.hri_port_set_DIR_reg
                0x00000488       0x28 driver_init.o
 .text.hri_port_clear_DIR_reg
                0x000004b0       0x28 driver_init.o
 .text.hri_port_set_OUT_reg
                0x000004d8       0x28 driver_init.o
 .text.hri_port_clear_OUT_reg
                0x00000500       0x28 driver_init.o
 .text.hri_port_write_PMUX_PMUXE_bf
                0x00000528       0x60 driver_init.o
 .text.hri_port_write_PMUX_PMUXO_bf
                0x00000588       0x5e driver_init.o
 .text.hri_port_write_PINCFG_PMUXEN_bit
                0x000005e6       0x5a driver_init.o
 .text.hri_port_set_PINCFG_PULLEN_bit
                0x00000640       0x44 driver_init.o
 .text.hri_port_clear_PINCFG_PULLEN_bit
                0x00000684       0x44 driver_init.o
 .text.hri_port_write_WRCONFIG_reg
                0x000006c8       0x28 driver_init.o
 .text._gpio_set_direction
                0x000006f0       0xe8 driver_init.o
 .text._gpio_set_level
                0x000007d8       0x44 driver_init.o
 .text._gpio_set_pin_pull_mode
                0x0000081c       0xc0 driver_init.o
 .text._gpio_set_pin_function
                0x000008dc       0x84 driver_init.o
 .text.gpio_set_pin_pull_mode
                0x00000960       0x34 driver_init.o
 .text.gpio_set_pin_function
                0x00000994       0x20 driver_init.o
 .text.gpio_set_pin_direction
                0x000009b4       0x38 driver_init.o
 .text.gpio_set_pin_level
                0x000009ec       0x38 driver_init.o
 .text.init_mcu
                0x00000a24       0x10 driver_init.o
 .text.EXTERNAL_IRQ_0_init
                0x00000a34       0x58 driver_init.o
                0x00000a34                EXTERNAL_IRQ_0_init
 .text.EVENT_SYSTEM_0_init
                0x00000a8c       0x30 driver_init.o
                0x00000a8c                EVENT_SYSTEM_0_init
 .text.USART_0_CLOCK_init
                0x00000abc       0x34 driver_init.o
                0x00000abc                USART_0_CLOCK_init
 .text.USART_0_PORT_init
                0x00000af0       0x24 driver_init.o
                0x00000af0                USART_0_PORT_init
 .text.USART_0_init
                0x00000b14       0x40 driver_init.o
                0x00000b14                USART_0_init
 .text.TIMER_0_CLOCK_init
                0x00000b54       0x28 driver_init.o
                0x00000b54                TIMER_0_CLOCK_init
 .text.TIMER_1_init
                0x00000b7c       0x48 driver_init.o
 .text.TIMER_2_init
                0x00000bc4       0x48 driver_init.o
 .text.PWM_0_PORT_init
                0x00000c0c       0x24 driver_init.o
                0x00000c0c                PWM_0_PORT_init
 .text.PWM_0_CLOCK_init
                0x00000c30       0x28 driver_init.o
                0x00000c30                PWM_0_CLOCK_init
 .text.PWM_0_init
                0x00000c58       0x38 driver_init.o
                0x00000c58                PWM_0_init
 .text.system_init
                0x00000c90       0xb0 driver_init.o
                0x00000c90                system_init
 .text.atomic_enter_critical
                0x00000d40       0x26 hal/src/hal_atomic.o
                0x00000d40                atomic_enter_critical
 .text.atomic_leave_critical
                0x00000d66       0x24 hal/src/hal_atomic.o
                0x00000d66                atomic_leave_critical
 *fill*         0x00000d8a        0x2 
 .text.event_system_init
                0x00000d8c       0x14 hal/src/hal_evsys.o
                0x00000d8c                event_system_init
 .text.ext_irq_init
                0x00000da0       0x4c hal/src/hal_ext_irq.o
                0x00000da0                ext_irq_init
 .text.process_ext_irq
                0x00000dec       0x84 hal/src/hal_ext_irq.o
 .text.io_write
                0x00000e70       0x50 hal/src/hal_io.o
                0x00000e70                io_write
 .text.io_read  0x00000ec0       0x50 hal/src/hal_io.o
                0x00000ec0                io_read
 .text.pwm_init
                0x00000f10       0x64 hal/src/hal_pwm.o
                0x00000f10                pwm_init
 .text.pwm_enable
                0x00000f74       0x54 hal/src/hal_pwm.o
                0x00000f74                pwm_enable
 .text.pwm_disable
                0x00000fc8       0x5c hal/src/hal_pwm.o
                0x00000fc8                pwm_disable
 .text.pwm_set_parameters
                0x00001024       0x44 hal/src/hal_pwm.o
                0x00001024                pwm_set_parameters
 .text.pwm_period_expired
                0x00001068       0x24 hal/src/hal_pwm.o
 .text.pwm_detect_fault
                0x0000108c       0x24 hal/src/hal_pwm.o
 .text.list_get_head
                0x000010b0       0x18 hal/src/hal_timer.o
 .text.list_get_next_element
                0x000010c8       0x22 hal/src/hal_timer.o
 *fill*         0x000010ea        0x2 
 .text.timer_init
                0x000010ec       0x60 hal/src/hal_timer.o
                0x000010ec                timer_init
 .text.timer_start
                0x0000114c       0x54 hal/src/hal_timer.o
                0x0000114c                timer_start
 .text.timer_add_task
                0x000011a0       0xf8 hal/src/hal_timer.o
                0x000011a0                timer_add_task
 .text.timer_add_timer_task
                0x00001298       0xb0 hal/src/hal_timer.o
 .text.timer_process_counted
                0x00001348       0xbc hal/src/hal_timer.o
 .text.usart_async_init
                0x00001404       0xc4 hal/src/hal_usart_async.o
                0x00001404                usart_async_init
 .text.usart_async_enable
                0x000014c8       0x40 hal/src/hal_usart_async.o
                0x000014c8                usart_async_enable
 .text.usart_async_register_callback
                0x00001508       0xb4 hal/src/hal_usart_async.o
                0x00001508                usart_async_register_callback
 .text.usart_async_write
                0x000015bc       0x90 hal/src/hal_usart_async.o
 .text.usart_async_read
                0x0000164c       0xb0 hal/src/hal_usart_async.o
 .text.usart_process_byte_sent
                0x000016fc       0x6c hal/src/hal_usart_async.o
 .text.usart_transmission_complete
                0x00001768       0x2c hal/src/hal_usart_async.o
 .text.usart_fill_rx_buffer
                0x00001794       0x3c hal/src/hal_usart_async.o
 .text.usart_error
                0x000017d0       0x2c hal/src/hal_usart_async.o
 .text.assert   0x000017fc       0x28 hal/utils/src/utils_assert.o
                0x000017fc                assert
 .text.is_list_element
                0x00001824       0x38 hal/utils/src/utils_list.o
                0x00001824                is_list_element
 .text.list_insert_as_head
                0x0000185c       0x58 hal/utils/src/utils_list.o
                0x0000185c                list_insert_as_head
 .text.list_insert_after
                0x000018b4       0x24 hal/utils/src/utils_list.o
                0x000018b4                list_insert_after
 .text.list_remove_head
                0x000018d8       0x32 hal/utils/src/utils_list.o
                0x000018d8                list_remove_head
 *fill*         0x0000190a        0x2 
 .text.ringbuffer_init
                0x0000190c       0x74 hal/utils/src/utils_ringbuffer.o
                0x0000190c                ringbuffer_init
 .text.ringbuffer_get
                0x00001980       0x70 hal/utils/src/utils_ringbuffer.o
                0x00001980                ringbuffer_get
 .text.ringbuffer_put
                0x000019f0       0x74 hal/utils/src/utils_ringbuffer.o
                0x000019f0                ringbuffer_put
 .text.ringbuffer_num
                0x00001a64       0x38 hal/utils/src/utils_ringbuffer.o
                0x00001a64                ringbuffer_num
 .text._sbrk    0x00001a9c       0x40 hal/utils/src/utils_syscalls.o
                0x00001a9c                _sbrk
 .text.__NVIC_SetPendingIRQ
                0x00001adc       0x3c hpl/core/hpl_core_m4.o
 .text._irq_set
                0x00001b18       0x20 hpl/core/hpl_core_m4.o
                0x00001b18                _irq_set
 .text.hri_nvmctrl_set_CTRLA_RWS_bf
                0x00001b38       0x32 hpl/core/hpl_init.o
 *fill*         0x00001b6a        0x2 
 .text._init_chip
                0x00001b6c       0x44 hpl/core/hpl_init.o
                0x00001b6c                _init_chip
 .text.__NVIC_EnableIRQ
                0x00001bb0       0x3c hpl/eic/hpl_eic.o
 .text.__NVIC_DisableIRQ
                0x00001bec       0x44 hpl/eic/hpl_eic.o
 .text.__NVIC_ClearPendingIRQ
                0x00001c30       0x3c hpl/eic/hpl_eic.o
 .text.hri_eic_wait_for_sync
                0x00001c6c       0x24 hpl/eic/hpl_eic.o
 .text.hri_eic_is_syncing
                0x00001c90       0x28 hpl/eic/hpl_eic.o
 .text.hri_eic_read_INTFLAG_reg
                0x00001cb8       0x18 hpl/eic/hpl_eic.o
 .text.hri_eic_clear_INTFLAG_reg
                0x00001cd0       0x1c hpl/eic/hpl_eic.o
 .text.hri_eic_set_CTRLA_ENABLE_bit
                0x00001cec       0x2c hpl/eic/hpl_eic.o
 .text.hri_eic_clear_CTRLA_ENABLE_bit
                0x00001d18       0x2c hpl/eic/hpl_eic.o
 .text.hri_eic_write_CTRLA_CKSEL_bit
                0x00001d44       0x44 hpl/eic/hpl_eic.o
 .text.hri_eic_get_CTRLA_reg
                0x00001d88       0x30 hpl/eic/hpl_eic.o
 .text.hri_eic_write_CTRLA_reg
                0x00001db8       0x28 hpl/eic/hpl_eic.o
 .text.hri_eic_write_NMICTRL_reg
                0x00001de0       0x1e hpl/eic/hpl_eic.o
 .text.hri_eic_write_EVCTRL_reg
                0x00001dfe       0x1c hpl/eic/hpl_eic.o
 .text.hri_eic_write_ASYNCH_reg
                0x00001e1a       0x1c hpl/eic/hpl_eic.o
 .text.hri_eic_write_CONFIG_reg
                0x00001e36       0x28 hpl/eic/hpl_eic.o
 .text.hri_eic_write_DEBOUNCEN_reg
                0x00001e5e       0x1c hpl/eic/hpl_eic.o
 .text.hri_eic_write_DPRESCALER_reg
                0x00001e7a       0x1c hpl/eic/hpl_eic.o
 *fill*         0x00001e96        0x2 
 .text._ext_irq_init
                0x00001e98       0xfc hpl/eic/hpl_eic.o
                0x00001e98                _ext_irq_init
 .text._ext_irq_handler
                0x00001f94      0x124 hpl/eic/hpl_eic.o
 .text.EIC_0_Handler
                0x000020b8       0x10 hpl/eic/hpl_eic.o
                0x000020b8                EIC_0_Handler
 .text.hri_evsys_write_USER_reg
                0x000020c8       0x26 hpl/evsys/hpl_evsys.o
 .text.hri_evsys_write_CHINTEN_reg
                0x000020ee       0x3e hpl/evsys/hpl_evsys.o
 .text.hri_evsys_write_CHANNEL_reg
                0x0000212c       0x26 hpl/evsys/hpl_evsys.o
 *fill*         0x00002152        0x2 
 .text._event_system_init
                0x00002154       0x8c hpl/evsys/hpl_evsys.o
                0x00002154                _event_system_init
 .text.hri_gclk_wait_for_sync
                0x000021e0       0x24 hpl/gclk/hpl_gclk.o
 .text.hri_gclk_write_GENCTRL_reg
                0x00002204       0x30 hpl/gclk/hpl_gclk.o
 .text._gclk_init_generators_by_fref
                0x00002234       0x30 hpl/gclk/hpl_gclk.o
                0x00002234                _gclk_init_generators_by_fref
 .text.hri_mclk_write_CPUDIV_reg
                0x00002264       0x1e hpl/mclk/hpl_mclk.o
 *fill*         0x00002282        0x2 
 .text._mclk_init
                0x00002284       0x24 hpl/mclk/hpl_mclk.o
                0x00002284                _mclk_init
 .text.hri_osc32kctrl_write_RTCCTRL_reg
                0x000022a8       0x1e hpl/osc32kctrl/hpl_osc32kctrl.o
 .text.hri_osc32kctrl_read_OSCULP32K_CALIB_bf
                0x000022c6       0x26 hpl/osc32kctrl/hpl_osc32kctrl.o
 .text.hri_osc32kctrl_write_OSCULP32K_reg
                0x000022ec       0x1c hpl/osc32kctrl/hpl_osc32kctrl.o
 .text._osc32kctrl_init_sources
                0x00002308       0x48 hpl/osc32kctrl/hpl_osc32kctrl.o
                0x00002308                _osc32kctrl_init_sources
 .text.hri_oscctrl_get_STATUS_XOSCRDY1_bit
                0x00002350       0x28 hpl/oscctrl/hpl_oscctrl.o
 .text.hri_oscctrl_write_XOSCCTRL_reg
                0x00002378       0x28 hpl/oscctrl/hpl_oscctrl.o
 .text._oscctrl_init_sources
                0x000023a0       0x40 hpl/oscctrl/hpl_oscctrl.o
                0x000023a0                _oscctrl_init_sources
 .text._oscctrl_init_referenced_generators
                0x000023e0       0x1c hpl/oscctrl/hpl_oscctrl.o
                0x000023e0                _oscctrl_init_referenced_generators
 .text.hri_ramecc_read_INTFLAG_reg
                0x000023fc       0x1a hpl/ramecc/hpl_ramecc.o
 .text.hri_ramecc_read_ERRADDR_reg
                0x00002416       0x18 hpl/ramecc/hpl_ramecc.o
 *fill*         0x0000242e        0x2 
 .text.RAMECC_Handler
                0x00002430       0x74 hpl/ramecc/hpl_ramecc.o
                0x00002430                RAMECC_Handler
 .text.__NVIC_EnableIRQ
                0x000024a4       0x3c hpl/sercom/hpl_sercom.o
 .text.__NVIC_DisableIRQ
                0x000024e0       0x44 hpl/sercom/hpl_sercom.o
 .text.__NVIC_ClearPendingIRQ
                0x00002524       0x3c hpl/sercom/hpl_sercom.o
 .text.hri_sercomusart_wait_for_sync
                0x00002560       0x24 hpl/sercom/hpl_sercom.o
 .text.hri_sercomusart_is_syncing
                0x00002584       0x28 hpl/sercom/hpl_sercom.o
 .text.hri_sercomusart_get_interrupt_DRE_bit
                0x000025ac       0x28 hpl/sercom/hpl_sercom.o
 .text.hri_sercomusart_get_interrupt_TXC_bit
                0x000025d4       0x2a hpl/sercom/hpl_sercom.o
 .text.hri_sercomusart_get_interrupt_RXC_bit
                0x000025fe       0x2a hpl/sercom/hpl_sercom.o
 .text.hri_sercomusart_get_interrupt_ERROR_bit
                0x00002628       0x2a hpl/sercom/hpl_sercom.o
 .text.hri_sercomusart_clear_interrupt_ERROR_bit
                0x00002652       0x1a hpl/sercom/hpl_sercom.o
 .text.hri_sercomusart_set_INTEN_DRE_bit
                0x0000266c       0x1a hpl/sercom/hpl_sercom.o
 .text.hri_sercomusart_get_INTEN_DRE_bit
                0x00002686       0x28 hpl/sercom/hpl_sercom.o
 .text.hri_sercomusart_write_INTEN_DRE_bit
                0x000026ae       0x32 hpl/sercom/hpl_sercom.o
 .text.hri_sercomusart_clear_INTEN_DRE_bit
                0x000026e0       0x1a hpl/sercom/hpl_sercom.o
 .text.hri_sercomusart_set_INTEN_TXC_bit
                0x000026fa       0x1a hpl/sercom/hpl_sercom.o
 .text.hri_sercomusart_get_INTEN_TXC_bit
                0x00002714       0x2a hpl/sercom/hpl_sercom.o
 .text.hri_sercomusart_write_INTEN_TXC_bit
                0x0000273e       0x32 hpl/sercom/hpl_sercom.o
 .text.hri_sercomusart_clear_INTEN_TXC_bit
                0x00002770       0x1a hpl/sercom/hpl_sercom.o
 .text.hri_sercomusart_write_INTEN_RXC_bit
                0x0000278a       0x32 hpl/sercom/hpl_sercom.o
 .text.hri_sercomusart_write_INTEN_ERROR_bit
                0x000027bc       0x32 hpl/sercom/hpl_sercom.o
 *fill*         0x000027ee        0x2 
 .text.hri_sercomusart_set_CTRLA_ENABLE_bit
                0x000027f0       0x28 hpl/sercom/hpl_sercom.o
 .text.hri_sercomusart_clear_CTRLA_ENABLE_bit
                0x00002818       0x28 hpl/sercom/hpl_sercom.o
 .text.hri_sercomusart_get_CTRLA_reg
                0x00002840       0x30 hpl/sercom/hpl_sercom.o
 .text.hri_sercomusart_write_CTRLA_reg
                0x00002870       0x24 hpl/sercom/hpl_sercom.o
 .text.hri_sercomusart_write_CTRLB_reg
                0x00002894       0x24 hpl/sercom/hpl_sercom.o
 .text.hri_sercomusart_write_CTRLC_reg
                0x000028b8       0x1c hpl/sercom/hpl_sercom.o
 .text.hri_sercomusart_write_BAUD_reg
                0x000028d4       0x1e hpl/sercom/hpl_sercom.o
 .text.hri_sercomusart_write_RXPL_reg
                0x000028f2       0x1e hpl/sercom/hpl_sercom.o
 .text.hri_sercomusart_write_DATA_reg
                0x00002910       0x1c hpl/sercom/hpl_sercom.o
 .text.hri_sercomusart_read_DATA_reg
                0x0000292c       0x18 hpl/sercom/hpl_sercom.o
 .text.hri_sercomusart_write_DBGCTRL_reg
                0x00002944       0x20 hpl/sercom/hpl_sercom.o
 .text.hri_sercomusart_clear_STATUS_reg
                0x00002964       0x1e hpl/sercom/hpl_sercom.o
 .text.hri_sercomusart_read_STATUS_reg
                0x00002982       0x1a hpl/sercom/hpl_sercom.o
 .text._usart_async_init
                0x0000299c       0xac hpl/sercom/hpl_sercom.o
                0x0000299c                _usart_async_init
 .text._usart_async_enable
                0x00002a48       0x20 hpl/sercom/hpl_sercom.o
                0x00002a48                _usart_async_enable
 .text._usart_async_write_byte
                0x00002a68       0x28 hpl/sercom/hpl_sercom.o
                0x00002a68                _usart_async_write_byte
 .text._usart_async_enable_byte_sent_irq
                0x00002a90       0x20 hpl/sercom/hpl_sercom.o
                0x00002a90                _usart_async_enable_byte_sent_irq
 .text._usart_async_enable_tx_done_irq
                0x00002ab0       0x20 hpl/sercom/hpl_sercom.o
                0x00002ab0                _usart_async_enable_tx_done_irq
 .text._sercom_get_hardware_index
                0x00002ad0       0x5c hpl/sercom/hpl_sercom.o
 .text._usart_async_set_irq_state
                0x00002b2c       0x9c hpl/sercom/hpl_sercom.o
                0x00002b2c                _usart_async_set_irq_state
 .text._sercom_usart_interrupt_handler
                0x00002bc8      0x100 hpl/sercom/hpl_sercom.o
 .text._get_sercom_index
                0x00002cc8       0x64 hpl/sercom/hpl_sercom.o
 .text._sercom_init_irq_param
                0x00002d2c       0x2c hpl/sercom/hpl_sercom.o
 .text._usart_init
                0x00002d58      0x1c0 hpl/sercom/hpl_sercom.o
 .text._sercom_get_irq_num
                0x00002f18       0x24 hpl/sercom/hpl_sercom.o
 .text.SERCOM2_0_Handler
                0x00002f3c       0x1c hpl/sercom/hpl_sercom.o
                0x00002f3c                SERCOM2_0_Handler
 .text.SERCOM2_1_Handler
                0x00002f58       0x1c hpl/sercom/hpl_sercom.o
                0x00002f58                SERCOM2_1_Handler
 .text.SERCOM2_2_Handler
                0x00002f74       0x1c hpl/sercom/hpl_sercom.o
                0x00002f74                SERCOM2_2_Handler
 .text.SERCOM2_3_Handler
                0x00002f90       0x1c hpl/sercom/hpl_sercom.o
                0x00002f90                SERCOM2_3_Handler
 .text.__NVIC_EnableIRQ
                0x00002fac       0x3c hpl/tc/hpl_tc.o
 .text.__NVIC_DisableIRQ
                0x00002fe8       0x44 hpl/tc/hpl_tc.o
 .text.__NVIC_ClearPendingIRQ
                0x0000302c       0x3c hpl/tc/hpl_tc.o
 .text.hri_tc_wait_for_sync
                0x00003068       0x24 hpl/tc/hpl_tc.o
 .text.hri_tc_is_syncing
                0x0000308c       0x28 hpl/tc/hpl_tc.o
 .text.hri_tc_get_interrupt_OVF_bit
                0x000030b4       0x28 hpl/tc/hpl_tc.o
 .text.hri_tc_clear_interrupt_OVF_bit
                0x000030dc       0x1a hpl/tc/hpl_tc.o
 .text.hri_tc_clear_interrupt_ERR_bit
                0x000030f6       0x1a hpl/tc/hpl_tc.o
 .text.hri_tc_set_INTEN_OVF_bit
                0x00003110       0x1a hpl/tc/hpl_tc.o
 .text.hri_tc_get_INTEN_ERR_bit
                0x0000312a       0x2a hpl/tc/hpl_tc.o
 .text.hri_tc_set_CTRLA_ENABLE_bit
                0x00003154       0x28 hpl/tc/hpl_tc.o
 .text.hri_tc_get_CTRLA_ENABLE_bit
                0x0000317c       0x38 hpl/tc/hpl_tc.o
 .text.hri_tc_clear_CTRLA_ENABLE_bit
                0x000031b4       0x28 hpl/tc/hpl_tc.o
 .text.hri_tc_get_CTRLA_reg
                0x000031dc       0x30 hpl/tc/hpl_tc.o
 .text.hri_tc_write_CTRLA_reg
                0x0000320c       0x24 hpl/tc/hpl_tc.o
 .text.hri_tc_write_EVCTRL_reg
                0x00003230       0x1e hpl/tc/hpl_tc.o
 .text.hri_tc_write_WAVE_reg
                0x0000324e       0x1e hpl/tc/hpl_tc.o
 .text.hri_tc_write_DBGCTRL_reg
                0x0000326c       0x1e hpl/tc/hpl_tc.o
 *fill*         0x0000328a        0x2 
 .text.hri_tccount8_write_PER_reg
                0x0000328c       0x28 hpl/tc/hpl_tc.o
 .text.hri_tccount8_write_CC_reg
                0x000032b4       0x30 hpl/tc/hpl_tc.o
 .text.hri_tccount16_write_CC_reg
                0x000032e4       0x34 hpl/tc/hpl_tc.o
 .text.hri_tccount32_write_CC_reg
                0x00003318       0x30 hpl/tc/hpl_tc.o
 .text._timer_init
                0x00003348      0x2b0 hpl/tc/hpl_tc.o
                0x00003348                _timer_init
 .text._pwm_init
                0x000035f8      0x21c hpl/tc/hpl_tc.o
                0x000035f8                _pwm_init
 .text._timer_start
                0x00003814       0x20 hpl/tc/hpl_tc.o
                0x00003814                _timer_start
 .text._pwm_enable
                0x00003834       0x20 hpl/tc/hpl_tc.o
                0x00003834                _pwm_enable
 .text._pwm_disable
                0x00003854       0x20 hpl/tc/hpl_tc.o
                0x00003854                _pwm_disable
 .text._pwm_set_param
                0x00003874       0xfc hpl/tc/hpl_tc.o
                0x00003874                _pwm_set_param
 .text._timer_is_started
                0x00003970       0x20 hpl/tc/hpl_tc.o
                0x00003970                _timer_is_started
 .text._pwm_is_enabled
                0x00003990       0x20 hpl/tc/hpl_tc.o
                0x00003990                _pwm_is_enabled
 .text._tc_get_timer
                0x000039b0       0x10 hpl/tc/hpl_tc.o
                0x000039b0                _tc_get_timer
 .text._tc_get_pwm
                0x000039c0       0x10 hpl/tc/hpl_tc.o
                0x000039c0                _tc_get_pwm
 .text._timer_set_irq
                0x000039d0       0x60 hpl/tc/hpl_tc.o
                0x000039d0                _timer_set_irq
 .text.tc_interrupt_handler
                0x00003a30       0x38 hpl/tc/hpl_tc.o
 .text.tc_pwm_interrupt_handler
                0x00003a68       0x6c hpl/tc/hpl_tc.o
 .text.TC1_Handler
                0x00003ad4       0x1c hpl/tc/hpl_tc.o
                0x00003ad4                TC1_Handler
 .text.TC2_Handler
                0x00003af0       0x1c hpl/tc/hpl_tc.o
                0x00003af0                TC2_Handler
 .text.TC4_Handler
                0x00003b0c       0x1c hpl/tc/hpl_tc.o
                0x00003b0c                TC4_Handler
 .text.get_tc_index
                0x00003b28       0x68 hpl/tc/hpl_tc.o
 .text._tc_init_irq_param
                0x00003b90       0x70 hpl/tc/hpl_tc.o
 .text._get_hardware_offset
                0x00003c00       0x5c hpl/tc/hpl_tc.o
 .text.hri_tc_wait_for_sync
                0x00003c5c       0x24 hpl/tc/tc_lite.o
 .text.hri_tc_is_syncing
                0x00003c80       0x28 hpl/tc/tc_lite.o
 .text.hri_tc_write_CTRLB_reg
                0x00003ca8       0x28 hpl/tc/tc_lite.o
 .text.hri_tc_write_INTEN_reg
                0x00003cd0       0x28 hpl/tc/tc_lite.o
 .text.hri_tc_write_CTRLA_ENABLE_bit
                0x00003cf8       0x40 hpl/tc/tc_lite.o
 .text.hri_tc_clear_CTRLA_ENABLE_bit
                0x00003d38       0x28 hpl/tc/tc_lite.o
 .text.hri_tc_get_CTRLA_reg
                0x00003d60       0x30 hpl/tc/tc_lite.o
 .text.hri_tc_write_CTRLA_reg
                0x00003d90       0x24 hpl/tc/tc_lite.o
 .text.hri_tc_write_EVCTRL_reg
                0x00003db4       0x1e hpl/tc/tc_lite.o
 *fill*         0x00003dd2        0x2 
 .text.TIMER_0_init
                0x00003dd4       0xa0 hpl/tc/tc_lite.o
                0x00003dd4                TIMER_0_init
 .text.__NVIC_EnableIRQ
                0x00003e74       0x3c main.o
 .text.__NVIC_SetPriority
                0x00003eb0       0x54 main.o
 .text.hri_port_read_DIR_reg
                0x00003f04       0x22 main.o
 .text.hri_port_set_OUT_reg
                0x00003f26       0x28 main.o
 .text.hri_port_read_OUT_reg
                0x00003f4e       0x24 main.o
 .text.hri_port_clear_OUT_reg
                0x00003f72       0x28 main.o
 .text.hri_port_read_IN_reg
                0x00003f9a       0x24 main.o
 .text.hri_tc_wait_for_sync
                0x00003fbe       0x24 main.o
 .text.hri_tc_clear_INTFLAG_MC0_bit
                0x00003fe2       0x1a main.o
 .text.hri_tccount16_read_CC_reg
                0x00003ffc       0x30 main.o
 .text._gpio_set_level
                0x0000402c       0x44 main.o
 .text._gpio_get_level
                0x00004070       0x78 main.o
 .text.gpio_set_pin_level
                0x000040e8       0x38 main.o
 .text.gpio_get_pin_level
                0x00004120       0x3c main.o
 .text.TC0_Handler
                0x0000415c       0xd0 main.o
                0x0000415c                TC0_Handler
 .text.uart_rx_cb
                0x0000422c       0x20 main.o
 .text.TIMER_1_task1_cb
                0x0000424c       0x78 main.o
 .text.TIMER_1_task2_cb
                0x000042c4       0x5c main.o
 .text.TIMER_1_config
                0x00004320       0x60 main.o
                0x00004320                TIMER_1_config
 .text.TIMER_2_task1_cb
                0x00004380      0x184 main.o
 .text.TIMER_2_config
                0x00004504       0x3c main.o
                0x00004504                TIMER_2_config
 .text.main     0x00004540      0x274 main.o
                0x00004540                main
 .text.pi_speed_control
                0x000047b4      0x114 pwm_control.o
                0x000047b4                pi_speed_control
 .text.pi_position_control
                0x000048c8      0x174 pwm_control.o
                0x000048c8                pi_position_control
 .text          0x00004a3c      0x370 c:/program files (x86)/atmel/studio/7.0/toolchain/arm/arm-gnu-toolchain/bin/../lib/gcc/arm-none-eabi/6.3.1/thumb/v7e-m\libgcc.a(_arm_addsubdf3.o)
                0x00004a3c                __aeabi_drsub
                0x00004a44                __aeabi_dsub
                0x00004a44                __subdf3
                0x00004a48                __aeabi_dadd
                0x00004a48                __adddf3
                0x00004cc0                __floatunsidf
                0x00004cc0                __aeabi_ui2d
                0x00004ce0                __floatsidf
                0x00004ce0                __aeabi_i2d
                0x00004d04                __aeabi_f2d
                0x00004d04                __extendsfdf2
                0x00004d40                __floatundidf
                0x00004d40                __aeabi_ul2d
                0x00004d50                __floatdidf
                0x00004d50                __aeabi_l2d
 .text          0x00004dac      0x424 c:/program files (x86)/atmel/studio/7.0/toolchain/arm/arm-gnu-toolchain/bin/../lib/gcc/arm-none-eabi/6.3.1/thumb/v7e-m\libgcc.a(_arm_muldivdf3.o)
                0x00004dac                __aeabi_dmul
                0x00004dac                __muldf3
                0x00005000                __divdf3
                0x00005000                __aeabi_ddiv
 .text          0x000051d0       0x40 c:/program files (x86)/atmel/studio/7.0/toolchain/arm/arm-gnu-toolchain/bin/../lib/gcc/arm-none-eabi/6.3.1/thumb/v7e-m\libgcc.a(_arm_fixunsdfsi.o)
                0x000051d0                __aeabi_d2uiz
                0x000051d0                __fixunsdfsi
 .text.ffs      0x00005210       0x18 c:/program files (x86)/atmel/studio/7.0/toolchain/arm/arm-gnu-toolchain/bin/../lib/gcc/arm-none-eabi/6.3.1/../../../../arm-none-eabi/lib/thumb/v7e-m\libc_nano.a(lib_a-ffs.o)
                0x00005210                ffs
 .text.__libc_init_array
                0x00005228       0x48 c:/program files (x86)/atmel/studio/7.0/toolchain/arm/arm-gnu-toolchain/bin/../lib/gcc/arm-none-eabi/6.3.1/../../../../arm-none-eabi/lib/thumb/v7e-m\libc_nano.a(lib_a-init.o)
                0x00005228                __libc_init_array
 .text.sprintf  0x00005270       0x48 c:/program files (x86)/atmel/studio/7.0/toolchain/arm/arm-gnu-toolchain/bin/../lib/gcc/arm-none-eabi/6.3.1/../../../../arm-none-eabi/lib/thumb/v7e-m\libc_nano.a(lib_a-sprintf.o)
                0x00005270                siprintf
                0x00005270                sprintf
 .text._malloc_r
                0x000052b8       0xbc c:/program files (x86)/atmel/studio/7.0/toolchain/arm/arm-gnu-toolchain/bin/../lib/gcc/arm-none-eabi/6.3.1/../../../../arm-none-eabi/lib/thumb/v7e-m\libc_nano.a(lib_a-nano-mallocr.o)
                0x000052b8                _malloc_r
 .text.__ssputs_r
                0x00005374       0xb6 c:/program files (x86)/atmel/studio/7.0/toolchain/arm/arm-gnu-toolchain/bin/../lib/gcc/arm-none-eabi/6.3.1/../../../../arm-none-eabi/lib/thumb/v7e-m\libc_nano.a(lib_a-nano-svfprintf.o)
                0x00005374                __ssputs_r
 *fill*         0x0000542a        0x2 
 .text._svfprintf_r
                0x0000542c      0x1e8 c:/program files (x86)/atmel/studio/7.0/toolchain/arm/arm-gnu-toolchain/bin/../lib/gcc/arm-none-eabi/6.3.1/../../../../arm-none-eabi/lib/thumb/v7e-m\libc_nano.a(lib_a-nano-svfprintf.o)
                0x0000542c                _svfiprintf_r
                0x0000542c                _svfprintf_r
 .text._printf_common
                0x00005614       0xec c:/program files (x86)/atmel/studio/7.0/toolchain/arm/arm-gnu-toolchain/bin/../lib/gcc/arm-none-eabi/6.3.1/../../../../arm-none-eabi/lib/thumb/v7e-m\libc_nano.a(lib_a-nano-vfprintf_i.o)
                0x00005614                _printf_common
 .text._printf_i
                0x00005700      0x240 c:/program files (x86)/atmel/studio/7.0/toolchain/arm/arm-gnu-toolchain/bin/../lib/gcc/arm-none-eabi/6.3.1/../../../../arm-none-eabi/lib/thumb/v7e-m\libc_nano.a(lib_a-nano-vfprintf_i.o)
                0x00005700                _printf_i
 .text._sbrk_r  0x00005940       0x20 c:/program files (x86)/atmel/studio/7.0/toolchain/arm/arm-gnu-toolchain/bin/../lib/gcc/arm-none-eabi/6.3.1/../../../../arm-none-eabi/lib/thumb/v7e-m\libc_nano.a(lib_a-sbrkr.o)
                0x00005940                _sbrk_r
 .text          0x00005960       0xa0 c:/program files (x86)/atmel/studio/7.0/toolchain/arm/arm-gnu-toolchain/bin/../lib/gcc/arm-none-eabi/6.3.1/../../../../arm-none-eabi/lib/thumb/v7e-m\libc_nano.a(lib_a-memchr.o)
                0x00005960                memchr
 .text.memcpy   0x00005a00       0x16 c:/program files (x86)/atmel/studio/7.0/toolchain/arm/arm-gnu-toolchain/bin/../lib/gcc/arm-none-eabi/6.3.1/../../../../arm-none-eabi/lib/thumb/v7e-m\libc_nano.a(lib_a-memcpy-stub.o)
                0x00005a00                memcpy
 .text.memmove  0x00005a16       0x34 c:/program files (x86)/atmel/studio/7.0/toolchain/arm/arm-gnu-toolchain/bin/../lib/gcc/arm-none-eabi/6.3.1/../../../../arm-none-eabi/lib/thumb/v7e-m\libc_nano.a(lib_a-memmove.o)
                0x00005a16                memmove
 .text.__malloc_lock
                0x00005a4a        0x2 c:/program files (x86)/atmel/studio/7.0/toolchain/arm/arm-gnu-toolchain/bin/../lib/gcc/arm-none-eabi/6.3.1/../../../../arm-none-eabi/lib/thumb/v7e-m\libc_nano.a(lib_a-mlock.o)
                0x00005a4a                __malloc_lock
 .text.__malloc_unlock
                0x00005a4c        0x2 c:/program files (x86)/atmel/studio/7.0/toolchain/arm/arm-gnu-toolchain/bin/../lib/gcc/arm-none-eabi/6.3.1/../../../../arm-none-eabi/lib/thumb/v7e-m\libc_nano.a(lib_a-mlock.o)
                0x00005a4c                __malloc_unlock
 *fill*         0x00005a4e        0x2 
 .text._free_r  0x00005a50       0x9c c:/program files (x86)/atmel/studio/7.0/toolchain/arm/arm-gnu-toolchain/bin/../lib/gcc/arm-none-eabi/6.3.1/../../../../arm-none-eabi/lib/thumb/v7e-m\libc_nano.a(lib_a-nano-freer.o)
                0x00005a50                _free_r
 .text._realloc_r
                0x00005aec       0x4c c:/program files (x86)/atmel/studio/7.0/toolchain/arm/arm-gnu-toolchain/bin/../lib/gcc/arm-none-eabi/6.3.1/../../../../arm-none-eabi/lib/thumb/v7e-m\libc_nano.a(lib_a-nano-reallocr.o)
                0x00005aec                _realloc_r
 .text._malloc_usable_size_r
                0x00005b38       0x12 c:/program files (x86)/atmel/studio/7.0/toolchain/arm/arm-gnu-toolchain/bin/../lib/gcc/arm-none-eabi/6.3.1/../../../../arm-none-eabi/lib/thumb/v7e-m\libc_nano.a(lib_a-nano-msizer.o)
                0x00005b38                _malloc_usable_size_r
 *(.glue_7t)
 .glue_7t       0x00005b4a        0x0 linker stubs
 *(.glue_7)
 .glue_7        0x00005b4a        0x0 linker stubs
 *(.rodata .rodata* .gnu.linkonce.r.*)
 *fill*         0x00005b4a        0x2 
 .rodata        0x00005b4c       0x1c driver_init.o
 .rodata        0x00005b68       0x14 hal/src/hal_io.o
 .rodata        0x00005b7c       0x15 hal/src/hal_pwm.o
 *fill*         0x00005b91        0x3 
 .rodata        0x00005b94       0x17 hal/src/hal_timer.o
 *fill*         0x00005bab        0x1 
 .rodata        0x00005bac       0x1d hal/src/hal_usart_async.o
 *fill*         0x00005bc9        0x3 
 .rodata        0x00005bcc       0x1e hal/utils/src/utils_list.o
 *fill*         0x00005bea        0x2 
 .rodata        0x00005bec       0x24 hal/utils/src/utils_ringbuffer.o
 .rodata        0x00005c10       0x1d hpl/eic/hpl_eic.o
 *fill*         0x00005c2d        0x3 
 .rodata        0x00005c30      0x104 hpl/evsys/hpl_evsys.o
 .rodata        0x00005d34       0x4d hpl/sercom/hpl_sercom.o
 *fill*         0x00005d81        0x3 
 .rodata        0x00005d84       0x34 hpl/tc/hpl_tc.o
 .rodata        0x00005db8       0x32 main.o
 *fill*         0x00005dea        0x2 
 .rodata        0x00005dec       0x76 pwm_control.o
 *fill*         0x00005e62        0x2 
 .rodata.__sf_fake_stderr
                0x00005e64       0x20 c:/program files (x86)/atmel/studio/7.0/toolchain/arm/arm-gnu-toolchain/bin/../lib/gcc/arm-none-eabi/6.3.1/../../../../arm-none-eabi/lib/thumb/v7e-m\libc_nano.a(lib_a-findfp.o)
                0x00005e64                __sf_fake_stderr
 .rodata.__sf_fake_stdin
                0x00005e84       0x20 c:/program files (x86)/atmel/studio/7.0/toolchain/arm/arm-gnu-toolchain/bin/../lib/gcc/arm-none-eabi/6.3.1/../../../../arm-none-eabi/lib/thumb/v7e-m\libc_nano.a(lib_a-findfp.o)
                0x00005e84                __sf_fake_stdin
 .rodata.__sf_fake_stdout
                0x00005ea4       0x20 c:/program files (x86)/atmel/studio/7.0/toolchain/arm/arm-gnu-toolchain/bin/../lib/gcc/arm-none-eabi/6.3.1/../../../../arm-none-eabi/lib/thumb/v7e-m\libc_nano.a(lib_a-findfp.o)
                0x00005ea4                __sf_fake_stdout
 .rodata._svfprintf_r.str1.1
                0x00005ec4       0x11 c:/program files (x86)/atmel/studio/7.0/toolchain/arm/arm-gnu-toolchain/bin/../lib/gcc/arm-none-eabi/6.3.1/../../../../arm-none-eabi/lib/thumb/v7e-m\libc_nano.a(lib_a-nano-svfprintf.o)
 .rodata._printf_i.str1.1
                0x00005ed5       0x22 c:/program files (x86)/atmel/studio/7.0/toolchain/arm/arm-gnu-toolchain/bin/../lib/gcc/arm-none-eabi/6.3.1/../../../../arm-none-eabi/lib/thumb/v7e-m\libc_nano.a(lib_a-nano-vfprintf_i.o)
 *(.ARM.extab* .gnu.linkonce.armextab.*)
                0x00005ef8                . = ALIGN (0x4)
 *fill*         0x00005ef7        0x1 
 *(.init)
 .init          0x00005ef8        0x4 c:/program files (x86)/atmel/studio/7.0/toolchain/arm/arm-gnu-toolchain/bin/../lib/gcc/arm-none-eabi/6.3.1/thumb/v7e-m/crti.o
                0x00005ef8                _init
 .init          0x00005efc        0x8 c:/program files (x86)/atmel/studio/7.0/toolchain/arm/arm-gnu-toolchain/bin/../lib/gcc/arm-none-eabi/6.3.1/thumb/v7e-m/crtn.o
                0x00005f04                . = ALIGN (0x4)
                0x00005f04                __preinit_array_start = .
 *(.preinit_array)
                0x00005f04                __preinit_array_end = .
                0x00005f04                . = ALIGN (0x4)
                0x00005f04                __init_array_start = .
 *(SORT(.init_array.*))
 *(.init_array)
 .init_array    0x00005f04        0x4 c:/program files (x86)/atmel/studio/7.0/toolchain/arm/arm-gnu-toolchain/bin/../lib/gcc/arm-none-eabi/6.3.1/thumb/v7e-m/crtbegin.o
                0x00005f08                __init_array_end = .
                0x00005f08                . = ALIGN (0x4)
 *crtbegin.o(.ctors)
 *(EXCLUDE_FILE(*crtend.o) .ctors)
 *(SORT(.ctors.*))
 *crtend.o(.ctors)
                0x00005f08                . = ALIGN (0x4)
 *(.fini)
 .fini          0x00005f08        0x4 c:/program files (x86)/atmel/studio/7.0/toolchain/arm/arm-gnu-toolchain/bin/../lib/gcc/arm-none-eabi/6.3.1/thumb/v7e-m/crti.o
                0x00005f08                _fini
 .fini          0x00005f0c        0x8 c:/program files (x86)/atmel/studio/7.0/toolchain/arm/arm-gnu-toolchain/bin/../lib/gcc/arm-none-eabi/6.3.1/thumb/v7e-m/crtn.o
                0x00005f14                . = ALIGN (0x4)
                0x00005f14                __fini_array_start = .
 *(.fini_array)
 .fini_array    0x00005f14        0x4 c:/program files (x86)/atmel/studio/7.0/toolchain/arm/arm-gnu-toolchain/bin/../lib/gcc/arm-none-eabi/6.3.1/thumb/v7e-m/crtbegin.o
 *(SORT(.fini_array.*))
                0x00005f18                __fini_array_end = .
 *crtbegin.o(.dtors)
 *(EXCLUDE_FILE(*crtend.o) .dtors)
 *(SORT(.dtors.*))
 *crtend.o(.dtors)
                0x00005f18                . = ALIGN (0x4)
                0x00005f18                _efixed = .
                [!provide]                PROVIDE (__exidx_start, .)

.vfp11_veneer   0x00005f18        0x0
 .vfp11_veneer  0x00005f18        0x0 linker stubs

.v4_bx          0x00005f18        0x0
 .v4_bx         0x00005f18        0x0 linker stubs

.iplt           0x00005f18        0x0
 .iplt          0x00005f18        0x0 c:/program files (x86)/atmel/studio/7.0/toolchain/arm/arm-gnu-toolchain/bin/../lib/gcc/arm-none-eabi/6.3.1/thumb/v7e-m/crtbegin.o

.eh_frame       0x00005f18        0x0
 .eh_frame      0x00005f18        0x0 c:/program files (x86)/atmel/studio/7.0/toolchain/arm/arm-gnu-toolchain/bin/../lib/gcc/arm-none-eabi/6.3.1/thumb/v7e-m/crtbegin.o

.rel.dyn        0x00005f18        0x0
 .rel.iplt      0x00005f18        0x0 c:/program files (x86)/atmel/studio/7.0/toolchain/arm/arm-gnu-toolchain/bin/../lib/gcc/arm-none-eabi/6.3.1/thumb/v7e-m/crtbegin.o

.jcr            0x00005f18        0x0
 .jcr           0x00005f18        0x0 c:/program files (x86)/atmel/studio/7.0/toolchain/arm/arm-gnu-toolchain/bin/../lib/gcc/arm-none-eabi/6.3.1/thumb/v7e-m/crtbegin.o

.igot.plt       0x00005f18        0x0
 .igot.plt      0x00005f18        0x0 c:/program files (x86)/atmel/studio/7.0/toolchain/arm/arm-gnu-toolchain/bin/../lib/gcc/arm-none-eabi/6.3.1/thumb/v7e-m/crtbegin.o

.ARM.exidx
 *(.ARM.exidx* .gnu.linkonce.armexidx.*)
                [!provide]                PROVIDE (__exidx_end, .)
                0x00005f18                . = ALIGN (0x4)
                0x00005f18                _etext = .

.relocate       0x20000000       0xcc load address 0x00005f18
                0x20000000                . = ALIGN (0x4)
                0x20000000                _srelocate = .
 *(.ramfunc .ramfunc.*)
 *(.data .data.*)
 .data          0x20000000       0x18 hpl/sercom/hpl_sercom.o
 .data          0x20000018       0x3c hpl/tc/hpl_tc.o
 .data          0x20000054        0x1 main.o
                0x20000054                direction
 *fill*         0x20000055        0x3 
 .data          0x20000058       0x10 pwm_control.o
                0x20000058                Kp_speed
                0x2000005c                Ki_speed
                0x20000060                Kp_pos
                0x20000064                Ki_pos
 .data._impure_ptr
                0x20000068        0x4 c:/program files (x86)/atmel/studio/7.0/toolchain/arm/arm-gnu-toolchain/bin/../lib/gcc/arm-none-eabi/6.3.1/../../../../arm-none-eabi/lib/thumb/v7e-m\libc_nano.a(lib_a-impure.o)
                0x20000068                _impure_ptr
 .data.impure_data
                0x2000006c       0x60 c:/program files (x86)/atmel/studio/7.0/toolchain/arm/arm-gnu-toolchain/bin/../lib/gcc/arm-none-eabi/6.3.1/../../../../arm-none-eabi/lib/thumb/v7e-m\libc_nano.a(lib_a-impure.o)
                0x200000cc                . = ALIGN (0x4)
                0x200000cc                _erelocate = .

.bkupram        0x47000000        0x0
                0x47000000                . = ALIGN (0x8)
                0x47000000                _sbkupram = .
 *(.bkupram .bkupram.*)
                0x47000000                . = ALIGN (0x8)
                0x47000000                _ebkupram = .

.qspi           0x04000000        0x0
                0x04000000                . = ALIGN (0x8)
                0x04000000                _sqspi = .
 *(.qspi .qspi.*)
                0x04000000                . = ALIGN (0x8)
                0x04000000                _eqspi = .

.bss            0x200000cc      0x2bc load address 0x00005fe4
                0x200000cc                . = ALIGN (0x4)
                0x200000cc                _sbss = .
                0x200000cc                _szero = .
 *(.bss .bss.*)
 .bss           0x200000cc       0x1c c:/program files (x86)/atmel/studio/7.0/toolchain/arm/arm-gnu-toolchain/bin/../lib/gcc/arm-none-eabi/6.3.1/thumb/v7e-m/crtbegin.o
 .bss           0x200000e8       0x10 driver_init.o
 .bss           0x200000f8        0x8 hal/src/hal_ext_irq.o
 .bss           0x20000100        0x4 hal/utils/src/utils_syscalls.o
 .bss           0x20000104        0x4 hpl/eic/hpl_eic.o
 .bss           0x20000108       0x2c hpl/sercom/hpl_sercom.o
 .bss           0x20000134       0x10 hpl/tc/hpl_tc.o
 .bss           0x20000144       0x70 main.o
                0x20000148                input_char_count
                0x20000149                uart_ready
                0x2000014a                input_ready
                0x2000014c                periodCC0
                0x20000150                pulses
                0x20000154                rpm
                0x20000158                steps
                0x2000015c                level
                0x20000160                controlled_level
 .bss           0x200001b4       0x10 pwm_control.o
                0x200001b4                I_error
                0x200001b8                P_error
                0x200001bc                dutycycle_speed
                0x200001c0                dutycycle_pos
 .bss.__malloc_free_list
                0x200001c4        0x4 c:/program files (x86)/atmel/studio/7.0/toolchain/arm/arm-gnu-toolchain/bin/../lib/gcc/arm-none-eabi/6.3.1/../../../../arm-none-eabi/lib/thumb/v7e-m\libc_nano.a(lib_a-nano-mallocr.o)
                0x200001c4                __malloc_free_list
 .bss.__malloc_sbrk_start
                0x200001c8        0x4 c:/program files (x86)/atmel/studio/7.0/toolchain/arm/arm-gnu-toolchain/bin/../lib/gcc/arm-none-eabi/6.3.1/../../../../arm-none-eabi/lib/thumb/v7e-m\libc_nano.a(lib_a-nano-mallocr.o)
                0x200001c8                __malloc_sbrk_start
 *(COMMON)
 COMMON         0x200001cc       0xa4 driver_init.o
                0x200001cc                TIMER_2
                0x200001e8                PWM_0
                0x20000204                TIMER_1
                0x20000220                USART_0
 COMMON         0x20000270       0x10 hpl/ramecc/hpl_ramecc.o
                0x20000270                device
 COMMON         0x20000280       0x3a main.o
                0x20000280                user_input
                0x20000288                payload
 *fill*         0x200002ba        0x2 
 COMMON         0x200002bc       0xc8 pwm_control.o
                0x200002bc                debug
 COMMON         0x20000384        0x4 c:/program files (x86)/atmel/studio/7.0/toolchain/arm/arm-gnu-toolchain/bin/../lib/gcc/arm-none-eabi/6.3.1/../../../../arm-none-eabi/lib/thumb/v7e-m\libc_nano.a(lib_a-reent.o)
                0x20000384                errno
                0x20000388                . = ALIGN (0x4)
                0x20000388                _ebss = .
                0x20000388                _ezero = .

.stack          0x20000388    0x10000 load address 0x000062a0
                0x20000388                . = ALIGN (0x8)
                0x20000388                _sstack = .
                0x20010388                . = (. + STACK_SIZE)
 *fill*         0x20000388    0x10000 
                0x20010388                . = ALIGN (0x8)
                0x20010388                _estack = .
                0x20010388                . = ALIGN (0x4)
                0x20010388                _end = .
OUTPUT(my_lab_6.elf elf32-littlearm)

.ARM.attributes
                0x00000000       0x2e
 .ARM.attributes
                0x00000000       0x1e c:/program files (x86)/atmel/studio/7.0/toolchain/arm/arm-gnu-toolchain/bin/../lib/gcc/arm-none-eabi/6.3.1/thumb/v7e-m/crti.o
 .ARM.attributes
                0x0000001e       0x2e c:/program files (x86)/atmel/studio/7.0/toolchain/arm/arm-gnu-toolchain/bin/../lib/gcc/arm-none-eabi/6.3.1/thumb/v7e-m/crtbegin.o
 .ARM.attributes
                0x0000004c       0x37 atmel_start.o
 .ARM.attributes
                0x00000083       0x37 Device_Startup/startup_same54.o
 .ARM.attributes
                0x000000ba       0x37 driver_init.o
 .ARM.attributes
                0x000000f1       0x37 hal/src/hal_atomic.o
 .ARM.attributes
                0x00000128       0x37 hal/src/hal_evsys.o
 .ARM.attributes
                0x0000015f       0x37 hal/src/hal_ext_irq.o
 .ARM.attributes
                0x00000196       0x37 hal/src/hal_io.o
 .ARM.attributes
                0x000001cd       0x37 hal/src/hal_pwm.o
 .ARM.attributes
                0x00000204       0x37 hal/src/hal_timer.o
 .ARM.attributes
                0x0000023b       0x37 hal/src/hal_usart_async.o
 .ARM.attributes
                0x00000272       0x37 hal/utils/src/utils_assert.o
 .ARM.attributes
                0x000002a9       0x37 hal/utils/src/utils_list.o
 .ARM.attributes
                0x000002e0       0x37 hal/utils/src/utils_ringbuffer.o
 .ARM.attributes
                0x00000317       0x37 hal/utils/src/utils_syscalls.o
 .ARM.attributes
                0x0000034e       0x37 hpl/core/hpl_core_m4.o
 .ARM.attributes
                0x00000385       0x37 hpl/core/hpl_init.o
 .ARM.attributes
                0x000003bc       0x37 hpl/eic/hpl_eic.o
 .ARM.attributes
                0x000003f3       0x37 hpl/evsys/hpl_evsys.o
 .ARM.attributes
                0x0000042a       0x37 hpl/gclk/hpl_gclk.o
 .ARM.attributes
                0x00000461       0x37 hpl/mclk/hpl_mclk.o
 .ARM.attributes
                0x00000498       0x37 hpl/osc32kctrl/hpl_osc32kctrl.o
 .ARM.attributes
                0x000004cf       0x37 hpl/oscctrl/hpl_oscctrl.o
 .ARM.attributes
                0x00000506       0x37 hpl/ramecc/hpl_ramecc.o
 .ARM.attributes
                0x0000053d       0x37 hpl/sercom/hpl_sercom.o
 .ARM.attributes
                0x00000574       0x37 hpl/tc/hpl_tc.o
 .ARM.attributes
                0x000005ab       0x37 hpl/tc/tc_lite.o
 .ARM.attributes
                0x000005e2       0x37 main.o
 .ARM.attributes
                0x00000619       0x37 pwm_control.o
 .ARM.attributes
                0x00000650       0x1e c:/program files (x86)/atmel/studio/7.0/toolchain/arm/arm-gnu-toolchain/bin/../lib/gcc/arm-none-eabi/6.3.1/thumb/v7e-m\libgcc.a(_arm_addsubdf3.o)
 .ARM.attributes
                0x0000066e       0x1e c:/program files (x86)/atmel/studio/7.0/toolchain/arm/arm-gnu-toolchain/bin/../lib/gcc/arm-none-eabi/6.3.1/thumb/v7e-m\libgcc.a(_arm_muldivdf3.o)
 .ARM.attributes
                0x0000068c       0x1e c:/program files (x86)/atmel/studio/7.0/toolchain/arm/arm-gnu-toolchain/bin/../lib/gcc/arm-none-eabi/6.3.1/thumb/v7e-m\libgcc.a(_arm_fixunsdfsi.o)
 .ARM.attributes
                0x000006aa       0x2e c:/program files (x86)/atmel/studio/7.0/toolchain/arm/arm-gnu-toolchain/bin/../lib/gcc/arm-none-eabi/6.3.1/../../../../arm-none-eabi/lib/thumb/v7e-m\libc_nano.a(lib_a-ffs.o)
 .ARM.attributes
                0x000006d8       0x2e c:/program files (x86)/atmel/studio/7.0/toolchain/arm/arm-gnu-toolchain/bin/../lib/gcc/arm-none-eabi/6.3.1/../../../../arm-none-eabi/lib/thumb/v7e-m\libc_nano.a(lib_a-impure.o)
 .ARM.attributes
                0x00000706       0x2e c:/program files (x86)/atmel/studio/7.0/toolchain/arm/arm-gnu-toolchain/bin/../lib/gcc/arm-none-eabi/6.3.1/../../../../arm-none-eabi/lib/thumb/v7e-m\libc_nano.a(lib_a-init.o)
 .ARM.attributes
                0x00000734       0x2e c:/program files (x86)/atmel/studio/7.0/toolchain/arm/arm-gnu-toolchain/bin/../lib/gcc/arm-none-eabi/6.3.1/../../../../arm-none-eabi/lib/thumb/v7e-m\libc_nano.a(lib_a-sprintf.o)
 .ARM.attributes
                0x00000762       0x2e c:/program files (x86)/atmel/studio/7.0/toolchain/arm/arm-gnu-toolchain/bin/../lib/gcc/arm-none-eabi/6.3.1/../../../../arm-none-eabi/lib/thumb/v7e-m\libc_nano.a(lib_a-findfp.o)
 .ARM.attributes
                0x00000790       0x2e c:/program files (x86)/atmel/studio/7.0/toolchain/arm/arm-gnu-toolchain/bin/../lib/gcc/arm-none-eabi/6.3.1/../../../../arm-none-eabi/lib/thumb/v7e-m\libc_nano.a(lib_a-nano-mallocr.o)
 .ARM.attributes
                0x000007be       0x2e c:/program files (x86)/atmel/studio/7.0/toolchain/arm/arm-gnu-toolchain/bin/../lib/gcc/arm-none-eabi/6.3.1/../../../../arm-none-eabi/lib/thumb/v7e-m\libc_nano.a(lib_a-nano-svfprintf.o)
 .ARM.attributes
                0x000007ec       0x2e c:/program files (x86)/atmel/studio/7.0/toolchain/arm/arm-gnu-toolchain/bin/../lib/gcc/arm-none-eabi/6.3.1/../../../../arm-none-eabi/lib/thumb/v7e-m\libc_nano.a(lib_a-nano-vfprintf_i.o)
 .ARM.attributes
                0x0000081a       0x2e c:/program files (x86)/atmel/studio/7.0/toolchain/arm/arm-gnu-toolchain/bin/../lib/gcc/arm-none-eabi/6.3.1/../../../../arm-none-eabi/lib/thumb/v7e-m\libc_nano.a(lib_a-sbrkr.o)
 .ARM.attributes
                0x00000848       0x1c c:/program files (x86)/atmel/studio/7.0/toolchain/arm/arm-gnu-toolchain/bin/../lib/gcc/arm-none-eabi/6.3.1/../../../../arm-none-eabi/lib/thumb/v7e-m\libc_nano.a(lib_a-memchr.o)
 .ARM.attributes
                0x00000864       0x2e c:/program files (x86)/atmel/studio/7.0/toolchain/arm/arm-gnu-toolchain/bin/../lib/gcc/arm-none-eabi/6.3.1/../../../../arm-none-eabi/lib/thumb/v7e-m\libc_nano.a(lib_a-memcpy-stub.o)
 .ARM.attributes
                0x00000892       0x2e c:/program files (x86)/atmel/studio/7.0/toolchain/arm/arm-gnu-toolchain/bin/../lib/gcc/arm-none-eabi/6.3.1/../../../../arm-none-eabi/lib/thumb/v7e-m\libc_nano.a(lib_a-memmove.o)
 .ARM.attributes
                0x000008c0       0x2e c:/program files (x86)/atmel/studio/7.0/toolchain/arm/arm-gnu-toolchain/bin/../lib/gcc/arm-none-eabi/6.3.1/../../../../arm-none-eabi/lib/thumb/v7e-m\libc_nano.a(lib_a-mlock.o)
 .ARM.attributes
                0x000008ee       0x2e c:/program files (x86)/atmel/studio/7.0/toolchain/arm/arm-gnu-toolchain/bin/../lib/gcc/arm-none-eabi/6.3.1/../../../../arm-none-eabi/lib/thumb/v7e-m\libc_nano.a(lib_a-nano-freer.o)
 .ARM.attributes
                0x0000091c       0x2e c:/program files (x86)/atmel/studio/7.0/toolchain/arm/arm-gnu-toolchain/bin/../lib/gcc/arm-none-eabi/6.3.1/../../../../arm-none-eabi/lib/thumb/v7e-m\libc_nano.a(lib_a-nano-reallocr.o)
 .ARM.attributes
                0x0000094a       0x2e c:/program files (x86)/atmel/studio/7.0/toolchain/arm/arm-gnu-toolchain/bin/../lib/gcc/arm-none-eabi/6.3.1/../../../../arm-none-eabi/lib/thumb/v7e-m\libc_nano.a(lib_a-reent.o)
 .ARM.attributes
                0x00000978       0x2e c:/program files (x86)/atmel/studio/7.0/toolchain/arm/arm-gnu-toolchain/bin/../lib/gcc/arm-none-eabi/6.3.1/../../../../arm-none-eabi/lib/thumb/v7e-m\libc_nano.a(lib_a-nano-msizer.o)
 .ARM.attributes
                0x000009a6       0x1e c:/program files (x86)/atmel/studio/7.0/toolchain/arm/arm-gnu-toolchain/bin/../lib/gcc/arm-none-eabi/6.3.1/thumb/v7e-m/crtn.o

.comment        0x00000000       0x59
 .comment       0x00000000       0x59 atmel_start.o
                                 0x5a (size before relaxing)
 .comment       0x00000059       0x5a Device_Startup/startup_same54.o
 .comment       0x00000059       0x5a driver_init.o
 .comment       0x00000059       0x5a hal/src/hal_atomic.o
 .comment       0x00000059       0x5a hal/src/hal_evsys.o
 .comment       0x00000059       0x5a hal/src/hal_ext_irq.o
 .comment       0x00000059       0x5a hal/src/hal_io.o
 .comment       0x00000059       0x5a hal/src/hal_pwm.o
 .comment       0x00000059       0x5a hal/src/hal_timer.o
 .comment       0x00000059       0x5a hal/src/hal_usart_async.o
 .comment       0x00000059       0x5a hal/utils/src/utils_assert.o
 .comment       0x00000059       0x5a hal/utils/src/utils_list.o
 .comment       0x00000059       0x5a hal/utils/src/utils_ringbuffer.o
 .comment       0x00000059       0x5a hal/utils/src/utils_syscalls.o
 .comment       0x00000059       0x5a hpl/core/hpl_core_m4.o
 .comment       0x00000059       0x5a hpl/core/hpl_init.o
 .comment       0x00000059       0x5a hpl/eic/hpl_eic.o
 .comment       0x00000059       0x5a hpl/evsys/hpl_evsys.o
 .comment       0x00000059       0x5a hpl/gclk/hpl_gclk.o
 .comment       0x00000059       0x5a hpl/mclk/hpl_mclk.o
 .comment       0x00000059       0x5a hpl/osc32kctrl/hpl_osc32kctrl.o
 .comment       0x00000059       0x5a hpl/oscctrl/hpl_oscctrl.o
 .comment       0x00000059       0x5a hpl/ramecc/hpl_ramecc.o
 .comment       0x00000059       0x5a hpl/sercom/hpl_sercom.o
 .comment       0x00000059       0x5a hpl/tc/hpl_tc.o
 .comment       0x00000059       0x5a hpl/tc/tc_lite.o
 .comment       0x00000059       0x5a main.o
 .comment       0x00000059       0x5a pwm_control.o

.debug_info     0x00000000    0x2357e
 .debug_info    0x00000000      0x5f9 atmel_start.o
 .debug_info    0x000005f9      0xd7c Device_Startup/startup_same54.o
 .debug_info    0x00001375     0x575f driver_init.o
 .debug_info    0x00006ad4      0x201 hal/src/hal_atomic.o
 .debug_info    0x00006cd5      0x290 hal/src/hal_evsys.o
 .debug_info    0x00006f65      0x344 hal/src/hal_ext_irq.o
 .debug_info    0x000072a9      0x268 hal/src/hal_io.o
 .debug_info    0x00007511      0x699 hal/src/hal_pwm.o
 .debug_info    0x00007baa      0x99a hal/src/hal_timer.o
 .debug_info    0x00008544      0xf06 hal/src/hal_usart_async.o
 .debug_info    0x0000944a      0x134 hal/utils/src/utils_assert.o
 .debug_info    0x0000957e      0x2fa hal/utils/src/utils_list.o
 .debug_info    0x00009878      0x293 hal/utils/src/utils_ringbuffer.o
 .debug_info    0x00009b0b      0xdbf hal/utils/src/utils_syscalls.o
 .debug_info    0x0000a8ca      0xc3b hpl/core/hpl_core_m4.o
 .debug_info    0x0000b505      0xbbb hpl/core/hpl_init.o
 .debug_info    0x0000c0c0     0x1dab hpl/eic/hpl_eic.o
 .debug_info    0x0000de6b      0xfb5 hpl/evsys/hpl_evsys.o
 .debug_info    0x0000ee20      0x595 hpl/gclk/hpl_gclk.o
 .debug_info    0x0000f3b5      0xa4e hpl/mclk/hpl_mclk.o
 .debug_info    0x0000fe03      0x6ee hpl/osc32kctrl/hpl_osc32kctrl.o
 .debug_info    0x000104f1     0x10fe hpl/oscctrl/hpl_oscctrl.o
 .debug_info    0x000115ef      0xbd9 hpl/ramecc/hpl_ramecc.o
 .debug_info    0x000121c8     0x8c42 hpl/sercom/hpl_sercom.o
 .debug_info    0x0001ae0a     0x2bb5 hpl/tc/hpl_tc.o
 .debug_info    0x0001d9bf     0x145c hpl/tc/tc_lite.o
 .debug_info    0x0001ee1b     0x3679 main.o
 .debug_info    0x00022494     0x10ea pwm_control.o

.debug_abbrev   0x00000000     0x37cb
 .debug_abbrev  0x00000000       0xfb atmel_start.o
 .debug_abbrev  0x000000fb      0x171 Device_Startup/startup_same54.o
 .debug_abbrev  0x0000026c      0x2c6 driver_init.o
 .debug_abbrev  0x00000532      0x157 hal/src/hal_atomic.o
 .debug_abbrev  0x00000689       0xce hal/src/hal_evsys.o
 .debug_abbrev  0x00000757      0x14f hal/src/hal_ext_irq.o
 .debug_abbrev  0x000008a6      0x116 hal/src/hal_io.o
 .debug_abbrev  0x000009bc      0x176 hal/src/hal_pwm.o
 .debug_abbrev  0x00000b32      0x1d0 hal/src/hal_timer.o
 .debug_abbrev  0x00000d02      0x27d hal/src/hal_usart_async.o
 .debug_abbrev  0x00000f7f       0x9e hal/utils/src/utils_assert.o
 .debug_abbrev  0x0000101d      0x119 hal/utils/src/utils_list.o
 .debug_abbrev  0x00001136      0x100 hal/utils/src/utils_ringbuffer.o
 .debug_abbrev  0x00001236      0x230 hal/utils/src/utils_syscalls.o
 .debug_abbrev  0x00001466      0x291 hpl/core/hpl_core_m4.o
 .debug_abbrev  0x000016f7      0x1b7 hpl/core/hpl_init.o
 .debug_abbrev  0x000018ae      0x3a6 hpl/eic/hpl_eic.o
 .debug_abbrev  0x00001c54      0x22f hpl/evsys/hpl_evsys.o
 .debug_abbrev  0x00001e83      0x186 hpl/gclk/hpl_gclk.o
 .debug_abbrev  0x00002009      0x1bb hpl/mclk/hpl_mclk.o
 .debug_abbrev  0x000021c4      0x1e7 hpl/osc32kctrl/hpl_osc32kctrl.o
 .debug_abbrev  0x000023ab      0x1c0 hpl/oscctrl/hpl_oscctrl.o
 .debug_abbrev  0x0000256b      0x28f hpl/ramecc/hpl_ramecc.o
 .debug_abbrev  0x000027fa      0x3fa hpl/sercom/hpl_sercom.o
 .debug_abbrev  0x00002bf4      0x3b9 hpl/tc/hpl_tc.o
 .debug_abbrev  0x00002fad      0x236 hpl/tc/tc_lite.o
 .debug_abbrev  0x000031e3      0x3cc main.o
 .debug_abbrev  0x000035af      0x21c pwm_control.o

.debug_loc      0x00000000     0xc0d1
 .debug_loc     0x00000000       0x2c atmel_start.o
 .debug_loc     0x0000002c       0x64 Device_Startup/startup_same54.o
 .debug_loc     0x00000090      0xb58 driver_init.o
 .debug_loc     0x00000be8       0xfc hal/src/hal_atomic.o
 .debug_loc     0x00000ce4      0x1dc hal/src/hal_evsys.o
 .debug_loc     0x00000ec0      0x200 hal/src/hal_ext_irq.o
 .debug_loc     0x000010c0       0xe4 hal/src/hal_io.o
 .debug_loc     0x000011a4      0x2c4 hal/src/hal_pwm.o
 .debug_loc     0x00001468      0x41c hal/src/hal_timer.o
 .debug_loc     0x00001884      0x7c4 hal/src/hal_usart_async.o
 .debug_loc     0x00002048       0x5c hal/utils/src/utils_assert.o
 .debug_loc     0x000020a4      0x210 hal/utils/src/utils_list.o
 .debug_loc     0x000022b4      0x190 hal/utils/src/utils_ringbuffer.o
 .debug_loc     0x00002444      0x300 hal/utils/src/utils_syscalls.o
 .debug_loc     0x00002744      0x634 hpl/core/hpl_core_m4.o
 .debug_loc     0x00002d78       0x88 hpl/core/hpl_init.o
 .debug_loc     0x00002e00      0x88c hpl/eic/hpl_eic.o
 .debug_loc     0x0000368c      0x2e8 hpl/evsys/hpl_evsys.o
 .debug_loc     0x00003974      0x128 hpl/gclk/hpl_gclk.o
 .debug_loc     0x00003a9c       0xac hpl/mclk/hpl_mclk.o
 .debug_loc     0x00003b48      0x164 hpl/osc32kctrl/hpl_osc32kctrl.o
 .debug_loc     0x00003cac      0x164 hpl/oscctrl/hpl_oscctrl.o
 .debug_loc     0x00003e10      0x3ac hpl/ramecc/hpl_ramecc.o
 .debug_loc     0x000041bc     0x6212 hpl/sercom/hpl_sercom.o
 .debug_loc     0x0000a3ce     0x11d6 hpl/tc/hpl_tc.o
 .debug_loc     0x0000b5a4      0x338 hpl/tc/tc_lite.o
 .debug_loc     0x0000b8dc      0x754 main.o
 .debug_loc     0x0000c030       0xa1 pwm_control.o

.debug_aranges  0x00000000     0x1590
 .debug_aranges
                0x00000000       0x20 atmel_start.o
 .debug_aranges
                0x00000020       0x28 Device_Startup/startup_same54.o
 .debug_aranges
                0x00000048      0x150 driver_init.o
 .debug_aranges
                0x00000198       0x30 hal/src/hal_atomic.o
 .debug_aranges
                0x000001c8       0x50 hal/src/hal_evsys.o
 .debug_aranges
                0x00000218       0x50 hal/src/hal_ext_irq.o
 .debug_aranges
                0x00000268       0x30 hal/src/hal_io.o
 .debug_aranges
                0x00000298       0x60 hal/src/hal_pwm.o
 .debug_aranges
                0x000002f8       0x80 hal/src/hal_timer.o
 .debug_aranges
                0x00000378       0xe0 hal/src/hal_usart_async.o
 .debug_aranges
                0x00000458       0x20 hal/utils/src/utils_assert.o
 .debug_aranges
                0x00000478       0x48 hal/utils/src/utils_list.o
 .debug_aranges
                0x000004c0       0x40 hal/utils/src/utils_ringbuffer.o
 .debug_aranges
                0x00000500       0x60 hal/utils/src/utils_syscalls.o
 .debug_aranges
                0x00000560       0xb8 hpl/core/hpl_core_m4.o
 .debug_aranges
                0x00000618       0x28 hpl/core/hpl_init.o
 .debug_aranges
                0x00000640       0xe8 hpl/eic/hpl_eic.o
 .debug_aranges
                0x00000728       0x60 hpl/evsys/hpl_evsys.o
 .debug_aranges
                0x00000788       0x38 hpl/gclk/hpl_gclk.o
 .debug_aranges
                0x000007c0       0x28 hpl/mclk/hpl_mclk.o
 .debug_aranges
                0x000007e8       0x38 hpl/osc32kctrl/hpl_osc32kctrl.o
 .debug_aranges
                0x00000820       0x38 hpl/oscctrl/hpl_oscctrl.o
 .debug_aranges
                0x00000858       0x70 hpl/ramecc/hpl_ramecc.o
 .debug_aranges
                0x000008c8      0x990 hpl/sercom/hpl_sercom.o
 .debug_aranges
                0x00001258      0x1d8 hpl/tc/hpl_tc.o
 .debug_aranges
                0x00001430       0x68 hpl/tc/tc_lite.o
 .debug_aranges
                0x00001498       0xd0 main.o
 .debug_aranges
                0x00001568       0x28 pwm_control.o

.debug_ranges   0x00000000     0x13e8
 .debug_ranges  0x00000000       0x10 atmel_start.o
 .debug_ranges  0x00000010       0x18 Device_Startup/startup_same54.o
 .debug_ranges  0x00000028      0x140 driver_init.o
 .debug_ranges  0x00000168       0x20 hal/src/hal_atomic.o
 .debug_ranges  0x00000188       0x40 hal/src/hal_evsys.o
 .debug_ranges  0x000001c8       0x40 hal/src/hal_ext_irq.o
 .debug_ranges  0x00000208       0x20 hal/src/hal_io.o
 .debug_ranges  0x00000228       0x50 hal/src/hal_pwm.o
 .debug_ranges  0x00000278       0x88 hal/src/hal_timer.o
 .debug_ranges  0x00000300       0xd0 hal/src/hal_usart_async.o
 .debug_ranges  0x000003d0       0x10 hal/utils/src/utils_assert.o
 .debug_ranges  0x000003e0       0x38 hal/utils/src/utils_list.o
 .debug_ranges  0x00000418       0x30 hal/utils/src/utils_ringbuffer.o
 .debug_ranges  0x00000448       0x50 hal/utils/src/utils_syscalls.o
 .debug_ranges  0x00000498       0xa8 hpl/core/hpl_core_m4.o
 .debug_ranges  0x00000540       0x18 hpl/core/hpl_init.o
 .debug_ranges  0x00000558       0xd8 hpl/eic/hpl_eic.o
 .debug_ranges  0x00000630       0x50 hpl/evsys/hpl_evsys.o
 .debug_ranges  0x00000680       0x28 hpl/gclk/hpl_gclk.o
 .debug_ranges  0x000006a8       0x18 hpl/mclk/hpl_mclk.o
 .debug_ranges  0x000006c0       0x28 hpl/osc32kctrl/hpl_osc32kctrl.o
 .debug_ranges  0x000006e8       0x28 hpl/oscctrl/hpl_oscctrl.o
 .debug_ranges  0x00000710       0x60 hpl/ramecc/hpl_ramecc.o
 .debug_ranges  0x00000770      0x980 hpl/sercom/hpl_sercom.o
 .debug_ranges  0x000010f0      0x1c8 hpl/tc/hpl_tc.o
 .debug_ranges  0x000012b8       0x58 hpl/tc/tc_lite.o
 .debug_ranges  0x00001310       0xc0 main.o
 .debug_ranges  0x000013d0       0x18 pwm_control.o

.debug_macro    0x00000000    0x36dac
 .debug_macro   0x00000000      0x7f3 atmel_start.o
 .debug_macro   0x000007f3      0x8b0 atmel_start.o
 .debug_macro   0x000010a3      0x16d atmel_start.o
 .debug_macro   0x00001210       0x22 atmel_start.o
 .debug_macro   0x00001232       0x87 atmel_start.o
 .debug_macro   0x000012b9       0x51 atmel_start.o
 .debug_macro   0x0000130a       0xef atmel_start.o
 .debug_macro   0x000013f9       0x6a atmel_start.o
 .debug_macro   0x00001463      0x1df atmel_start.o
 .debug_macro   0x00001642       0x22 atmel_start.o
 .debug_macro   0x00001664       0x54 atmel_start.o
 .debug_macro   0x000016b8       0x1c atmel_start.o
 .debug_macro   0x000016d4       0x22 atmel_start.o
 .debug_macro   0x000016f6       0xdf atmel_start.o
 .debug_macro   0x000017d5     0x102d atmel_start.o
 .debug_macro   0x00002802      0x11f atmel_start.o
 .debug_macro   0x00002921      0x706 atmel_start.o
 .debug_macro   0x00003027      0xb5b atmel_start.o
 .debug_macro   0x00003b82      0x3c0 atmel_start.o
 .debug_macro   0x00003f42     0x2d61 atmel_start.o
 .debug_macro   0x00006ca3      0x336 atmel_start.o
 .debug_macro   0x00006fd9      0x3b7 atmel_start.o
 .debug_macro   0x00007390      0x668 atmel_start.o
 .debug_macro   0x000079f8     0x143f atmel_start.o
 .debug_macro   0x00008e37      0x651 atmel_start.o
 .debug_macro   0x00009488      0x67b atmel_start.o
 .debug_macro   0x00009b03      0x6d7 atmel_start.o
 .debug_macro   0x0000a1da      0x172 atmel_start.o
 .debug_macro   0x0000a34c      0x395 atmel_start.o
 .debug_macro   0x0000a6e1     0x19dd atmel_start.o
 .debug_macro   0x0000c0be       0x3a atmel_start.o
 .debug_macro   0x0000c0f8      0x72a atmel_start.o
 .debug_macro   0x0000c822      0xb12 atmel_start.o
 .debug_macro   0x0000d334      0x5d7 atmel_start.o
 .debug_macro   0x0000d90b      0xbc0 atmel_start.o
 .debug_macro   0x0000e4cb      0x9b9 atmel_start.o
 .debug_macro   0x0000ee84      0x2a3 atmel_start.o
 .debug_macro   0x0000f127      0x8cb atmel_start.o
 .debug_macro   0x0000f9f2      0x1ea atmel_start.o
 .debug_macro   0x0000fbdc      0x8f4 atmel_start.o
 .debug_macro   0x000104d0      0x216 atmel_start.o
 .debug_macro   0x000106e6      0x3f9 atmel_start.o
 .debug_macro   0x00010adf      0x620 atmel_start.o
 .debug_macro   0x000110ff      0x10d atmel_start.o
 .debug_macro   0x0001120c       0xb8 atmel_start.o
 .debug_macro   0x000112c4     0x1df7 atmel_start.o
 .debug_macro   0x000130bb     0x2e69 atmel_start.o
 .debug_macro   0x00015f24     0x11ed atmel_start.o
 .debug_macro   0x00017111      0x50e atmel_start.o
 .debug_macro   0x0001761f      0x930 atmel_start.o
 .debug_macro   0x00017f4f     0x1ad8 atmel_start.o
 .debug_macro   0x00019a27       0xe7 atmel_start.o
 .debug_macro   0x00019b0e     0x13e6 atmel_start.o
 .debug_macro   0x0001aef4      0x36a atmel_start.o
 .debug_macro   0x0001b25e       0x94 atmel_start.o
 .debug_macro   0x0001b2f2       0xdc atmel_start.o
 .debug_macro   0x0001b3ce       0xe2 atmel_start.o
 .debug_macro   0x0001b4b0       0xdc atmel_start.o
 .debug_macro   0x0001b58c      0x149 atmel_start.o
 .debug_macro   0x0001b6d5      0x149 atmel_start.o
 .debug_macro   0x0001b81e       0x46 atmel_start.o
 .debug_macro   0x0001b864       0x4c atmel_start.o
 .debug_macro   0x0001b8b0       0xc4 atmel_start.o
 .debug_macro   0x0001b974      0x7d5 atmel_start.o
 .debug_macro   0x0001c149       0xb8 atmel_start.o
 .debug_macro   0x0001c201       0x7c atmel_start.o
 .debug_macro   0x0001c27d      0xc20 atmel_start.o
 .debug_macro   0x0001ce9d       0x46 atmel_start.o
 .debug_macro   0x0001cee3      0x25b atmel_start.o
 .debug_macro   0x0001d13e      0x31a atmel_start.o
 .debug_macro   0x0001d458      0x170 atmel_start.o
 .debug_macro   0x0001d5c8       0x7c atmel_start.o
 .debug_macro   0x0001d644       0xbe atmel_start.o
 .debug_macro   0x0001d702       0x4c atmel_start.o
 .debug_macro   0x0001d74e       0x82 atmel_start.o
 .debug_macro   0x0001d7d0      0x1a3 atmel_start.o
 .debug_macro   0x0001d973       0x46 atmel_start.o
 .debug_macro   0x0001d9b9       0x6a atmel_start.o
 .debug_macro   0x0001da23       0x46 atmel_start.o
 .debug_macro   0x0001da69       0x88 atmel_start.o
 .debug_macro   0x0001daf1       0x46 atmel_start.o
 .debug_macro   0x0001db37      0x24e atmel_start.o
 .debug_macro   0x0001dd85       0x1c atmel_start.o
 .debug_macro   0x0001dda1       0x76 atmel_start.o
 .debug_macro   0x0001de17       0x3a atmel_start.o
 .debug_macro   0x0001de51       0x2e atmel_start.o
 .debug_macro   0x0001de7f      0x196 atmel_start.o
 .debug_macro   0x0001e015      0x16f atmel_start.o
 .debug_macro   0x0001e184      0x16f atmel_start.o
 .debug_macro   0x0001e2f3      0x25d atmel_start.o
 .debug_macro   0x0001e550      0x25d atmel_start.o
 .debug_macro   0x0001e7ad      0x25d atmel_start.o
 .debug_macro   0x0001ea0a      0x25d atmel_start.o
 .debug_macro   0x0001ec67      0x25d atmel_start.o
 .debug_macro   0x0001eec4      0x25d atmel_start.o
 .debug_macro   0x0001f121      0x25d atmel_start.o
 .debug_macro   0x0001f37e      0x25d atmel_start.o
 .debug_macro   0x0001f5db       0x52 atmel_start.o
 .debug_macro   0x0001f62d       0xfa atmel_start.o
 .debug_macro   0x0001f727       0xfa atmel_start.o
 .debug_macro   0x0001f821       0xfa atmel_start.o
 .debug_macro   0x0001f91b       0xfa atmel_start.o
 .debug_macro   0x0001fa15       0xfa atmel_start.o
 .debug_macro   0x0001fb0f       0xfa atmel_start.o
 .debug_macro   0x0001fc09       0xfa atmel_start.o
 .debug_macro   0x0001fd03       0xfa atmel_start.o
 .debug_macro   0x0001fdfd      0x148 atmel_start.o
 .debug_macro   0x0001ff45      0x124 atmel_start.o
 .debug_macro   0x00020069      0x106 atmel_start.o
 .debug_macro   0x0002016f       0xee atmel_start.o
 .debug_macro   0x0002025d       0xee atmel_start.o
 .debug_macro   0x0002034b       0x2e atmel_start.o
 .debug_macro   0x00020379      0x46a atmel_start.o
 .debug_macro   0x000207e3       0x3a atmel_start.o
 .debug_macro   0x0002081d      0x59f atmel_start.o
 .debug_macro   0x00020dbc     0x4ff3 atmel_start.o
 .debug_macro   0x00025daf       0xcf atmel_start.o
 .debug_macro   0x00025e7e       0x10 atmel_start.o
 .debug_macro   0x00025e8e       0x10 atmel_start.o
 .debug_macro   0x00025e9e       0x16 atmel_start.o
 .debug_macro   0x00025eb4       0x16 atmel_start.o
 .debug_macro   0x00025eca       0x16 atmel_start.o
 .debug_macro   0x00025ee0       0x16 atmel_start.o
 .debug_macro   0x00025ef6       0x16 atmel_start.o
 .debug_macro   0x00025f0c       0x16 atmel_start.o
 .debug_macro   0x00025f22       0x40 atmel_start.o
 .debug_macro   0x00025f62       0x16 atmel_start.o
 .debug_macro   0x00025f78       0x16 atmel_start.o
 .debug_macro   0x00025f8e       0x16 atmel_start.o
 .debug_macro   0x00025fa4       0x16 atmel_start.o
 .debug_macro   0x00025fba       0x16 atmel_start.o
 .debug_macro   0x00025fd0       0x16 atmel_start.o
 .debug_macro   0x00025fe6       0x16 atmel_start.o
 .debug_macro   0x00025ffc       0x16 atmel_start.o
 .debug_macro   0x00026012       0x16 atmel_start.o
 .debug_macro   0x00026028       0x16 atmel_start.o
 .debug_macro   0x0002603e       0x16 atmel_start.o
 .debug_macro   0x00026054       0x16 atmel_start.o
 .debug_macro   0x0002606a       0x16 atmel_start.o
 .debug_macro   0x00026080       0x16 atmel_start.o
 .debug_macro   0x00026096       0x16 atmel_start.o
 .debug_macro   0x000260ac       0x16 atmel_start.o
 .debug_macro   0x000260c2       0x16 atmel_start.o
 .debug_macro   0x000260d8       0x16 atmel_start.o
 .debug_macro   0x000260ee       0x16 atmel_start.o
 .debug_macro   0x00026104       0x16 atmel_start.o
 .debug_macro   0x0002611a       0x16 atmel_start.o
 .debug_macro   0x00026130      0xe5c atmel_start.o
 .debug_macro   0x00026f8c      0x9b6 atmel_start.o
 .debug_macro   0x00027942       0x94 atmel_start.o
 .debug_macro   0x000279d6       0x16 atmel_start.o
 .debug_macro   0x000279ec       0xbe atmel_start.o
 .debug_macro   0x00027aaa      0x28c atmel_start.o
 .debug_macro   0x00027d36       0x16 atmel_start.o
 .debug_macro   0x00027d4c      0x4d8 atmel_start.o
 .debug_macro   0x00028224       0x16 atmel_start.o
 .debug_macro   0x0002823a       0xca atmel_start.o
 .debug_macro   0x00028304       0x1c atmel_start.o
 .debug_macro   0x00028320       0x16 atmel_start.o
 .debug_macro   0x00028336      0x185 atmel_start.o
 .debug_macro   0x000284bb       0x88 atmel_start.o
 .debug_macro   0x00028543      0x4b2 Device_Startup/startup_same54.o
 .debug_macro   0x000289f5       0x4e Device_Startup/startup_same54.o
 .debug_macro   0x00028a43      0x801 driver_init.o
 .debug_macro   0x00029244      0x115 driver_init.o
 .debug_macro   0x00029359       0xc9 driver_init.o
 .debug_macro   0x00029422      0x686 hal/src/hal_atomic.o
 .debug_macro   0x00029aa8      0x69c hal/src/hal_evsys.o
 .debug_macro   0x0002a144      0x6a2 hal/src/hal_ext_irq.o
 .debug_macro   0x0002a7e6      0x69b hal/src/hal_io.o
 .debug_macro   0x0002ae81      0x6bb hal/src/hal_pwm.o
 .debug_macro   0x0002b53c      0x6d2 hal/src/hal_timer.o
 .debug_macro   0x0002bc0e      0x6ea hal/src/hal_usart_async.o
 .debug_macro   0x0002c2f8      0x690 hal/utils/src/utils_assert.o
 .debug_macro   0x0002c988       0x10 hal/utils/src/utils_assert.o
 .debug_macro   0x0002c998      0x695 hal/utils/src/utils_list.o
 .debug_macro   0x0002d02d      0x695 hal/utils/src/utils_ringbuffer.o
 .debug_macro   0x0002d6c2      0x1d6 hal/utils/src/utils_syscalls.o
 .debug_macro   0x0002d898       0x52 hal/utils/src/utils_syscalls.o
 .debug_macro   0x0002d8ea       0x8d hal/utils/src/utils_syscalls.o
 .debug_macro   0x0002d977       0x16 hal/utils/src/utils_syscalls.o
 .debug_macro   0x0002d98d       0x57 hal/utils/src/utils_syscalls.o
 .debug_macro   0x0002d9e4       0x97 hal/utils/src/utils_syscalls.o
 .debug_macro   0x0002da7b      0x353 hal/utils/src/utils_syscalls.o
 .debug_macro   0x0002ddce       0xf6 hal/utils/src/utils_syscalls.o
 .debug_macro   0x0002dec4       0x10 hal/utils/src/utils_syscalls.o
 .debug_macro   0x0002ded4       0x10 hal/utils/src/utils_syscalls.o
 .debug_macro   0x0002dee4       0x1c hal/utils/src/utils_syscalls.o
 .debug_macro   0x0002df00       0x52 hal/utils/src/utils_syscalls.o
 .debug_macro   0x0002df52       0x40 hal/utils/src/utils_syscalls.o
 .debug_macro   0x0002df92       0x10 hal/utils/src/utils_syscalls.o
 .debug_macro   0x0002dfa2       0x40 hal/utils/src/utils_syscalls.o
 .debug_macro   0x0002dfe2       0xd7 hal/utils/src/utils_syscalls.o
 .debug_macro   0x0002e0b9       0x16 hal/utils/src/utils_syscalls.o
 .debug_macro   0x0002e0cf      0x18b hal/utils/src/utils_syscalls.o
 .debug_macro   0x0002e25a       0x4c hal/utils/src/utils_syscalls.o
 .debug_macro   0x0002e2a6       0x16 hal/utils/src/utils_syscalls.o
 .debug_macro   0x0002e2bc       0x10 hal/utils/src/utils_syscalls.o
 .debug_macro   0x0002e2cc       0x10 hal/utils/src/utils_syscalls.o
 .debug_macro   0x0002e2dc       0x35 hal/utils/src/utils_syscalls.o
 .debug_macro   0x0002e311      0x122 hal/utils/src/utils_syscalls.o
 .debug_macro   0x0002e433      0x6c5 hpl/core/hpl_core_m4.o
 .debug_macro   0x0002eaf8      0x729 hpl/core/hpl_init.o
 .debug_macro   0x0002f221       0x2e hpl/core/hpl_init.o
 .debug_macro   0x0002f24f      0xd7b hpl/core/hpl_init.o
 .debug_macro   0x0002ffca      0x77c hpl/eic/hpl_eic.o
 .debug_macro   0x00030746      0x2e9 hpl/eic/hpl_eic.o
 .debug_macro   0x00030a2f      0x72d hpl/evsys/hpl_evsys.o
 .debug_macro   0x0003115c      0x8dc hpl/evsys/hpl_evsys.o
 .debug_macro   0x00031a38      0x69f hpl/gclk/hpl_gclk.o
 .debug_macro   0x000320d7      0x2f0 hpl/gclk/hpl_gclk.o
 .debug_macro   0x000323c7      0x69a hpl/mclk/hpl_mclk.o
 .debug_macro   0x00032a61      0x695 hpl/osc32kctrl/hpl_osc32kctrl.o
 .debug_macro   0x000330f6       0x80 hpl/osc32kctrl/hpl_osc32kctrl.o
 .debug_macro   0x00033176      0x69f hpl/oscctrl/hpl_oscctrl.o
 .debug_macro   0x00033815      0x216 hpl/oscctrl/hpl_oscctrl.o
 .debug_macro   0x00033a2b      0x6b0 hpl/ramecc/hpl_ramecc.o
 .debug_macro   0x000340db      0x8e9 hpl/sercom/hpl_sercom.o
 .debug_macro   0x000349c4       0x70 hpl/sercom/hpl_sercom.o
 .debug_macro   0x00034a34       0xe4 hpl/sercom/hpl_sercom.o
 .debug_macro   0x00034b18       0x10 hpl/sercom/hpl_sercom.o
 .debug_macro   0x00034b28       0x1c hpl/sercom/hpl_sercom.o
 .debug_macro   0x00034b44       0x22 hpl/sercom/hpl_sercom.o
 .debug_macro   0x00034b66       0x10 hpl/sercom/hpl_sercom.o
 .debug_macro   0x00034b76      0x70c hpl/tc/hpl_tc.o
 .debug_macro   0x00035282       0x10 hpl/tc/hpl_tc.o
 .debug_macro   0x00035292      0x116 hpl/tc/hpl_tc.o
 .debug_macro   0x000353a8       0x90 hpl/tc/hpl_tc.o
 .debug_macro   0x00035438      0x695 hpl/tc/tc_lite.o
 .debug_macro   0x00035acd      0x96a main.o
 .debug_macro   0x00036437      0x975 pwm_control.o

.debug_line     0x00000000    0x18b0c
 .debug_line    0x00000000      0xdba atmel_start.o
 .debug_line    0x00000dba      0x8a9 Device_Startup/startup_same54.o
 .debug_line    0x00001663     0x1116 driver_init.o
 .debug_line    0x00002779      0xbf7 hal/src/hal_atomic.o
 .debug_line    0x00003370      0xc2b hal/src/hal_evsys.o
 .debug_line    0x00003f9b      0xc9f hal/src/hal_ext_irq.o
 .debug_line    0x00004c3a      0xc1e hal/src/hal_io.o
 .debug_line    0x00005858      0xcba hal/src/hal_pwm.o
 .debug_line    0x00006512      0xdee hal/src/hal_timer.o
 .debug_line    0x00007300      0xef5 hal/src/hal_usart_async.o
 .debug_line    0x000081f5      0xbbf hal/utils/src/utils_assert.o
 .debug_line    0x00008db4      0xc59 hal/utils/src/utils_list.o
 .debug_line    0x00009a0d      0xc6c hal/utils/src/utils_ringbuffer.o
 .debug_line    0x0000a679      0x416 hal/utils/src/utils_syscalls.o
 .debug_line    0x0000aa8f      0xdea hpl/core/hpl_core_m4.o
 .debug_line    0x0000b879      0xcda hpl/core/hpl_init.o
 .debug_line    0x0000c553      0xef0 hpl/eic/hpl_eic.o
 .debug_line    0x0000d443      0xcd3 hpl/evsys/hpl_evsys.o
 .debug_line    0x0000e116      0xc2a hpl/gclk/hpl_gclk.o
 .debug_line    0x0000ed40      0xbf2 hpl/mclk/hpl_mclk.o
 .debug_line    0x0000f932      0xc25 hpl/osc32kctrl/hpl_osc32kctrl.o
 .debug_line    0x00010557      0xc3a hpl/oscctrl/hpl_oscctrl.o
 .debug_line    0x00011191      0xcda hpl/ramecc/hpl_ramecc.o
 .debug_line    0x00011e6b     0x2e41 hpl/sercom/hpl_sercom.o
 .debug_line    0x00014cac     0x1149 hpl/tc/hpl_tc.o
 .debug_line    0x00015df5      0xc86 hpl/tc/tc_lite.o
 .debug_line    0x00016a7b     0x1147 main.o
 .debug_line    0x00017bc2      0xf4a pwm_control.o

.debug_str      0x00000000   0x123bca
 .debug_str     0x00000000   0x1078d6 atmel_start.o
                             0x107e46 (size before relaxing)
 .debug_str     0x001078d6      0xbfb Device_Startup/startup_same54.o
                              0xf0d2b (size before relaxing)
 .debug_str     0x001084d1     0x2070 driver_init.o
                             0x109fcc (size before relaxing)
 .debug_str     0x0010a541       0xb7 hal/src/hal_atomic.o
                             0x1066de (size before relaxing)
 .debug_str     0x0010a5f8       0xd2 hal/src/hal_evsys.o
                             0x1067b4 (size before relaxing)
 .debug_str     0x0010a6ca       0xcc hal/src/hal_ext_irq.o
                             0x106791 (size before relaxing)
 .debug_str     0x0010a796       0x3d hal/src/hal_io.o
                             0x106779 (size before relaxing)
 .debug_str     0x0010a7d3      0x185 hal/src/hal_pwm.o
                             0x106e69 (size before relaxing)
 .debug_str     0x0010a958      0x2cc hal/src/hal_timer.o
                             0x10700b (size before relaxing)
 .debug_str     0x0010ac24      0x694 hal/src/hal_usart_async.o
                             0x1075e3 (size before relaxing)
 .debug_str     0x0010b2b8       0x2a hal/utils/src/utils_assert.o
                             0x1066ee (size before relaxing)
 .debug_str     0x0010b2e2       0x31 hal/utils/src/utils_list.o
                             0x106798 (size before relaxing)
 .debug_str     0x0010b313       0x24 hal/utils/src/utils_ringbuffer.o
                             0x106782 (size before relaxing)
 .debug_str     0x0010b337     0x4513 hal/utils/src/utils_syscalls.o
                               0x73c1 (size before relaxing)
 .debug_str     0x0010f84a      0x8ab hpl/core/hpl_core_m4.o
                             0x107ca9 (size before relaxing)
 .debug_str     0x001100f5     0x310e hpl/core/hpl_init.o
                             0x10b00a (size before relaxing)
 .debug_str     0x00113203     0x10e8 hpl/eic/hpl_eic.o
                             0x10b1d1 (size before relaxing)
 .debug_str     0x001142eb     0x7df3 hpl/evsys/hpl_evsys.o
                             0x10e53c (size before relaxing)
 .debug_str     0x0011c0de      0xbf4 hpl/gclk/hpl_gclk.o
                             0x107419 (size before relaxing)
 .debug_str     0x0011ccd2       0x47 hpl/mclk/hpl_mclk.o
                             0x1071cd (size before relaxing)
 .debug_str     0x0011cd19      0x45d hpl/osc32kctrl/hpl_osc32kctrl.o
                             0x106b46 (size before relaxing)
 .debug_str     0x0011d176      0xab4 hpl/oscctrl/hpl_oscctrl.o
                             0x107d56 (size before relaxing)
 .debug_str     0x0011dc2a      0x25d hpl/ramecc/hpl_ramecc.o
                             0x107624 (size before relaxing)
 .debug_str     0x0011de87     0x4a80 hpl/sercom/hpl_sercom.o
                             0x10d3e6 (size before relaxing)
 .debug_str     0x00122907      0xe8c hpl/tc/hpl_tc.o
                             0x109022 (size before relaxing)
 .debug_str     0x00123793       0x8c hpl/tc/tc_lite.o
                             0x106bd8 (size before relaxing)
 .debug_str     0x0012381f      0x2a7 main.o
                             0x10ced5 (size before relaxing)
 .debug_str     0x00123ac6      0x104 pwm_control.o
                             0x10bd88 (size before relaxing)

.debug_frame    0x00000000     0x5ec8
 .debug_frame   0x00000000       0x2c atmel_start.o
 .debug_frame   0x0000002c       0x48 Device_Startup/startup_same54.o
 .debug_frame   0x00000074      0x57c driver_init.o
 .debug_frame   0x000005f0       0x80 hal/src/hal_atomic.o
 .debug_frame   0x00000670       0xf8 hal/src/hal_evsys.o
 .debug_frame   0x00000768      0x100 hal/src/hal_ext_irq.o
 .debug_frame   0x00000868       0x78 hal/src/hal_io.o
 .debug_frame   0x000008e0      0x150 hal/src/hal_pwm.o
 .debug_frame   0x00000a30      0x1e8 hal/src/hal_timer.o
 .debug_frame   0x00000c18      0x394 hal/src/hal_usart_async.o
 .debug_frame   0x00000fac       0x38 hal/utils/src/utils_assert.o
 .debug_frame   0x00000fe4       0xf8 hal/utils/src/utils_list.o
 .debug_frame   0x000010dc       0xc4 hal/utils/src/utils_ringbuffer.o
 .debug_frame   0x000011a0      0x168 hal/utils/src/utils_syscalls.o
 .debug_frame   0x00001308      0x2e0 hpl/core/hpl_core_m4.o
 .debug_frame   0x000015e8       0x54 hpl/core/hpl_init.o
 .debug_frame   0x0000163c      0x3e4 hpl/eic/hpl_eic.o
 .debug_frame   0x00001a20      0x160 hpl/evsys/hpl_evsys.o
 .debug_frame   0x00001b80       0x9c hpl/gclk/hpl_gclk.o
 .debug_frame   0x00001c1c       0x5c hpl/mclk/hpl_mclk.o
 .debug_frame   0x00001c78       0xac hpl/osc32kctrl/hpl_osc32kctrl.o
 .debug_frame   0x00001d24       0xac hpl/oscctrl/hpl_oscctrl.o
 .debug_frame   0x00001dd0      0x1b8 hpl/ramecc/hpl_ramecc.o
 .debug_frame   0x00001f88     0x2c1c hpl/sercom/hpl_sercom.o
 .debug_frame   0x00004ba4      0x820 hpl/tc/hpl_tc.o
 .debug_frame   0x000053c4      0x184 hpl/tc/tc_lite.o
 .debug_frame   0x00005548      0x370 main.o
 .debug_frame   0x000058b8       0x60 pwm_control.o
 .debug_frame   0x00005918       0xac c:/program files (x86)/atmel/studio/7.0/toolchain/arm/arm-gnu-toolchain/bin/../lib/gcc/arm-none-eabi/6.3.1/thumb/v7e-m\libgcc.a(_arm_addsubdf3.o)
 .debug_frame   0x000059c4       0x50 c:/program files (x86)/atmel/studio/7.0/toolchain/arm/arm-gnu-toolchain/bin/../lib/gcc/arm-none-eabi/6.3.1/thumb/v7e-m\libgcc.a(_arm_muldivdf3.o)