Archive member included to satisfy reference by file (symbol)

c:/program files (x86)/atmel/studio/7.0/toolchain/arm/arm-gnu-toolchain/bin/../lib/gcc/arm-none-eabi/6.3.1/thumb/v7e-m\libgcc.a(_arm_addsubdf3.o)
                              hpl/sercom/hpl_sercom.o (__aeabi_dsub)
c:/program files (x86)/atmel/studio/7.0/toolchain/arm/arm-gnu-toolchain/bin/../lib/gcc/arm-none-eabi/6.3.1/thumb/v7e-m\libgcc.a(_arm_muldivdf3.o)
                              hpl/sercom/hpl_sercom.o (__aeabi_dmul)
c:/program files (x86)/atmel/studio/7.0/toolchain/arm/arm-gnu-toolchain/bin/../lib/gcc/arm-none-eabi/6.3.1/thumb/v7e-m\libgcc.a(_arm_cmpdf2.o)
                              set_duty.o (__aeabi_dcmple)
c:/program files (x86)/atmel/studio/7.0/toolchain/arm/arm-gnu-toolchain/bin/../lib/gcc/arm-none-eabi/6.3.1/thumb/v7e-m\libgcc.a(_arm_fixunsdfsi.o)
                              hpl/sercom/hpl_sercom.o (__aeabi_d2uiz)
c:/program files (x86)/atmel/studio/7.0/toolchain/arm/arm-gnu-toolchain/bin/../lib/gcc/arm-none-eabi/6.3.1/thumb/v7e-m\libgcc.a(_aeabi_uldivmod.o)
                              hpl/sercom/hpl_sercom.o (__aeabi_uldivmod)
c:/program files (x86)/atmel/studio/7.0/toolchain/arm/arm-gnu-toolchain/bin/../lib/gcc/arm-none-eabi/6.3.1/thumb/v7e-m\libgcc.a(_udivmoddi4.o)
                              c:/program files (x86)/atmel/studio/7.0/toolchain/arm/arm-gnu-toolchain/bin/../lib/gcc/arm-none-eabi/6.3.1/thumb/v7e-m\libgcc.a(_aeabi_uldivmod.o) (__udivmoddi4)
c:/program files (x86)/atmel/studio/7.0/toolchain/arm/arm-gnu-toolchain/bin/../lib/gcc/arm-none-eabi/6.3.1/thumb/v7e-m\libgcc.a(_dvmd_tls.o)
                              c:/program files (x86)/atmel/studio/7.0/toolchain/arm/arm-gnu-toolchain/bin/../lib/gcc/arm-none-eabi/6.3.1/thumb/v7e-m\libgcc.a(_aeabi_uldivmod.o) (__aeabi_ldiv0)
c:/program files (x86)/atmel/studio/7.0/toolchain/arm/arm-gnu-toolchain/bin/../lib/gcc/arm-none-eabi/6.3.1/../../../../arm-none-eabi/lib/thumb/v7e-m\libc_nano.a(lib_a-exit.o)
                              c:/program files (x86)/atmel/studio/7.0/toolchain/arm/arm-gnu-toolchain/bin/../lib/gcc/arm-none-eabi/6.3.1/../../../../arm-none-eabi/lib/thumb/v7e-m/crt0.o (exit)
c:/program files (x86)/atmel/studio/7.0/toolchain/arm/arm-gnu-toolchain/bin/../lib/gcc/arm-none-eabi/6.3.1/../../../../arm-none-eabi/lib/thumb/v7e-m\libc_nano.a(lib_a-impure.o)
                              c:/program files (x86)/atmel/studio/7.0/toolchain/arm/arm-gnu-toolchain/bin/../lib/gcc/arm-none-eabi/6.3.1/../../../../arm-none-eabi/lib/thumb/v7e-m\libc_nano.a(lib_a-exit.o) (_global_impure_ptr)
c:/program files (x86)/atmel/studio/7.0/toolchain/arm/arm-gnu-toolchain/bin/../lib/gcc/arm-none-eabi/6.3.1/../../../../arm-none-eabi/lib/thumb/v7e-m\libc_nano.a(lib_a-init.o)
                              c:/program files (x86)/atmel/studio/7.0/toolchain/arm/arm-gnu-toolchain/bin/../lib/gcc/arm-none-eabi/6.3.1/../../../../arm-none-eabi/lib/thumb/v7e-m/crt0.o (__libc_init_array)
c:/program files (x86)/atmel/studio/7.0/toolchain/arm/arm-gnu-toolchain/bin/../lib/gcc/arm-none-eabi/6.3.1/../../../../arm-none-eabi/lib/thumb/v7e-m\libc_nano.a(lib_a-memset.o)
                              c:/program files (x86)/atmel/studio/7.0/toolchain/arm/arm-gnu-toolchain/bin/../lib/gcc/arm-none-eabi/6.3.1/../../../../arm-none-eabi/lib/thumb/v7e-m/crt0.o (memset)
c:/program files (x86)/atmel/studio/7.0/toolchain/arm/arm-gnu-toolchain/bin/../lib/gcc/arm-none-eabi/6.3.1/../../../../arm-none-eabi/lib/thumb/v7e-m\libc_nano.a(lib_a-printf.o)
                              hal/utils/src/utils_syscalls.o (printf)
c:/program files (x86)/atmel/studio/7.0/toolchain/arm/arm-gnu-toolchain/bin/../lib/gcc/arm-none-eabi/6.3.1/../../../../arm-none-eabi/lib/thumb/v7e-m\libc_nano.a(lib_a-findfp.o)
                              c:/program files (x86)/atmel/studio/7.0/toolchain/arm/arm-gnu-toolchain/bin/../lib/gcc/arm-none-eabi/6.3.1/../../../../arm-none-eabi/lib/thumb/v7e-m\libc_nano.a(lib_a-printf.o) (__sinit)
c:/program files (x86)/atmel/studio/7.0/toolchain/arm/arm-gnu-toolchain/bin/../lib/gcc/arm-none-eabi/6.3.1/../../../../arm-none-eabi/lib/thumb/v7e-m\libc_nano.a(lib_a-fwalk.o)
                              c:/program files (x86)/atmel/studio/7.0/toolchain/arm/arm-gnu-toolchain/bin/../lib/gcc/arm-none-eabi/6.3.1/../../../../arm-none-eabi/lib/thumb/v7e-m\libc_nano.a(lib_a-findfp.o) (_fwalk)
c:/program files (x86)/atmel/studio/7.0/toolchain/arm/arm-gnu-toolchain/bin/../lib/gcc/arm-none-eabi/6.3.1/../../../../arm-none-eabi/lib/thumb/v7e-m\libc_nano.a(lib_a-nano-mallocr.o)
                              c:/program files (x86)/atmel/studio/7.0/toolchain/arm/arm-gnu-toolchain/bin/../lib/gcc/arm-none-eabi/6.3.1/../../../../arm-none-eabi/lib/thumb/v7e-m\libc_nano.a(lib_a-findfp.o) (_malloc_r)
c:/program files (x86)/atmel/studio/7.0/toolchain/arm/arm-gnu-toolchain/bin/../lib/gcc/arm-none-eabi/6.3.1/../../../../arm-none-eabi/lib/thumb/v7e-m\libc_nano.a(lib_a-nano-vfprintf.o)
[...]
Memory Configuration

Name             Origin             Length             Attributes
rom              0x00000000         0x00100000         xr
ram              0x20000000         0x00040000         xrw
bkupram          0x47000000         0x00002000         xrw
qspi             0x04000000         0x01000000         xrw
*default*        0x00000000         0xffffffff

Linker script and memory map

LOAD c:/program files (x86)/atmel/studio/7.0/toolchain/arm/arm-gnu-toolchain/bin/../lib/gcc/arm-none-eabi/6.3.1/thumb/v7e-m/crti.o
LOAD c:/program files (x86)/atmel/studio/7.0/toolchain/arm/arm-gnu-toolchain/bin/../lib/gcc/arm-none-eabi/6.3.1/thumb/v7e-m/crtbegin.o
LOAD c:/program files (x86)/atmel/studio/7.0/toolchain/arm/arm-gnu-toolchain/bin/../lib/gcc/arm-none-eabi/6.3.1/../../../../arm-none-eabi/lib/thumb/v7e-m/crt0.o
LOAD atmel_start.o
LOAD custom_functions.o
LOAD Device_Startup/startup_same54.o
LOAD Device_Startup/system_same54.o
LOAD driver_init.o
LOAD examples/driver_examples.o
LOAD hal/src/hal_atomic.o
LOAD hal/src/hal_cache.o
LOAD hal/src/hal_delay.o
LOAD hal/src/hal_gpio.o
LOAD hal/src/hal_init.o
LOAD hal/src/hal_io.o
LOAD hal/src/hal_sleep.o
LOAD hal/src/hal_usart_sync.o
LOAD hal/utils/src/utils_assert.o
LOAD hal/utils/src/utils_event.o
LOAD hal/utils/src/utils_list.o
LOAD hal/utils/src/utils_syscalls.o
LOAD hpl/cmcc/hpl_cmcc.o
LOAD hpl/core/hpl_core_m4.o
LOAD hpl/core/hpl_init.o
LOAD hpl/dmac/hpl_dmac.o
LOAD hpl/gclk/hpl_gclk.o
LOAD hpl/mclk/hpl_mclk.o
LOAD hpl/osc32kctrl/hpl_osc32kctrl.o
LOAD hpl/oscctrl/hpl_oscctrl.o
LOAD hpl/pm/hpl_pm.o
LOAD hpl/ramecc/hpl_ramecc.o
LOAD hpl/sercom/hpl_sercom.o
LOAD hpl/tcc/tcc_lite.o
LOAD main.o
LOAD pwm.o
LOAD set_duty.o
START GROUP
LOAD c:/program files (x86)/atmel/studio/7.0/toolchain/arm/arm-gnu-toolchain/bin/../lib/gcc/arm-none-eabi/6.3.1/../../../../arm-none-eabi/lib/thumb/v7e-m\libm.a
END GROUP
START GROUP
LOAD c:/program files (x86)/atmel/studio/7.0/toolchain/arm/arm-gnu-toolchain/bin/../lib/gcc/arm-none-eabi/6.3.1/thumb/v7e-m\libgcc.a
LOAD c:/program files (x86)/atmel/studio/7.0/toolchain/arm/arm-gnu-toolchain/bin/../lib/gcc/arm-none-eabi/6.3.1/../../../../arm-none-eabi/lib/thumb/v7e-m\libc_nano.a
END GROUP
START GROUP
LOAD c:/program files (x86)/atmel/studio/7.0/toolchain/arm/arm-gnu-toolchain/bin/../lib/gcc/arm-none-eabi/6.3.1/thumb/v7e-m\libgcc.a
LOAD c:/program files (x86)/atmel/studio/7.0/toolchain/arm/arm-gnu-toolchain/bin/../lib/gcc/arm-none-eabi/6.3.1/../../../../arm-none-eabi/lib/thumb/v7e-m\libc_nano.a
END GROUP
LOAD c:/program files (x86)/atmel/studio/7.0/toolchain/arm/arm-gnu-toolchain/bin/../lib/gcc/arm-none-eabi/6.3.1/thumb/v7e-m/crtend.o
LOAD c:/program files (x86)/atmel/studio/7.0/toolchain/arm/arm-gnu-toolchain/bin/../lib/gcc/arm-none-eabi/6.3.1/thumb/v7e-m/crtn.o
                0x00010000                STACK_SIZE = DEFINED (STACK_SIZE)?STACK_SIZE:DEFINED (__stack_size__)?__stack_size__:0x10000

.text           0x00000000     0x21e8
                0x00000000                . = ALIGN (0x4)
                0x00000000                _sfixed = .
 *(.vectors .vectors.*)
 .vectors       0x00000000      0x264 Device_Startup/startup_same54.o
                0x00000000                exception_table
 *(.text .text.* .gnu.linkonce.t.*)
 .text          0x00000264       0x6c c:/program files (x86)/atmel/studio/7.0/toolchain/arm/arm-gnu-toolchain/bin/../lib/gcc/arm-none-eabi/6.3.1/thumb/v7e-m/crtbegin.o
 .text.atmel_start_init
                0x000002d0       0x10 atmel_start.o
                0x000002d0                atmel_start_init
 .text.Reset_Handler
                0x000002e0       0x9c Device_Startup/startup_same54.o
                0x000002e0                Reset_Handler
 .text.Dummy_Handler
                0x0000037c        0x6 Device_Startup/startup_same54.o
                0x0000037c                EIC_5_Handler
                0x0000037c                SVCall_Handler
                0x0000037c                SERCOM0_2_Handler
                0x0000037c                EIC_13_Handler
                0x0000037c                EVSYS_0_Handler
                0x0000037c                TCC1_3_Handler
                0x0000037c                DAC_3_Handler
                0x0000037c                TRNG_Handler
                0x0000037c                HardFault_Handler
                0x0000037c                TC2_Handler
                0x0000037c                PDEC_2_Handler
                0x0000037c                EIC_4_Handler
                0x0000037c                AC_Handler
                0x0000037c                SERCOM3_1_Handler
                0x0000037c                TCC2_3_Handler
                0x0000037c                SysTick_Handler
                0x0000037c                SERCOM3_2_Handler
                0x0000037c                PendSV_Handler
                0x0000037c                TC7_Handler
                0x0000037c                ADC1_1_Handler
                0x0000037c                EVSYS_3_Handler
                0x0000037c                PDEC_0_Handler
                0x0000037c                QSPI_Handler
                0x0000037c                NonMaskableInt_Handler
                0x0000037c                TCC0_0_Handler
                0x0000037c                EIC_3_Handler
                0x0000037c                MemManagement_Handler
                0x0000037c                DAC_2_Handler
                0x0000037c                SERCOM0_0_Handler
                0x0000037c                RTC_Handler
                0x0000037c                UsageFault_Handler
                0x0000037c                SERCOM4_0_Handler
                0x0000037c                EIC_10_Handler
                0x0000037c                SERCOM0_3_Handler
                0x0000037c                EIC_11_Handler
                0x0000037c                EIC_9_Handler
                0x0000037c                OSC32KCTRL_Handler
                0x0000037c                TCC2_1_Handler
                0x0000037c                SUPC_1_Handler
                0x0000037c                TCC0_5_Handler
                0x0000037c                TCC0_6_Handler
                0x0000037c                SERCOM6_2_Handler
                0x0000037c                EVSYS_1_Handler
                0x0000037c                TCC1_4_Handler
                0x0000037c                TC6_Handler
                0x0000037c                DMAC_0_Handler
                0x0000037c                WDT_Handler
                0x0000037c                CAN0_Handler
                0x0000037c                EIC_8_Handler
                0x0000037c                EIC_15_Handler
                0x0000037c                SERCOM6_0_Handler
                0x0000037c                SERCOM5_0_Handler
                0x0000037c                TC4_Handler
                0x0000037c                TC1_Handler
                0x0000037c                OSCCTRL_4_Handler
                0x0000037c                SERCOM4_3_Handler
                0x0000037c                EIC_12_Handler
                0x0000037c                DMAC_4_Handler
                0x0000037c                TCC4_2_Handler
                0x0000037c                PAC_Handler
                0x0000037c                TCC1_0_Handler
                0x0000037c                USB_0_Handler
                0x0000037c                OSCCTRL_0_Handler
                0x0000037c                EIC_0_Handler
                0x0000037c                OSCCTRL_3_Handler
                0x0000037c                SERCOM4_1_Handler
                0x0000037c                TC3_Handler
                0x0000037c                Dummy_Handler
                0x0000037c                TCC3_0_Handler
                0x0000037c                TCC2_2_Handler
                0x0000037c                SERCOM5_1_Handler
                0x0000037c                TCC1_1_Handler
                0x0000037c                DMAC_2_Handler
                0x0000037c                ADC0_0_Handler
                0x0000037c                SERCOM0_1_Handler
                0x0000037c                OSCCTRL_2_Handler
                0x0000037c                ADC1_0_Handler
                0x0000037c                TCC1_2_Handler
                0x0000037c                SERCOM7_1_Handler
                0x0000037c                USB_1_Handler
                0x0000037c                PM_Handler
                0x0000037c                SERCOM6_3_Handler
                0x0000037c                SERCOM2_3_Handler
                0x0000037c                DAC_4_Handler
                0x0000037c                TCC3_2_Handler
                0x0000037c                SERCOM7_0_Handler
                0x0000037c                TCC0_2_Handler
                0x0000037c                DMAC_1_Handler
                0x0000037c                TCC4_0_Handler
                0x0000037c                SERCOM7_3_Handler
                0x0000037c                GMAC_Handler
                0x0000037c                SDHC1_Handler
                0x0000037c                USB_3_Handler
                0x0000037c                CAN1_Handler
                0x0000037c                SERCOM7_2_Handler
                0x0000037c                TCC2_0_Handler
                0x0000037c                PDEC_1_Handler
                0x0000037c                TCC4_1_Handler
                0x0000037c                SERCOM5_3_Handler
                0x0000037c                USB_2_Handler
                0x0000037c                SERCOM6_1_Handler
                0x0000037c                SDHC0_Handler
                0x0000037c                SERCOM1_1_Handler
                0x0000037c                I2S_Handler
                0x0000037c                EIC_2_Handler
                0x0000037c                PCC_Handler
                0x0000037c                DAC_0_Handler
                0x0000037c                SERCOM1_3_Handler
                0x0000037c                EIC_6_Handler
                0x0000037c                OSCCTRL_1_Handler
                0x0000037c                SERCOM1_0_Handler
                0x0000037c                PUKCC_Handler
                0x0000037c                SERCOM2_1_Handler
                0x0000037c                SERCOM1_2_Handler
                0x0000037c                SERCOM3_0_Handler
                0x0000037c                EIC_1_Handler
                0x0000037c                SERCOM4_2_Handler
                0x0000037c                EVSYS_4_Handler
                0x0000037c                EIC_7_Handler
                0x0000037c                NVMCTRL_1_Handler
                0x0000037c                SERCOM5_2_Handler
                0x0000037c                ADC0_1_Handler
                0x0000037c                SERCOM3_3_Handler
                0x0000037c                SERCOM2_2_Handler
                0x0000037c                TCC3_1_Handler
                0x0000037c                EIC_14_Handler
                0x0000037c                DAC_1_Handler
                0x0000037c                NVMCTRL_0_Handler
                0x0000037c                MCLK_Handler
                0x0000037c                EVSYS_2_Handler
                0x0000037c                SUPC_0_Handler
                0x0000037c                BusFault_Handler
                0x0000037c                FREQM_Handler
                0x0000037c                TC0_Handler
                0x0000037c                TCC0_3_Handler
                0x0000037c                DMAC_3_Handler
                0x0000037c                DebugMonitor_Handler
                0x0000037c                TCC0_4_Handler
                0x0000037c                TC5_Handler
                0x0000037c                SERCOM2_0_Handler
                0x0000037c                ICM_Handler
                0x0000037c                AES_Handler
 .text.hri_gclk_write_PCHCTRL_reg
                0x00000382       0x26 driver_init.o
 .text.hri_mclk_set_APBBMASK_SERCOM2_bit
                0x000003a8       0x20 driver_init.o
 .text.hri_mclk_set_APBBMASK_TCC0_bit
                0x000003c8       0x20 driver_init.o
 .text.hri_port_set_DIR_reg
                0x000003e8       0x28 driver_init.o
 .text.hri_port_clear_DIR_reg
                0x00000410       0x28 driver_init.o
 .text.hri_port_set_OUT_reg
                0x00000438       0x28 driver_init.o
 .text.hri_port_clear_OUT_reg
                0x00000460       0x28 driver_init.o
 .text.hri_port_write_PMUX_PMUXE_bf
                0x00000488       0x60 driver_init.o
 .text.hri_port_write_PMUX_PMUXO_bf
                0x000004e8       0x5e driver_init.o
 .text.hri_port_write_PINCFG_PMUXEN_bit
                0x00000546       0x5a driver_init.o
 .text.hri_port_set_PINCFG_PULLEN_bit
                0x000005a0       0x44 driver_init.o
 .text.hri_port_clear_PINCFG_PULLEN_bit
                0x000005e4       0x44 driver_init.o
 .text.hri_port_write_WRCONFIG_reg
                0x00000628       0x28 driver_init.o
 .text._gpio_set_direction
                0x00000650       0xe8 driver_init.o
 .text._gpio_set_level
                0x00000738       0x44 driver_init.o
 .text._gpio_set_pin_pull_mode
                0x0000077c       0xc0 driver_init.o
 .text._gpio_set_pin_function
                0x0000083c       0x84 driver_init.o
 .text.gpio_set_pin_pull_mode
                0x000008c0       0x34 driver_init.o
 .text.gpio_set_pin_function
                0x000008f4       0x20 driver_init.o
 .text.gpio_set_pin_direction
                0x00000914       0x38 driver_init.o
 .text.gpio_set_pin_level
                0x0000094c       0x38 driver_init.o
 .text.init_mcu
                0x00000984       0x10 driver_init.o
 .text.EDBG_UART_PORT_init
                0x00000994       0x24 driver_init.o
                0x00000994                EDBG_UART_PORT_init
 .text.EDBG_UART_CLOCK_init
                0x000009b8       0x34 driver_init.o
                0x000009b8                EDBG_UART_CLOCK_init
 .text.EDBG_UART_init
                0x000009ec       0x30 driver_init.o
                0x000009ec                EDBG_UART_init
 .text.PWM_0_PORT_init
                0x00000a1c       0x18 driver_init.o
                0x00000a1c                PWM_0_PORT_init
 .text.PWM_0_CLOCK_init
                0x00000a34       0x28 driver_init.o
                0x00000a34                PWM_0_CLOCK_init
 .text.system_init
                0x00000a5c      0x110 driver_init.o
                0x00000a5c                system_init
 .text.usart_sync_init
                0x00000b6c       0x70 hal/src/hal_usart_sync.o
                0x00000b6c                usart_sync_init
 .text.usart_sync_enable
                0x00000bdc       0x40 hal/src/hal_usart_sync.o
                0x00000bdc                usart_sync_enable
 .text.usart_sync_get_io_descriptor
                0x00000c1c       0x44 hal/src/hal_usart_sync.o
                0x00000c1c                usart_sync_get_io_descriptor
 .text.usart_sync_write
                0x00000c60       0xc8 hal/src/hal_usart_sync.o
 .text.usart_sync_read
                0x00000d28       0x94 hal/src/hal_usart_sync.o
 .text.assert   0x00000dbc       0x28 hal/utils/src/utils_assert.o
                0x00000dbc                assert
 .text.hri_nvmctrl_set_CTRLA_RWS_bf
                0x00000de4       0x32 hpl/core/hpl_init.o
 *fill*         0x00000e16        0x2 
 .text._init_chip
                0x00000e18       0x44 hpl/core/hpl_init.o
                0x00000e18                _init_chip
 .text.hri_gclk_wait_for_sync
                0x00000e5c       0x24 hpl/gclk/hpl_gclk.o
 .text.hri_gclk_write_GENCTRL_reg
                0x00000e80       0x30 hpl/gclk/hpl_gclk.o
 .text._gclk_init_generators_by_fref
                0x00000eb0       0x30 hpl/gclk/hpl_gclk.o
                0x00000eb0                _gclk_init_generators_by_fref
 .text.hri_mclk_write_CPUDIV_reg
                0x00000ee0       0x1e hpl/mclk/hpl_mclk.o
 *fill*         0x00000efe        0x2 
 .text._mclk_init
                0x00000f00       0x24 hpl/mclk/hpl_mclk.o
                0x00000f00                _mclk_init
 .text.hri_osc32kctrl_write_RTCCTRL_reg
                0x00000f24       0x1e hpl/osc32kctrl/hpl_osc32kctrl.o
 .text.hri_osc32kctrl_read_OSCULP32K_CALIB_bf
                0x00000f42       0x26 hpl/osc32kctrl/hpl_osc32kctrl.o
 .text.hri_osc32kctrl_write_OSCULP32K_reg
                0x00000f68       0x1c hpl/osc32kctrl/hpl_osc32kctrl.o
 .text._osc32kctrl_init_sources
                0x00000f84       0x48 hpl/osc32kctrl/hpl_osc32kctrl.o
                0x00000f84                _osc32kctrl_init_sources
 .text.hri_oscctrl_get_STATUS_XOSCRDY1_bit
                0x00000fcc       0x28 hpl/oscctrl/hpl_oscctrl.o
 .text.hri_oscctrl_write_XOSCCTRL_reg
                0x00000ff4       0x28 hpl/oscctrl/hpl_oscctrl.o
 .text._oscctrl_init_sources
                0x0000101c       0x40 hpl/oscctrl/hpl_oscctrl.o
                0x0000101c                _oscctrl_init_sources
 .text._oscctrl_init_referenced_generators
                0x0000105c       0x1c hpl/oscctrl/hpl_oscctrl.o
                0x0000105c                _oscctrl_init_referenced_generators
 .text.hri_ramecc_read_INTFLAG_reg
                0x00001078       0x1a hpl/ramecc/hpl_ramecc.o
 .text.hri_ramecc_read_ERRADDR_reg
                0x00001092       0x18 hpl/ramecc/hpl_ramecc.o
 *fill*         0x000010aa        0x2 
 .text.RAMECC_Handler
                0x000010ac       0x74 hpl/ramecc/hpl_ramecc.o
                0x000010ac                RAMECC_Handler
 .text.hri_sercomusart_wait_for_sync
                0x00001120       0x24 hpl/sercom/hpl_sercom.o
 .text.hri_sercomusart_is_syncing
                0x00001144       0x28 hpl/sercom/hpl_sercom.o
 .text.hri_sercomusart_get_interrupt_DRE_bit
                0x0000116c       0x28 hpl/sercom/hpl_sercom.o
 .text.hri_sercomusart_get_interrupt_TXC_bit
                0x00001194       0x2a hpl/sercom/hpl_sercom.o
 .text.hri_sercomusart_get_interrupt_RXC_bit
                0x000011be       0x2a hpl/sercom/hpl_sercom.o
 .text.hri_sercomusart_set_CTRLA_ENABLE_bit
                0x000011e8       0x28 hpl/sercom/hpl_sercom.o
 .text.hri_sercomusart_clear_CTRLA_ENABLE_bit
                0x00001210       0x28 hpl/sercom/hpl_sercom.o
 .text.hri_sercomusart_get_CTRLA_reg
                0x00001238       0x30 hpl/sercom/hpl_sercom.o
 .text.hri_sercomusart_write_CTRLA_reg
                0x00001268       0x24 hpl/sercom/hpl_sercom.o
 .text.hri_sercomusart_write_CTRLB_reg
                0x0000128c       0x24 hpl/sercom/hpl_sercom.o
 .text.hri_sercomusart_write_CTRLC_reg
                0x000012b0       0x1c hpl/sercom/hpl_sercom.o
 .text.hri_sercomusart_write_BAUD_reg
                0x000012cc       0x1e hpl/sercom/hpl_sercom.o
 .text.hri_sercomusart_write_RXPL_reg
                0x000012ea       0x1e hpl/sercom/hpl_sercom.o
 .text.hri_sercomusart_write_DATA_reg
                0x00001308       0x1c hpl/sercom/hpl_sercom.o
 .text.hri_sercomusart_read_DATA_reg
                0x00001324       0x18 hpl/sercom/hpl_sercom.o
 .text.hri_sercomusart_write_DBGCTRL_reg
                0x0000133c       0x20 hpl/sercom/hpl_sercom.o
 .text._usart_sync_init
                0x0000135c       0x44 hpl/sercom/hpl_sercom.o
                0x0000135c                _usart_sync_init
 .text._usart_sync_enable
                0x000013a0       0x20 hpl/sercom/hpl_sercom.o
                0x000013a0                _usart_sync_enable
 .text._usart_sync_write_byte
                0x000013c0       0x28 hpl/sercom/hpl_sercom.o
                0x000013c0                _usart_sync_write_byte
 .text._usart_sync_read_byte
                0x000013e8       0x24 hpl/sercom/hpl_sercom.o
                0x000013e8                _usart_sync_read_byte
 .text._usart_sync_is_ready_to_send
                0x0000140c       0x20 hpl/sercom/hpl_sercom.o
                0x0000140c                _usart_sync_is_ready_to_send
 .text._usart_sync_is_transmit_done
                0x0000142c       0x20 hpl/sercom/hpl_sercom.o
                0x0000142c                _usart_sync_is_transmit_done
 .text._usart_sync_is_byte_received
                0x0000144c       0x20 hpl/sercom/hpl_sercom.o
                0x0000144c                _usart_sync_is_byte_received
 .text._sercom_get_hardware_index
                0x0000146c       0x5c hpl/sercom/hpl_sercom.o
 .text._get_sercom_index
                0x000014c8       0x64 hpl/sercom/hpl_sercom.o
 .text._usart_init
                0x0000152c      0x1c0 hpl/sercom/hpl_sercom.o
 .text.hri_tcc_wait_for_sync
                0x000016ec       0x24 hpl/tcc/tcc_lite.o
 .text.hri_tcc_is_syncing
                0x00001710       0x28 hpl/tcc/tcc_lite.o
 .text.hri_tcc_write_CTRLA_ENABLE_bit
                0x00001738       0x40 hpl/tcc/tcc_lite.o
 .text.hri_tcc_clear_CTRLA_ENABLE_bit
                0x00001778       0x28 hpl/tcc/tcc_lite.o
 .text.hri_tcc_get_CTRLA_reg
                0x000017a0       0x30 hpl/tcc/tcc_lite.o
 .text.hri_tcc_write_CTRLA_reg
                0x000017d0       0x24 hpl/tcc/tcc_lite.o
 .text.hri_tcc_write_WAVE_reg
                0x000017f4       0x28 hpl/tcc/tcc_lite.o
 .text.PWM_0_init
                0x0000181c       0x84 hpl/tcc/tcc_lite.o
                0x0000181c                PWM_0_init
 .text.main     0x000018a0       0x70 main.o
                0x000018a0                main
 .text.hri_tcc_wait_for_sync
                0x00001910       0x24 pwm.o
 .text.hri_tcc_clear_INTFLAG_reg
                0x00001934       0x1c pwm.o
 .text.hri_tcc_write_PER_reg
                0x00001950       0x24 pwm.o
 .text.hri_tcc_write_CC_reg
                0x00001974       0x34 pwm.o
 .text.tcc_set_compare_value
                0x000019a8       0x40 pwm.o
                0x000019a8                tcc_set_compare_value
 .text.tcc_set_period_value
                0x000019e8       0x2c pwm.o
                0x000019e8                tcc_set_period_value
 .text.TCC0_1_Handler
                0x00001a14       0x28 pwm.o
                0x00001a14                TCC0_1_Handler
 .text.set_duty
                0x00001a3c      0x23c set_duty.o
                0x00001a3c                set_duty
 .text          0x00001c78      0x370 c:/program files (x86)/atmel/studio/7.0/toolchain/arm/arm-gnu-toolchain/bin/../lib/gcc/arm-none-eabi/6.3.1/thumb/v7e-m\libgcc.a(_arm_addsubdf3.o)
                0x00001c78                __aeabi_drsub
                0x00001c80                __aeabi_dsub
                0x00001c80                __subdf3
                0x00001c84                __aeabi_dadd
                0x00001c84                __adddf3
                0x00001efc                __floatunsidf
                0x00001efc                __aeabi_ui2d
                0x00001f1c                __floatsidf
                0x00001f1c                __aeabi_i2d
                0x00001f40                __aeabi_f2d
                0x00001f40                __extendsfdf2
                0x00001f7c                __floatundidf
                0x00001f7c                __aeabi_ul2d
                0x00001f8c                __floatdidf
                0x00001f8c                __aeabi_l2d
 .text          0x00001fe8      0x110 c:/program files (x86)/atmel/studio/7.0/toolchain/arm/arm-gnu-toolchain/bin/../lib/gcc/arm-none-eabi/6.3.1/thumb/v7e-m\libgcc.a(_arm_cmpdf2.o)
                0x00001fe8                __gtdf2
                0x00001fe8                __gedf2
                0x00001ff0                __ltdf2
                0x00001ff0                __ledf2
                0x00001ff8                __nedf2
                0x00001ff8                __eqdf2
                0x00001ff8                __cmpdf2
                0x00002074                __aeabi_cdrcmple
                0x00002084                __aeabi_cdcmpeq
                0x00002084                __aeabi_cdcmple
                0x00002094                __aeabi_dcmpeq
                0x000020a8                __aeabi_dcmplt
                0x000020bc                __aeabi_dcmple
                0x000020d0                __aeabi_dcmpge
                0x000020e4                __aeabi_dcmpgt
 .text.__libc_init_array
                0x000020f8       0x48 c:/program files (x86)/atmel/studio/7.0/toolchain/arm/arm-gnu-toolchain/bin/../lib/gcc/arm-none-eabi/6.3.1/../../../../arm-none-eabi/lib/thumb/v7e-m\libc_nano.a(lib_a-init.o)
                0x000020f8                __libc_init_array
 *(.glue_7t)
 .glue_7t       0x00002140        0x0 linker stubs
 *(.glue_7)
 .glue_7        0x00002140        0x0 linker stubs
 *(.rodata .rodata* .gnu.linkonce.r.*)
 .rodata        0x00002140       0x1c driver_init.o
 .rodata        0x0000215c       0x1c hal/src/hal_usart_sync.o
 .rodata        0x00002178       0x4d hpl/sercom/hpl_sercom.o
 *(.ARM.extab* .gnu.linkonce.armextab.*)
                0x000021c8                . = ALIGN (0x4)
 *fill*         0x000021c5        0x3 
 *(.init)
 .init          0x000021c8        0x4 c:/program files (x86)/atmel/studio/7.0/toolchain/arm/arm-gnu-toolchain/bin/../lib/gcc/arm-none-eabi/6.3.1/thumb/v7e-m/crti.o
                0x000021c8                _init
 .init          0x000021cc        0x8 c:/program files (x86)/atmel/studio/7.0/toolchain/arm/arm-gnu-toolchain/bin/../lib/gcc/arm-none-eabi/6.3.1/thumb/v7e-m/crtn.o
                0x000021d4                . = ALIGN (0x4)
                0x000021d4                __preinit_array_start = .
 *(.preinit_array)
                0x000021d4                __preinit_array_end = .
                0x000021d4                . = ALIGN (0x4)
                0x000021d4                __init_array_start = .
 *(SORT(.init_array.*))
 *(.init_array)
 .init_array    0x000021d4        0x4 c:/program files (x86)/atmel/studio/7.0/toolchain/arm/arm-gnu-toolchain/bin/../lib/gcc/arm-none-eabi/6.3.1/thumb/v7e-m/crtbegin.o
                0x000021d8                __init_array_end = .
                0x000021d8                . = ALIGN (0x4)
 *crtbegin.o(.ctors)
 *(EXCLUDE_FILE(*crtend.o) .ctors)
 *(SORT(.ctors.*))
 *crtend.o(.ctors)
                0x000021d8                . = ALIGN (0x4)
 *(.fini)
 .fini          0x000021d8        0x4 c:/program files (x86)/atmel/studio/7.0/toolchain/arm/arm-gnu-toolchain/bin/../lib/gcc/arm-none-eabi/6.3.1/thumb/v7e-m/crti.o
                0x000021d8                _fini
 .fini          0x000021dc        0x8 c:/program files (x86)/atmel/studio/7.0/toolchain/arm/arm-gnu-toolchain/bin/../lib/gcc/arm-none-eabi/6.3.1/thumb/v7e-m/crtn.o
                0x000021e4                . = ALIGN (0x4)
                0x000021e4                __fini_array_start = .
 *(.fini_array)
 .fini_array    0x000021e4        0x4 c:/program files (x86)/atmel/studio/7.0/toolchain/arm/arm-gnu-toolchain/bin/../lib/gcc/arm-none-eabi/6.3.1/thumb/v7e-m/crtbegin.o
 *(SORT(.fini_array.*))
                0x000021e8                __fini_array_end = .
 *crtbegin.o(.dtors)
 *(EXCLUDE_FILE(*crtend.o) .dtors)
 *(SORT(.dtors.*))
 *crtend.o(.dtors)
                0x000021e8                . = ALIGN (0x4)
                0x000021e8                _efixed = .
                [!provide]                PROVIDE (__exidx_start, .)

.vfp11_veneer   0x000021e8        0x0
 .vfp11_veneer  0x000021e8        0x0 linker stubs

.v4_bx          0x000021e8        0x0
 .v4_bx         0x000021e8        0x0 linker stubs

.iplt           0x000021e8        0x0
 .iplt          0x000021e8        0x0 c:/program files (x86)/atmel/studio/7.0/toolchain/arm/arm-gnu-toolchain/bin/../lib/gcc/arm-none-eabi/6.3.1/thumb/v7e-m/crtbegin.o

.eh_frame       0x000021e8        0x0
 .eh_frame      0x000021e8        0x0 c:/program files (x86)/atmel/studio/7.0/toolchain/arm/arm-gnu-toolchain/bin/../lib/gcc/arm-none-eabi/6.3.1/thumb/v7e-m/crtbegin.o

.rel.dyn        0x000021e8        0x0
 .rel.iplt      0x000021e8        0x0 c:/program files (x86)/atmel/studio/7.0/toolchain/arm/arm-gnu-toolchain/bin/../lib/gcc/arm-none-eabi/6.3.1/thumb/v7e-m/crtbegin.o

.jcr            0x000021e8        0x0
 .jcr           0x000021e8        0x0 c:/program files (x86)/atmel/studio/7.0/toolchain/arm/arm-gnu-toolchain/bin/../lib/gcc/arm-none-eabi/6.3.1/thumb/v7e-m/crtbegin.o

.igot.plt       0x000021e8        0x0
 .igot.plt      0x000021e8        0x0 c:/program files (x86)/atmel/studio/7.0/toolchain/arm/arm-gnu-toolchain/bin/../lib/gcc/arm-none-eabi/6.3.1/thumb/v7e-m/crtbegin.o

.ARM.exidx
 *(.ARM.exidx* .gnu.linkonce.armexidx.*)
                [!provide]                PROVIDE (__exidx_end, .)
                0x000021e8                . = ALIGN (0x4)
                0x000021e8                _etext = .

.relocate       0x20000000       0x18 load address 0x000021e8
                0x20000000                . = ALIGN (0x4)
                0x20000000                _srelocate = .
 *(.ramfunc .ramfunc.*)
 *(.data .data.*)
 .data          0x20000000       0x18 hpl/sercom/hpl_sercom.o
                0x20000018                . = ALIGN (0x4)
                0x20000018                _erelocate = .

.bkupram        0x47000000        0x0
                0x47000000                . = ALIGN (0x8)
                0x47000000                _sbkupram = .
 *(.bkupram .bkupram.*)
                0x47000000                . = ALIGN (0x8)
                0x47000000                _ebkupram = .

.qspi           0x04000000        0x0
                0x04000000                . = ALIGN (0x8)
                0x04000000                _sqspi = .
 *(.qspi .qspi.*)
                0x04000000                . = ALIGN (0x8)
                0x04000000                _eqspi = .

.bss            0x20000018       0x64 load address 0x00002200
                0x20000018                . = ALIGN (0x4)
                0x20000018                _sbss = .
                0x20000018                _szero = .
 *(.bss .bss.*)
 .bss           0x20000018       0x1c c:/program files (x86)/atmel/studio/7.0/toolchain/arm/arm-gnu-toolchain/bin/../lib/gcc/arm-none-eabi/6.3.1/thumb/v7e-m/crtbegin.o
 *fill*         0x20000034        0x4 
 .bss           0x20000038       0x10 main.o
 .bss           0x20000048       0x10 set_duty.o
 *(COMMON)
 COMMON         0x20000058        0xc driver_init.o
                0x20000058                EDBG_UART
 COMMON         0x20000064       0x10 hpl/ramecc/hpl_ramecc.o
                0x20000064                device
 COMMON         0x20000074        0x4 main.o
                0x20000074                io_UART
 COMMON         0x20000078        0x4 pwm.o
                0x20000078                tcc_cb
                0x2000007c                . = ALIGN (0x4)
                0x2000007c                _ebss = .
                0x2000007c                _ezero = .

.stack          0x2000007c    0x10004 load address 0x00002264
                0x20000080                . = ALIGN (0x8)
 *fill*         0x2000007c        0x4 
                0x20000080                _sstack = .
                0x20010080                . = (. + STACK_SIZE)
 *fill*         0x20000080    0x10000 
                0x20010080                . = ALIGN (0x8)
                0x20010080                _estack = .
                0x20010080                . = ALIGN (0x4)
                0x20010080                _end = .
OUTPUT(Brushed DC motor.elf elf32-littlearm)

.ARM.attributes
                0x00000000       0x2e
 .ARM.attributes
                0x00000000       0x1e c:/program files (x86)/atmel/studio/7.0/toolchain/arm/arm-gnu-toolchain/bin/../lib/gcc/arm-none-eabi/6.3.1/thumb/v7e-m/crti.o
 .ARM.attributes
                0x0000001e       0x2e c:/program files (x86)/atmel/studio/7.0/toolchain/arm/arm-gnu-toolchain/bin/../lib/gcc/arm-none-eabi/6.3.1/thumb/v7e-m/crtbegin.o
 .ARM.attributes
                0x0000004c       0x37 atmel_start.o
 .ARM.attributes
                0x00000083       0x37 Device_Startup/startup_same54.o
 .ARM.attributes
                0x000000ba       0x37 driver_init.o
 .ARM.attributes
                0x000000f1       0x37 hal/src/hal_usart_sync.o
 .ARM.attributes
                0x00000128       0x37 hal/utils/src/utils_assert.o
 .ARM.attributes
                0x0000015f       0x37 hpl/core/hpl_init.o
 .ARM.attributes
                0x00000196       0x37 hpl/gclk/hpl_gclk.o
 .ARM.attributes
                0x000001cd       0x37 hpl/mclk/hpl_mclk.o
 .ARM.attributes
                0x00000204       0x37 hpl/osc32kctrl/hpl_osc32kctrl.o
 .ARM.attributes
                0x0000023b       0x37 hpl/oscctrl/hpl_oscctrl.o
 .ARM.attributes
                0x00000272       0x37 hpl/ramecc/hpl_ramecc.o
 .ARM.attributes
                0x000002a9       0x37 hpl/sercom/hpl_sercom.o
 .ARM.attributes
                0x000002e0       0x37 hpl/tcc/tcc_lite.o
 .ARM.attributes
                0x00000317       0x37 main.o
 .ARM.attributes
                0x0000034e       0x37 pwm.o
 .ARM.attributes
                0x00000385       0x37 set_duty.o
 .ARM.attributes
                0x000003bc       0x1e c:/program files (x86)/atmel/studio/7.0/toolchain/arm/arm-gnu-toolchain/bin/../lib/gcc/arm-none-eabi/6.3.1/thumb/v7e-m\libgcc.a(_arm_addsubdf3.o)
 .ARM.attributes
                0x000003da       0x1e c:/program files (x86)/atmel/studio/7.0/toolchain/arm/arm-gnu-toolchain/bin/../lib/gcc/arm-none-eabi/6.3.1/thumb/v7e-m\libgcc.a(_arm_cmpdf2.o)
 .ARM.attributes
                0x000003f8       0x2e c:/program files (x86)/atmel/studio/7.0/toolchain/arm/arm-gnu-toolchain/bin/../lib/gcc/arm-none-eabi/6.3.1/../../../../arm-none-eabi/lib/thumb/v7e-m\libc_nano.a(lib_a-init.o)
 .ARM.attributes
                0x00000426       0x1e c:/program files (x86)/atmel/studio/7.0/toolchain/arm/arm-gnu-toolchain/bin/../lib/gcc/arm-none-eabi/6.3.1/thumb/v7e-m/crtn.o

.comment        0x00000000       0x59
 .comment       0x00000000       0x59 atmel_start.o
                                 0x5a (size before relaxing)
 .comment       0x00000059       0x5a Device_Startup/startup_same54.o
 .comment       0x00000059       0x5a driver_init.o
 .comment       0x00000059       0x5a hal/src/hal_usart_sync.o
 .comment       0x00000059       0x5a hal/utils/src/utils_assert.o
 .comment       0x00000059       0x5a hpl/core/hpl_init.o
 .comment       0x00000059       0x5a hpl/gclk/hpl_gclk.o
 .comment       0x00000059       0x5a hpl/mclk/hpl_mclk.o
 .comment       0x00000059       0x5a hpl/osc32kctrl/hpl_osc32kctrl.o
 .comment       0x00000059       0x5a hpl/oscctrl/hpl_oscctrl.o
 .comment       0x00000059       0x5a hpl/ramecc/hpl_ramecc.o
 .comment       0x00000059       0x5a hpl/sercom/hpl_sercom.o
 .comment       0x00000059       0x5a hpl/tcc/tcc_lite.o
 .comment       0x00000059       0x5a main.o
 .comment       0x00000059       0x5a pwm.o
 .comment       0x00000059       0x5a set_duty.o

.debug_info     0x00000000    0x19706
 .debug_info    0x00000000      0x21f atmel_start.o
 .debug_info    0x0000021f      0xd7c Device_Startup/startup_same54.o
 .debug_info    0x00000f9b     0x40f4 driver_init.o
 .debug_info    0x0000508f      0x9c8 hal/src/hal_usart_sync.o
 .debug_info    0x00005a57      0x134 hal/utils/src/utils_assert.o
 .debug_info    0x00005b8b      0xbbb hpl/core/hpl_init.o
 .debug_info    0x00006746      0x595 hpl/gclk/hpl_gclk.o
 .debug_info    0x00006cdb      0xa4e hpl/mclk/hpl_mclk.o
 .debug_info    0x00007729      0x6ee hpl/osc32kctrl/hpl_osc32kctrl.o
 .debug_info    0x00007e17     0x10fe hpl/oscctrl/hpl_oscctrl.o
 .debug_info    0x00008f15      0xbd9 hpl/ramecc/hpl_ramecc.o
 .debug_info    0x00009aee     0x8990 hpl/sercom/hpl_sercom.o
 .debug_info    0x0001247e     0x220e hpl/tcc/tcc_lite.o
 .debug_info    0x0001468c     0x2167 main.o
 .debug_info    0x000167f3     0x2ccf pwm.o
 .debug_info    0x000194c2      0x244 set_duty.o

.debug_abbrev   0x00000000     0x1e80
 .debug_abbrev  0x00000000       0xf2 atmel_start.o
 .debug_abbrev  0x000000f2      0x171 Device_Startup/startup_same54.o
 .debug_abbrev  0x00000263      0x2b0 driver_init.o
 .debug_abbrev  0x00000513      0x216 hal/src/hal_usart_sync.o
 .debug_abbrev  0x00000729       0x9e hal/utils/src/utils_assert.o
 .debug_abbrev  0x000007c7      0x1b7 hpl/core/hpl_init.o
 .debug_abbrev  0x0000097e      0x186 hpl/gclk/hpl_gclk.o
 .debug_abbrev  0x00000b04      0x1bb hpl/mclk/hpl_mclk.o
 .debug_abbrev  0x00000cbf      0x1e7 hpl/osc32kctrl/hpl_osc32kctrl.o
 .debug_abbrev  0x00000ea6      0x1c0 hpl/oscctrl/hpl_oscctrl.o
 .debug_abbrev  0x00001066      0x28f hpl/ramecc/hpl_ramecc.o
 .debug_abbrev  0x000012f5      0x3e2 hpl/sercom/hpl_sercom.o
 .debug_abbrev  0x000016d7      0x236 hpl/tcc/tcc_lite.o
 .debug_abbrev  0x0000190d      0x20d main.o
 .debug_abbrev  0x00001b1a      0x271 pwm.o
 .debug_abbrev  0x00001d8b       0xf5 set_duty.o

.debug_loc      0x00000000     0x888e
 .debug_loc     0x00000000       0x2c atmel_start.o
 .debug_loc     0x0000002c       0x64 Device_Startup/startup_same54.o
 .debug_loc     0x00000090      0x860 driver_init.o
 .debug_loc     0x000008f0      0x594 hal/src/hal_usart_sync.o
 .debug_loc     0x00000e84       0x5c hal/utils/src/utils_assert.o
 .debug_loc     0x00000ee0       0x88 hpl/core/hpl_init.o
 .debug_loc     0x00000f68      0x128 hpl/gclk/hpl_gclk.o
 .debug_loc     0x00001090       0xac hpl/mclk/hpl_mclk.o
 .debug_loc     0x0000113c      0x164 hpl/osc32kctrl/hpl_osc32kctrl.o
 .debug_loc     0x000012a0      0x164 hpl/oscctrl/hpl_oscctrl.o
 .debug_loc     0x00001404      0x3ac hpl/ramecc/hpl_ramecc.o
 .debug_loc     0x000017b0     0x5e8e hpl/sercom/hpl_sercom.o
 .debug_loc     0x0000763e      0x274 hpl/tcc/tcc_lite.o
 .debug_loc     0x000078b2       0x2c main.o
 .debug_loc     0x000078de      0xf60 pwm.o
 .debug_loc     0x0000883e       0x50 set_duty.o

.debug_aranges  0x00000000      0xed0
 .debug_aranges
                0x00000000       0x20 atmel_start.o
 .debug_aranges
                0x00000020       0x28 Device_Startup/startup_same54.o
 .debug_aranges
                0x00000048       0xf8 driver_init.o
 .debug_aranges
                0x00000140       0xa8 hal/src/hal_usart_sync.o
 .debug_aranges
                0x000001e8       0x20 hal/utils/src/utils_assert.o
 .debug_aranges
                0x00000208       0x28 hpl/core/hpl_init.o
 .debug_aranges
                0x00000230       0x38 hpl/gclk/hpl_gclk.o
 .debug_aranges
                0x00000268       0x28 hpl/mclk/hpl_mclk.o
 .debug_aranges
                0x00000290       0x38 hpl/osc32kctrl/hpl_osc32kctrl.o
 .debug_aranges
                0x000002c8       0x38 hpl/oscctrl/hpl_oscctrl.o
 .debug_aranges
                0x00000300       0x70 hpl/ramecc/hpl_ramecc.o
 .debug_aranges
                0x00000370      0x930 hpl/sercom/hpl_sercom.o
 .debug_aranges
                0x00000ca0       0x58 hpl/tcc/tcc_lite.o
 .debug_aranges
                0x00000cf8       0x20 main.o
 .debug_aranges
                0x00000d18      0x198 pwm.o
 .debug_aranges
                0x00000eb0       0x20 set_duty.o

.debug_ranges   0x00000000      0xdd0
 .debug_ranges  0x00000000       0x10 atmel_start.o
 .debug_ranges  0x00000010       0x18 Device_Startup/startup_same54.o
 .debug_ranges  0x00000028       0xe8 driver_init.o
 .debug_ranges  0x00000110       0x98 hal/src/hal_usart_sync.o
 .debug_ranges  0x000001a8       0x10 hal/utils/src/utils_assert.o
 .debug_ranges  0x000001b8       0x18 hpl/core/hpl_init.o
 .debug_ranges  0x000001d0       0x28 hpl/gclk/hpl_gclk.o
 .debug_ranges  0x000001f8       0x18 hpl/mclk/hpl_mclk.o
 .debug_ranges  0x00000210       0x28 hpl/osc32kctrl/hpl_osc32kctrl.o
 .debug_ranges  0x00000238       0x28 hpl/oscctrl/hpl_oscctrl.o
 .debug_ranges  0x00000260       0x60 hpl/ramecc/hpl_ramecc.o
 .debug_ranges  0x000002c0      0x920 hpl/sercom/hpl_sercom.o
 .debug_ranges  0x00000be0       0x48 hpl/tcc/tcc_lite.o
 .debug_ranges  0x00000c28       0x10 main.o
 .debug_ranges  0x00000c38      0x188 pwm.o
 .debug_ranges  0x00000dc0       0x10 set_duty.o

.debug_macro    0x00000000    0x301e0
 .debug_macro   0x00000000      0x767 atmel_start.o
 .debug_macro   0x00000767      0x8b0 atmel_start.o
 .debug_macro   0x00001017      0x16d atmel_start.o
 .debug_macro   0x00001184       0x22 atmel_start.o
 .debug_macro   0x000011a6       0x87 atmel_start.o
 .debug_macro   0x0000122d       0x51 atmel_start.o
 .debug_macro   0x0000127e       0xef atmel_start.o
 .debug_macro   0x0000136d       0x6a atmel_start.o
 .debug_macro   0x000013d7      0x1df atmel_start.o
 .debug_macro   0x000015b6       0x22 atmel_start.o
 .debug_macro   0x000015d8       0x54 atmel_start.o
 .debug_macro   0x0000162c       0x1c atmel_start.o
 .debug_macro   0x00001648       0x22 atmel_start.o
 .debug_macro   0x0000166a       0xdf atmel_start.o
 .debug_macro   0x00001749     0x102d atmel_start.o
 .debug_macro   0x00002776      0x11f atmel_start.o
 .debug_macro   0x00002895      0x706 atmel_start.o
 .debug_macro   0x00002f9b      0xb5b atmel_start.o
 .debug_macro   0x00003af6      0x3c0 atmel_start.o
 .debug_macro   0x00003eb6     0x2d61 atmel_start.o
 .debug_macro   0x00006c17      0x336 atmel_start.o
 .debug_macro   0x00006f4d      0x3b7 atmel_start.o
 .debug_macro   0x00007304      0x668 atmel_start.o
 .debug_macro   0x0000796c     0x143f atmel_start.o
 .debug_macro   0x00008dab      0x651 atmel_start.o
 .debug_macro   0x000093fc      0x67b atmel_start.o
 .debug_macro   0x00009a77      0x6d7 atmel_start.o
 .debug_macro   0x0000a14e      0x172 atmel_start.o
 .debug_macro   0x0000a2c0      0x395 atmel_start.o
 .debug_macro   0x0000a655     0x19dd atmel_start.o
 .debug_macro   0x0000c032       0x3a atmel_start.o
 .debug_macro   0x0000c06c      0x72a atmel_start.o
 .debug_macro   0x0000c796      0xb12 atmel_start.o
 .debug_macro   0x0000d2a8      0x5d7 atmel_start.o
 .debug_macro   0x0000d87f      0xbc0 atmel_start.o
 .debug_macro   0x0000e43f      0x9b9 atmel_start.o
 .debug_macro   0x0000edf8      0x2a3 atmel_start.o
 .debug_macro   0x0000f09b      0x8cb atmel_start.o
 .debug_macro   0x0000f966      0x1ea atmel_start.o
 .debug_macro   0x0000fb50      0x8f4 atmel_start.o
 .debug_macro   0x00010444      0x216 atmel_start.o
 .debug_macro   0x0001065a      0x3f9 atmel_start.o
 .debug_macro   0x00010a53      0x620 atmel_start.o
 .debug_macro   0x00011073      0x10d atmel_start.o
 .debug_macro   0x00011180       0xb8 atmel_start.o
 .debug_macro   0x00011238     0x1df7 atmel_start.o
 .debug_macro   0x0001302f     0x2e69 atmel_start.o
 .debug_macro   0x00015e98     0x11ed atmel_start.o
 .debug_macro   0x00017085      0x50e atmel_start.o
 .debug_macro   0x00017593      0x930 atmel_start.o
 .debug_macro   0x00017ec3     0x1ad8 atmel_start.o
 .debug_macro   0x0001999b       0xe7 atmel_start.o
 .debug_macro   0x00019a82     0x13e6 atmel_start.o
 .debug_macro   0x0001ae68      0x36a atmel_start.o
 .debug_macro   0x0001b1d2       0x94 atmel_start.o
 .debug_macro   0x0001b266       0xdc atmel_start.o
 .debug_macro   0x0001b342       0xe2 atmel_start.o
 .debug_macro   0x0001b424       0xdc atmel_start.o
 .debug_macro   0x0001b500      0x149 atmel_start.o
 .debug_macro   0x0001b649      0x149 atmel_start.o
 .debug_macro   0x0001b792       0x46 atmel_start.o
 .debug_macro   0x0001b7d8       0x4c atmel_start.o
 .debug_macro   0x0001b824       0xc4 atmel_start.o
 .debug_macro   0x0001b8e8      0x7d5 atmel_start.o
 .debug_macro   0x0001c0bd       0xb8 atmel_start.o
 .debug_macro   0x0001c175       0x7c atmel_start.o
 .debug_macro   0x0001c1f1      0xc20 atmel_start.o
 .debug_macro   0x0001ce11       0x46 atmel_start.o
 .debug_macro   0x0001ce57      0x25b atmel_start.o
 .debug_macro   0x0001d0b2      0x31a atmel_start.o
 .debug_macro   0x0001d3cc      0x170 atmel_start.o
 .debug_macro   0x0001d53c       0x7c atmel_start.o
 .debug_macro   0x0001d5b8       0xbe atmel_start.o
 .debug_macro   0x0001d676       0x4c atmel_start.o
 .debug_macro   0x0001d6c2       0x82 atmel_start.o
 .debug_macro   0x0001d744      0x1a3 atmel_start.o
 .debug_macro   0x0001d8e7       0x46 atmel_start.o
 .debug_macro   0x0001d92d       0x6a atmel_start.o
 .debug_macro   0x0001d997       0x46 atmel_start.o
 .debug_macro   0x0001d9dd       0x88 atmel_start.o
 .debug_macro   0x0001da65       0x46 atmel_start.o
 .debug_macro   0x0001daab      0x24e atmel_start.o
 .debug_macro   0x0001dcf9       0x1c atmel_start.o
 .debug_macro   0x0001dd15       0x76 atmel_start.o
 .debug_macro   0x0001dd8b       0x3a atmel_start.o
 .debug_macro   0x0001ddc5       0x2e atmel_start.o
 .debug_macro   0x0001ddf3      0x196 atmel_start.o
 .debug_macro   0x0001df89      0x16f atmel_start.o
 .debug_macro   0x0001e0f8      0x16f atmel_start.o
 .debug_macro   0x0001e267      0x25d atmel_start.o
 .debug_macro   0x0001e4c4      0x25d atmel_start.o
 .debug_macro   0x0001e721      0x25d atmel_start.o
 .debug_macro   0x0001e97e      0x25d atmel_start.o
 .debug_macro   0x0001ebdb      0x25d atmel_start.o
 .debug_macro   0x0001ee38      0x25d atmel_start.o
 .debug_macro   0x0001f095      0x25d atmel_start.o
 .debug_macro   0x0001f2f2      0x25d atmel_start.o
 .debug_macro   0x0001f54f       0x52 atmel_start.o
 .debug_macro   0x0001f5a1       0xfa atmel_start.o
 .debug_macro   0x0001f69b       0xfa atmel_start.o
 .debug_macro   0x0001f795       0xfa atmel_start.o
 .debug_macro   0x0001f88f       0xfa atmel_start.o
 .debug_macro   0x0001f989       0xfa atmel_start.o
 .debug_macro   0x0001fa83       0xfa atmel_start.o
 .debug_macro   0x0001fb7d       0xfa atmel_start.o
 .debug_macro   0x0001fc77       0xfa atmel_start.o
 .debug_macro   0x0001fd71      0x148 atmel_start.o
 .debug_macro   0x0001feb9      0x124 atmel_start.o
 .debug_macro   0x0001ffdd      0x106 atmel_start.o
 .debug_macro   0x000200e3       0xee atmel_start.o
 .debug_macro   0x000201d1       0xee atmel_start.o
 .debug_macro   0x000202bf       0x2e atmel_start.o
 .debug_macro   0x000202ed      0x46a atmel_start.o
 .debug_macro   0x00020757       0x3a atmel_start.o
 .debug_macro   0x00020791      0x59f atmel_start.o
 .debug_macro   0x00020d30     0x4ff3 atmel_start.o
 .debug_macro   0x00025d23       0xcf atmel_start.o
 .debug_macro   0x00025df2       0x10 atmel_start.o
 .debug_macro   0x00025e02       0x10 atmel_start.o
 .debug_macro   0x00025e12       0x16 atmel_start.o
 .debug_macro   0x00025e28       0x16 atmel_start.o
 .debug_macro   0x00025e3e       0x16 atmel_start.o
 .debug_macro   0x00025e54       0x16 atmel_start.o
 .debug_macro   0x00025e6a       0x16 atmel_start.o
 .debug_macro   0x00025e80       0x16 atmel_start.o
 .debug_macro   0x00025e96       0x40 atmel_start.o
 .debug_macro   0x00025ed6       0x16 atmel_start.o
 .debug_macro   0x00025eec       0x16 atmel_start.o
 .debug_macro   0x00025f02       0x16 atmel_start.o
 .debug_macro   0x00025f18       0x16 atmel_start.o
 .debug_macro   0x00025f2e       0x16 atmel_start.o
 .debug_macro   0x00025f44       0x16 atmel_start.o
 .debug_macro   0x00025f5a       0x16 atmel_start.o
 .debug_macro   0x00025f70       0x16 atmel_start.o
 .debug_macro   0x00025f86       0x16 atmel_start.o
 .debug_macro   0x00025f9c       0x16 atmel_start.o
 .debug_macro   0x00025fb2       0x16 atmel_start.o
 .debug_macro   0x00025fc8       0x16 atmel_start.o
 .debug_macro   0x00025fde       0x16 atmel_start.o
 .debug_macro   0x00025ff4       0x16 atmel_start.o
 .debug_macro   0x0002600a       0x16 atmel_start.o
 .debug_macro   0x00026020       0x16 atmel_start.o
 .debug_macro   0x00026036       0x16 atmel_start.o
 .debug_macro   0x0002604c       0x16 atmel_start.o
 .debug_macro   0x00026062       0x16 atmel_start.o
 .debug_macro   0x00026078       0x16 atmel_start.o
 .debug_macro   0x0002608e       0x16 atmel_start.o
 .debug_macro   0x000260a4      0xe5c atmel_start.o
 .debug_macro   0x00026f00      0x9b6 atmel_start.o
 .debug_macro   0x000278b6       0x94 atmel_start.o
 .debug_macro   0x0002794a       0x16 atmel_start.o
 .debug_macro   0x00027960       0xbe atmel_start.o
 .debug_macro   0x00027a1e      0x28c atmel_start.o
 .debug_macro   0x00027caa       0x16 atmel_start.o
 .debug_macro   0x00027cc0      0x4d8 atmel_start.o
 .debug_macro   0x00028198       0x16 atmel_start.o
 .debug_macro   0x000281ae       0xca atmel_start.o
 .debug_macro   0x00028278       0x1c atmel_start.o
 .debug_macro   0x00028294       0x16 atmel_start.o
 .debug_macro   0x000282aa      0x185 atmel_start.o
 .debug_macro   0x0002842f       0x9a atmel_start.o
 .debug_macro   0x000284c9      0x4b2 Device_Startup/startup_same54.o
 .debug_macro   0x0002897b       0x4e Device_Startup/startup_same54.o
 .debug_macro   0x000289c9      0x770 driver_init.o
 .debug_macro   0x00029139       0x35 driver_init.o
 .debug_macro   0x0002916e       0xc9 driver_init.o
 .debug_macro   0x00029237      0x6c6 hal/src/hal_usart_sync.o
 .debug_macro   0x000298fd      0x690 hal/utils/src/utils_assert.o
 .debug_macro   0x00029f8d       0x10 hal/utils/src/utils_assert.o
 .debug_macro   0x00029f9d      0x729 hpl/core/hpl_init.o
 .debug_macro   0x0002a6c6       0x2e hpl/core/hpl_init.o
 .debug_macro   0x0002a6f4      0xd7b hpl/core/hpl_init.o
 .debug_macro   0x0002b46f      0x69f hpl/gclk/hpl_gclk.o
 .debug_macro   0x0002bb0e      0x2f0 hpl/gclk/hpl_gclk.o
 .debug_macro   0x0002bdfe      0x69a hpl/mclk/hpl_mclk.o
 .debug_macro   0x0002c498      0x695 hpl/osc32kctrl/hpl_osc32kctrl.o
 .debug_macro   0x0002cb2d       0x80 hpl/osc32kctrl/hpl_osc32kctrl.o
 .debug_macro   0x0002cbad      0x69f hpl/oscctrl/hpl_oscctrl.o
 .debug_macro   0x0002d24c      0x216 hpl/oscctrl/hpl_oscctrl.o
 .debug_macro   0x0002d462      0x6b0 hpl/ramecc/hpl_ramecc.o
 .debug_macro   0x0002db12      0x8e9 hpl/sercom/hpl_sercom.o
 .debug_macro   0x0002e3fb       0x70 hpl/sercom/hpl_sercom.o
 .debug_macro   0x0002e46b       0xe4 hpl/sercom/hpl_sercom.o
 .debug_macro   0x0002e54f       0x10 hpl/sercom/hpl_sercom.o
 .debug_macro   0x0002e55f       0x1c hpl/sercom/hpl_sercom.o
 .debug_macro   0x0002e57b       0x22 hpl/sercom/hpl_sercom.o
 .debug_macro   0x0002e59d       0x10 hpl/sercom/hpl_sercom.o
 .debug_macro   0x0002e5ad      0x695 hpl/tcc/tcc_lite.o
 .debug_macro   0x0002ec42      0x78c main.o
 .debug_macro   0x0002f3ce      0x6a0 pwm.o
 .debug_macro   0x0002fa6e      0x772 set_duty.o

.debug_line     0x00000000     0xecfd
 .debug_line    0x00000000      0xd0b atmel_start.o
 .debug_line    0x00000d0b      0x8a9 Device_Startup/startup_same54.o
 .debug_line    0x000015b4      0xf85 driver_init.o
 .debug_line    0x00002539      0xe22 hal/src/hal_usart_sync.o
 .debug_line    0x0000335b      0xbbf hal/utils/src/utils_assert.o
 .debug_line    0x00003f1a      0xcda hpl/core/hpl_init.o
 .debug_line    0x00004bf4      0xc2a hpl/gclk/hpl_gclk.o
 .debug_line    0x0000581e      0xbf2 hpl/mclk/hpl_mclk.o
 .debug_line    0x00006410      0xc25 hpl/osc32kctrl/hpl_osc32kctrl.o
 .debug_line    0x00007035      0xc3a hpl/oscctrl/hpl_oscctrl.o
 .debug_line    0x00007c6f      0xcda hpl/ramecc/hpl_ramecc.o
 .debug_line    0x00008949     0x2d2e hpl/sercom/hpl_sercom.o
 .debug_line    0x0000b677      0xc62 hpl/tcc/tcc_lite.o
 .debug_line    0x0000c2d9      0xd4d main.o
 .debug_line    0x0000d026      0xf82 pwm.o
 .debug_line    0x0000dfa8      0xd55 set_duty.o

.debug_str      0x00000000   0x114bf1
 .debug_str     0x00000000   0x107698 atmel_start.o
                             0x107b79 (size before relaxing)
 .debug_str     0x00107698      0xbfb Device_Startup/startup_same54.o
                              0xf0d34 (size before relaxing)
 .debug_str     0x00108293     0x167e driver_init.o
                             0x1092b1 (size before relaxing)
 .debug_str     0x00109911      0x4da hal/src/hal_usart_sync.o
                             0x107222 (size before relaxing)
 .debug_str     0x00109deb       0x2f hal/utils/src/utils_assert.o
                             0x1066f7 (size before relaxing)
 .debug_str     0x00109e1a     0x310e hpl/core/hpl_init.o
                             0x10aa11 (size before relaxing)
 .debug_str     0x0010cf28      0xbf4 hpl/gclk/hpl_gclk.o
                             0x107422 (size before relaxing)
 .debug_str     0x0010db1c       0x47 hpl/mclk/hpl_mclk.o
                             0x106bd4 (size before relaxing)
 .debug_str     0x0010db63      0x466 hpl/osc32kctrl/hpl_osc32kctrl.o
                             0x106b4f (size before relaxing)
 .debug_str     0x0010dfc9      0xab4 hpl/oscctrl/hpl_oscctrl.o
                             0x107d5f (size before relaxing)
 .debug_str     0x0010ea7d      0x9e8 hpl/ramecc/hpl_ramecc.o
                             0x10762d (size before relaxing)
 .debug_str     0x0010f465     0x4a8b hpl/sercom/hpl_sercom.o
                             0x10cc79 (size before relaxing)
 .debug_str     0x00113ef0      0x6e6 hpl/tcc/tcc_lite.o
                             0x106eb5 (size before relaxing)
 .debug_str     0x001145d6       0x76 main.o
                             0x108736 (size before relaxing)
 .debug_str     0x0011464c      0x581 pwm.o
                             0x1073cd (size before relaxing)
 .debug_str     0x00114bcd       0x24 set_duty.o
                             0x107b99 (size before relaxing)

.debug_frame    0x00000000     0x4034
 .debug_frame   0x00000000       0x2c atmel_start.o
 .debug_frame   0x0000002c       0x48 Device_Startup/startup_same54.o
 .debug_frame   0x00000074      0x400 driver_init.o
 .debug_frame   0x00000474      0x298 hal/src/hal_usart_sync.o
 .debug_frame   0x0000070c       0x38 hal/utils/src/utils_assert.o
 .debug_frame   0x00000744       0x54 hpl/core/hpl_init.o
 .debug_frame   0x00000798       0x9c hpl/gclk/hpl_gclk.o
 .debug_frame   0x00000834       0x5c hpl/mclk/hpl_mclk.o
 .debug_frame   0x00000890       0xac hpl/osc32kctrl/hpl_osc32kctrl.o
 .debug_frame   0x0000093c       0xac hpl/oscctrl/hpl_oscctrl.o
 .debug_frame   0x000009e8      0x1b8 hpl/ramecc/hpl_ramecc.o
 .debug_frame   0x00000ba0     0x2a6c hpl/sercom/hpl_sercom.o
 .debug_frame   0x0000360c      0x130 hpl/tcc/tcc_lite.o
 .debug_frame   0x0000373c       0x30 main.o
 .debug_frame   0x0000376c      0x6f4 pwm.o
 .debug_frame   0x00003e60       0x38 set_duty.o
 .debug_frame   0x00003e98       0xac c:/program files (x86)/atmel/studio/7.0/toolchain/arm/arm-gnu-toolchain/bin/../lib/gcc/arm-none-eabi/6.3.1/thumb/v7e-m\libgcc.a(_arm_addsubdf3.o)
 .debug_frame   0x00003f44       0xc4 c:/program files (x86)/atmel/studio/7.0/toolchain/arm/arm-gnu-toolchain/bin/../lib/gcc/arm-none-eabi/6.3.1/thumb/v7e-m\libgcc.a(_arm_cmpdf2.o)
 .debug_frame   0x00004008       0x2c c:/program files (x86)/atmel/studio/7.0/toolchain/arm/arm-gnu-toolchain/bin/../lib/gcc/arm-none-eabi/6.3.1/../../../../arm-none-eabi/lib/thumb/v7e-m\libc_nano.a(lib_a-init.o)
